2023-10-14 12:50:58,755 ERROR TestUniversities - Assertion passed[RO, RO, RO, RO, RO, RO, RO, RO, RO, RO, RO, RO, RO, RO, RO, RO, RO, RO, RO, RO, RO, RO, RO, RO, RO, RO, RO, RO, RO, RO, RO, RO, RO, RO, RO, RO, RO, RO, RO, RO, RO, RO, RO, RO, RO, RO, RO, RO, RO, RO, RO, RO, RO, RO, RO, RO, RO, RO, RO, RO, RO, RO] contains RO
2023-10-14 12:51:03,642 ERROR TestUniversities - response is received
2023-10-14 12:51:03,653 ERROR TestUniversities - Assertion passed[UA, CL, FR, CN, GB, CN, GB, FR, FR, FR, US, IN, CA, US, IN, IN, US, US, US, US, US, IN, US, US, US, US, US, US, US, US, US, US, US, US, US, US, US, US, US, US, US, US, US, US, US, US, US, US, US, US, US, US, US, US, US, US, US, US, US, US, US, US, US, US, US, US, US, US, US, US, US, US, US, IN, US, US, US, US, US, US, US, US, US, US, US, US, US, US, US, US, US, US, US, US, US, US, US, US, US, US, US, US, US, US, US, US, US, US, US, US, US, US, US, US, US, US, US, US, US, US, US, US, US, US, US, US, US, US, US, US, US, US, US, US, US, US, US, US, US, US, US, US, US, US, US, US, US, US, US, US, US, US, US, US, US, US, US, US, US, US, US, US, US, US, US, US, US, US, US, US, US, US, US, US, US, US, US, US, US, US, US, US, US, US, US, US, US, US, US, US, US, US, US, US, US, US, US, US, US, US, US, US, US, US, US, US, US, US, US, US, US, US, US, US, US, US, US, US, US, US, US, US, US, US, US, US, US, US, US, US, US, US, US, US, US, US, US, US, US, US, US, US, US, US, US, US, US, US, US, US, US, US, US, US, US, US, US, US, US, US, US, US, US, US, US, US, US, US, US, US, US, US, US, US, US, US, US, US, US, US, US, US, US, US, US, US, US, US, US, US, US, US, US, US, US, US, US, US, US, US, US, US, US, US, US, US, US, US, US, US, US, US, US, US, US, US, US, US, US, US, US, US, US, US, US, US, US, US, US, US, US, US, US, US, US, US, US, US, US, US, US, US, US, US, US, US, US, US, US, US, US, US, US, US, US, US, US, US, US, US, US, US, US, US, US, US, US, US, US, IN, US, US, US, US, US, US, US, US, US, US, US, US, US, US, US, US, US, US, US, US, US, US, US, US, US, US, US, US, US, US, US, US, US, US, US, US, US, US, US, US, US, US, US, US, US, US, US, US, US, US, US, US, US, US, US, US, US, US, US, US, US, US, US, US, US, US, US, GB, US, US, US, US, US, US, US, US, US, US, US, US, US, US, US, US, US, US, US, US, US, US, US, US, US, US, US, US, US, US, US, US, US, US, US, US, US, US, US, US, US, US, US, US, US, US, US, US, US, US, US, US, US, US, US, US, US, US, US, US, US, US, US, US, US, US, US, US, US, US, US, US, US, US, US, US, US, US, US, US, US, US, US, US, US, US, US, US, US, US, US, US, US, US, US, US, US, US, US, US, US, US, US, US, US, US, US, US, US, US, US, US, US, US, US, CA, US, US, US, US, US, US, US, US, US, US, US, US, US, US, US, US, US, US, US, US, US, US, US, US, US, US, US, US, US, US, US, US, US, US, US, US, US, US, US, US, US, US, US, US, US, US, US, US, US, US, US, US, US, US, US, US, US, US, US, US, US, US, US, US, US, US, US, US, US, US, US, US, US, US, US, US, US, US, US, US, US, US, US, US, US, US, US, US, US, US, US, US, US, US, US, US, US, US, US, US, US, US, US, US, US, US, US, US, US, US, US, US, US, US, US, US, US, US, US, US, US, US, US, US, US, US, US, US, US, US, US, US, US, US, US, US, US, US, US, US, US, US, US, US, US, US, US, US, US, US, US, US, US, US, US, US, US, US, US, US, US, US, US, US, US, US, US, US, US, US, US, US, US, US, US, US, US, US, US, US, US, US, US, US, US, US, US, US, US, US, US, US, US, US, US, US, US, US, US, US, US, US, US, US, US, US, US, US, US, US, US, US, US, US, US, US, US, US, US, US, US, US, US, US, US, US, US, US, US, US, US, US, US, US, US, US, US, US, US, US, US, US, US, US, US, US, US, US, US, US, US, US, US, US, US, US, US, US, US, US, US, US, US, US, US, US, US, US, US, US, US, US, US, US, US, US, US, US, US, US, US, US, US, US, US, US, US, US, US, US, US, US, US, US, US, US, US, US, US, US, US, US, US, US, US, US, US, US, US, US, US, US, US, US, US, US, US, US, US, US, US, US, US, US, US, US, US, US, US, US, US, US, US, US, US, US, US, US, US, US, US, US, US, US, US, US, US, US, US, US, US, US, US, US, US, US, US, US, US, US, US, US, US, US, US, US, US, US, US, US, US, US, US, US, US, US, US, US, US, US, US, US, US, US, US, US, US, US, US, US, US, US, US, US, US, US, US, US, US, US, US, US, US, US, US, US, US, US, US, US, US, US, US, US, US, US, US, US, US, US, US, US, US, US, US, US, US, US, US, US, US, US, US, US, US, US, US, US, US, US, US, US, US, US, US, US, US, US, US, US, US, US, US, US, US, US, US, US, US, US, US, US, US, US, US, US, US, US, US, US, US, US, US, US, US, US, US, US, US, US, US, US, US, US, US, US, US, US, US, US, US, US, US, US, US, US, US, US, US, US, US, US, US, US, US, US, US, US, US, US, US, US, US, US, US, US, US, US, US, US, US, US, US, US, US, US, US, US, US, US, US, US, US, US, US, US, US, US, US, US, US, US, US, US, US, US, US, US, US, US, US, US, US, US, US, US, US, US, US, US, US, US, US, US, US, US, US, US, US, US, US, US, US, US, GB, US, US, US, US, US, US, US, US, US, US, US, US, US, US, US, US, US, US, US, US, US, US, US, US, US, US, US, US, US, US, US, US, US, US, US, US, US, US, US, US, US, US, US, US, US, US, US, US, US, US, US, US, US, US, US, US, US, US, US, US, US, US, US, US, US, US, US, US, US, US, US, US, US, US, US, US, US, US, US, US, US, US, US, US, US, US, US, US, US, US, US, US, US, US, US, US, US, US, US, US, US, US, US, US, US, US, US, US, US, US, US, US, US, US, US, US, US, US, US, US, US, US, US, US, US, US, AF, AF, AF, AF, AF, AF, AF, AF, AF, AF, AF, AF, AF, AF, AF, AF, AF, AF, AF, AF, AF, AF, AF, AF, AF, AF, AF, AF, AF, AF, AF, AF, AF, AF, AF, AF, AF, AF, AF, AF, AL, AL, AL, AL, AL, AL, AL, AL, AL, AL, AL, AL, AL, AL, AL, AL, DZ, DZ, DZ, DZ, DZ, DZ, DZ, DZ, DZ, DZ, DZ, DZ, DZ, DZ, DZ, DZ, DZ, DZ, DZ, DZ, DZ, DZ, DZ, DZ, DZ, DZ, DZ, DZ, DZ, AD, AO, AO, AO, AO, AO, AO, AO, AO, AG, AG, AR, AR, AR, AR, AR, AR, AR, AR, AR, AR, AR, AR, AR, AR, AR, AR, AR, AR, AR, AR, AR, AR, AR, AR, AR, AR, AR, AR, AR, AR, AR, AR, AR, AR, AR, AR, AR, AR, AR, AR, AR, AR, AR, AR, AR, AR, AR, AR, AR, AR, AR, AR, AR, AR, AR, AR, AR, AR, AR, AR, AR, AR, AR, AR, AR, AR, AR, AR, AR, AR, AR, AR, AR, AR, AR, AR, AR, AR, AR, AR, AR, AR, AR, AR, AR, AR, AM, AM, AM, AM, AM, AM, AM, AM, AM, AM, AM, AM, AU, AU, AU, AU, AU, AU, AU, AU, AU, AU, AU, AU, AU, AU, AU, AU, AU, AU, AU, AU, AU, AU, AU, AU, AU, AU, AU, AU, AU, AU, AU, AU, AU, AU, AU, AU, AU, AU, AU, AU, AU, AU, AU, AU, AU, AU, AU, AU, AU, AU, AT, AT, AT, AT, AT, AT, AT, AT, AT, AT, AT, AT, AT, AT, AT, AT, AT, AT, AT, AT, AT, AT, AT, AT, AT, AT, AT, AT, AT, AT, AT, AT, AT, AT, AT, AT, AT, AT, AT, AT, AT, AT, AT, AZ, AZ, AZ, AZ, AZ, AZ, AZ, AZ, AZ, AZ, AZ, AZ, AZ, AZ, AZ, AZ, AZ, AZ, AZ, AZ, AZ, AZ, AZ, AZ, AZ, AZ, AZ, AZ, AZ, AZ, AZ, AZ, BS, BH, BH, BH, BH, BH, BH, BH, BH, BH, BH, BH, BH, BD, BD, BD, BD, BD, BD, BD, BD, BD, BD, BD, BD, BD, BD, BD, BD, BD, BD, BD, BD, BD, BD, BD, BD, BD, BD, BD, BD, BD, BD, BD, BD, BD, BD, BD, BD, BD, BD, BD, BD, BD, BD, BD, BD, BD, BD, BD, BD, BD, BD, BD, BD, BD, BD, BD, BD, BD, BD, BD, BD, BD, BD, BD, BD, BD, BD, BD, BD, BD, BD, BD, BD, BD, BD, BD, BB, BY, BY, BY, BY, BY, BY, BY, BY, BY, BY, BY, BY, BY, BY, BY, BY, BY, BY, BY, BY, BY, BY, BY, BY, BY, BY, BY, BY, BY, BY, BY, BY, BY, BY, BE, BE, BE, BE, BE, BE, BE, BE, BE, BE, BE, BE, BE, BE, BE, BE, BE, BE, BE, BE, BE, BE, BE, BE, BE, BE, BE, BE, BE, BE, BE, BE, BE, BE, BE, BE, BE, BE, BE, BE, BE, BE, BE, BE, BE, BZ, BZ, BZ, BZ, BZ, BJ, BJ, BJ, BM, BT, BO, BO, BO, BO, BO, BO, BO, BO, BO, BO, BO, BO, BO, BO, BO, BO, BO, BO, BO, BO, BO, BO, BO, BO, BO, BO, BO, BO, BO, BO, BO, BA, BA, BA, BA, BA, BA, BA, BA, BA, BA, BA, BA, BA, BA, BA, BW, BW, BW, BW, BW, BW, BW, BW, BR, BR, BR, BR, BR, BR, BR, BR, BR, BR, BR, BR, BR, BR, BR, BR, BR, BR, BR, BR, BR, BR, BR, BR, BR, BR, BR, BR, BR, BR, BR, BR, BR, BR, BR, BR, BR, BR, BR, BR, BR, BR, BR, BR, BR, BR, BR, BR, BR, BR, BR, BR, BR, BR, BR, BR, BR, BR, BR, BR, BR, BR, BR, BR, BR, BR, BR, BR, BR, BR, BR, BR, BR, BR, BR, BR, BR, BR, BR, BR, BR, BR, BR, BR, BR, BR, BR, BR, BR, BR, BR, BR, BR, BR, BR, BR, BR, BR, BR, BR, BR, BR, BR, BR, BR, BR, BR, BR, BR, BR, BR, BR, BR, BR, BR, BR, BR, BR, BR, BR, BR, BR, BR, BR, BR, BR, BR, BR, BR, BR, BR, BR, BR, BR, BR, BR, BR, BR, BR, BR, BR, BR, BR, BR, BR, BR, BR, BR, BR, BR, BR, BR, BR, BR, BR, BR, BR, BR, BR, BR, BR, BR, BR, BR, BR, BR, BR, BN, BN, BN, BG, BG, BG, BG, BG, BG, BG, BG, BG, BG, BG, BG, BG, BG, BG, BG, BG, BG, BG, BG, BG, BG, BG, BG, BG, BG, BG, BG, BG, BG, BG, BG, BG, BG, BG, BG, BF, MM, MM, MM, MM, MM, BI, BI, BI, KH, KH, KH, KH, KH, KH, KH, KH, KH, KH, KH, KH, KH, KH, KH, KH, KH, KH, KH, KH, KH, CM, CM, CM, CM, CM, CM, CM, CM, CM, CM, CA, CA, CA, CA, CA, CA, CA, CA, CA, CA, CA, CA, CA, CA, CA, CA, CA, CA, CA, CA, CA, CA, CA, CA, CA, CA, CA, CA, CA, CA, CA, CA, CA, CA, CA, CA, CA, CA, CA, CA, CA, CA, CA, CA, CA, CA, CA, CA, CA, CA, CA, CA, CA, CA, CA, CA, CA, CA, CA, CA, CA, CA, CA, CA, CA, CA, CA, CA, CA, CA, CA, CA, CA, CA, CA, CA, CA, CA, CA, CA, CA, CA, CA, CA, CA, CA, CA, CA, CA, CA, CA, CA, CA, CA, CA, CA, CA, CA, CA, CA, CA, CA, CA, CA, CA, CA, CA, CA, CA, CA, CA, CA, CA, CA, CA, CA, CA, CA, CA, CA, CA, CA, CA, CA, CA, CA, CA, CA, CA, CA, CA, CA, CA, CA, CA, CA, CA, CA, CA, CA, CA, CV, KY, KY, CF, TD, CL, CL, CL, CL, CL, CL, CL, CL, CL, CL, CL, CL, CL, CL, CL, CL, CL, CL, CL, CL, CL, CL, CL, CL, CL, CL, CL, CL, CL, CL, CL, CL, CL, CL, CL, CL, CL, CL, CL, CL, CL, CL, CL, CL, CL, CL, CL, CL, CL, CL, CL, CL, CL, CL, CL, CL, CL, CL, CL, CL, CL, CL, CL, CN, CN, CN, CN, CN, CN, CN, CN, CN, CN, CN, CN, CN, CN, CN, CN, CN, CN, CN, CN, CN, CN, CN, CN, CN, CN, CN, CN, CN, CN, CN, CN, CN, CN, CN, CN, CN, CN, CN, CN, CN, CN, CN, CN, CN, CN, CN, CN, CN, CN, CN, CN, CN, CN, CN, CN, CN, CN, CN, CN, CN, CN, CN, CN, CN, CN, CN, CN, CN, CN, CN, CN, CN, CN, CN, CN, CN, CN, CN, CN, CN, CN, CN, CN, CN, CN, CN, CN, CN, CN, CN, CN, CN, CN, CN, CN, CN, CN, CN, CN, CN, CN, CN, CN, CN, CN, CN, CN, CN, CN, CN, CN, CN, US, CN, CN, CN, CN, CN, CN, CN, CN, CN, CN, CN, CN, CN, CN, CN, CN, CN, CN, CN, CN, CN, CN, CN, CN, CN, CN, CN, CN, CN, CN, CN, CN, CN, CN, CN, CN, CN, CN, CN, CN, CN, CN, CN, CN, CN, CN, CN, CN, CN, CN, CN, CN, CN, CN, CN, CN, CN, CN, CN, CN, CN, CN, CN, CN, CN, CN, CN, CN, CN, CN, CN, CN, CN, CN, CN, CN, CN, CN, CN, CN, CN, CN, CN, CN, CN, CN, CN, CN, CN, CN, CN, CN, CN, CN, CN, CN, CN, CN, CN, CN, CN, CN, CN, CN, CN, CN, CN, CN, CN, CN, CN, CN, CN, CN, CN, CN, CN, CN, CN, CN, CN, CN, CN, CN, CN, CN, CN, CN, CN, CN, CN, CN, CN, CN, CN, CN, CN, CN, CN, CN, CN, CN, CN, CN, CN, CN, CN, CN, CN, CN, CN, CN, CN, CN, CN, CN, CN, CN, CN, CN, CN, CN, CN, CN, CN, CN, CN, CN, CN, CN, CN, CN, CN, CN, CN, CN, CN, CN, CN, CN, CN, CN, CN, CN, CN, CN, CN, CN, CN, CN, CN, CN, CN, CN, CN, CN, CN, CN, CN, CN, CN, CN, CN, CN, CN, CN, CN, CN, CN, CN, CN, CN, CN, CN, CN, CN, CN, CN, CN, CN, CN, CN, CN, CN, CN, CN, CN, CN, CN, CN, CN, CN, CN, CN, CN, CN, CN, CN, CN, CN, CN, CN, CN, CN, CN, CN, CN, CN, CN, CN, CN, CN, CN, CN, CN, CN, CN, CN, CN, CN, CN, CN, CN, CN, CN, CN, CN, CN, CN, CN, CN, CN, CO, CO, CO, CO, CO, CO, CO, CO, CO, CO, CO, CO, CO, CO, CO, CO, CO, CO, CO, CO, CO, CO, CO, CO, CO, CO, CO, CO, CO, CO, CO, CO, CO, CO, CO, CO, CO, CO, CO, CO, CO, CO, CO, CO, CO, CO, CO, CO, CO, CO, CO, CO, CO, CO, CO, CO, CO, CO, CO, CO, CO, CO, CO, CO, CO, CO, CO, CO, CO, CO, CO, CO, CO, CO, CO, CO, CO, CO, CO, CO, CO, CO, CO, CO, CO, CO, CO, CO, CO, CO, CO, CO, CO, CO, CO, CO, CO, CO, CO, CO, CO, CD, CD, CD, CD, CD, CD, CD, CD, CD, CD, CG, CR, CR, CR, CR, CR, CR, CR, CR, CR, CR, CR, CR, CR, CR, CR, CR, CR, CR, CR, CR, CR, CR, CR, CR, CR, CR, CR, CR, CR, CR, CR, CI, CI, CI, IR, PL, PL, HR, HR, HR, HR, HR, HR, HR, HR, HR, HR, HR, HR, CU, CU, CU, CU, CU, CU, CU, CU, CU, CU, CU, CU, CU, CY, CY, CY, CY, CY, CY, CY, CY, CY, CY, CY, CY, CY, CY, CY, CY, CZ, CZ, CZ, CZ, CZ, CZ, CZ, CZ, CZ, CZ, CZ, CZ, CZ, CZ, CZ, CZ, CZ, CZ, CZ, CZ, CZ, CZ, CZ, CZ, CZ, CZ, CZ, CZ, DK, DK, DK, DK, DK, DK, DK, DK, DK, DK, DK, DK, DK, DK, DK, DK, DK, DK, DK, DK, DK, DK, DK, DK, DK, DK, DK, DK, DK, DK, DK, DK, DJ, DM, DM, DM, DO, DO, DO, DO, DO, DO, DO, DO, DO, DO, DO, DO, DO, DO, DO, DO, DO, DO, DO, DO, DO, DO, DO, DO, DO, DO, EC, US, EC, EC, EC, EC, EC, EC, EC, EC, EC, EC, EC, EC, EC, EC, EC, EC, EC, EC, EC, EC, EC, EC, EC, EC, EC, EC, EC, EC, EC, EC, EC, EC, EC, EC, EC, EC, EC, EC, EC, EC, EC, EC, EG, EG, EG, EG, EG, EG, EG, EG, EG, EG, EG, EG, EG, EG, EG, EG, EG, EG, EG, EG, EG, EG, EG, EG, EG, EG, EG, EG, EG, EG, EG, EG, EG, EG, EG, EG, EG, EG, EG, EG, EG, SV, SV, SV, SV, SV, SV, SV, SV, SV, SV, SV, SV, SV, SV, SV, SV, SV, SV, SV, SV, SV, SV, SV, SV, SV, GQ, ER, EE, EE, EE, EE, EE, EE, EE, EE, EE, EE, ET, ET, ET, ET, ET, ET, ET, ET, ET, ET, ET, ET, ET, ET, ET, ET, ET, ET, ET, ET, ET, ET, ET, ET, ET, ET, ET, ET, ET, ET, FO, FJ, FJ, FJ, FJ, FI, FI, FI, FI, FI, FI, FI, FI, FI, FI, FI, FI, FI, FI, FI, FI, FI, FI, FI, FI, FI, FI, FI, FI, FI, FI, FI, FI, FI, FI, FI, FI, FI, FI, FR, FR, FR, FR, FR, FR, FR, FR, FR, FR, FR, FR, FR, FR, FR, FR, FR, FR, FR, FR, FR, FR, FR, FR, FR, FR, FR, FR, FR, FR, FR, FR, FR, FR, FR, FR, FR, FR, FR, FR, FR, FR, FR, FR, FR, FR, FR, FR, FR, FR, FR, FR, FR, FR, FR, FR, FR, FR, FR, FR, FR, FR, FR, FR, FR, FR, FR, FR, FR, FR, FR, FR, FR, FR, FR, FR, FR, FR, FR, FR, FR, FR, FR, FR, FR, FR, FR, FR, FR, FR, FR, FR, FR, FR, FR, FR, FR, FR, FR, FR, FR, FR, FR, FR, FR, FR, FR, FR, FR, FR, FR, FR, FR, FR, FR, FR, FR, FR, FR, FR, FR, FR, FR, FR, FR, FR, FR, FR, FR, FR, FR, FR, FR, FR, FR, FR, FR, FR, FR, FR, FR, FR, FR, FR, FR, FR, FR, FR, FR, FR, FR, FR, FR, FR, FR, FR, FR, FR, FR, FR, FR, FR, FR, FR, FR, FR, FR, FR, FR, FR, FR, FR, FR, FR, FR, FR, FR, FR, FR, FR, FR, FR, FR, FR, FR, FR, FR, FR, FR, FR, FR, FR, FR, FR, FR, FR, FR, FR, FR, FR, FR, FR, FR, FR, FR, FR, FR, FR, FR, FR, FR, FR, FR, FR, FR, FR, FR, FR, FR, FR, FR, FR, FR, FR, FR, FR, FR, FR, FR, FR, FR, FR, FR, FR, FR, FR, FR, FR, FR, FR, FR, FR, FR, FR, FR, FR, FR, FR, FR, FR, FR, FR, FR, FR, FR, FR, FR, FR, GF, PF, GA, GM, GM, GM, GE, GE, GE, GE, GE, GE, GE, GE, GE, GE, GE, GE, GE, DE, DE, DE, DE, DE, DE, DE, DE, DE, DE, DE, DE, DE, DE, DE, DE, DE, DE, DE, DE, DE, DE, DE, DE, DE, DE, DE, DE, DE, DE, DE, DE, DE, DE, DE, DE, DE, DE, DE, DE, DE, DE, DE, DE, DE, DE, DE, DE, DE, DE, DE, DE, DE, DE, DE, DE, DE, DE, DE, DE, DE, DE, DE, DE, DE, DE, DE, DE, DE, DE, DE, DE, DE, DE, DE, DE, DE, DE, DE, DE, DE, DE, DE, DE, DE, DE, DE, DE, DE, DE, DE, DE, DE, DE, DE, DE, DE, DE, DE, DE, DE, DE, DE, DE, DE, DE, DE, DE, DE, DE, DE, DE, DE, DE, DE, DE, DE, DE, DE, DE, DE, DE, DE, DE, DE, DE, DE, DE, DE, DE, DE, DE, DE, DE, DE, DE, DE, DE, DE, DE, DE, DE, DE, DE, DE, DE, DE, DE, DE, DE, DE, DE, DE, DE, DE, DE, DE, DE, DE, DE, DE, DE, DE, DE, DE, DE, DE, DE, DE, DE, DE, DE, DE, DE, DE, DE, DE, DE, DE, DE, DE, DE, DE, DE, DE, DE, DE, DE, DE, DE, DE, DE, DE, DE, DE, DE, DE, DE, DE, DE, DE, DE, DE, DE, DE, DE, DE, DE, DE, DE, DE, DE, DE, DE, DE, DE, DE, DE, DE, DE, DE, DE, DE, DE, DE, DE, DE, DE, DE, DE, DE, DE, DE, DE, DE, DE, DE, DE, DE, DE, DE, DE, DE, DE, DE, DE, DE, DE, DE, DE, DE, DE, DE, DE, DE, DE, DE, DE, DE, DE, DE, DE, DE, DE, DE, DE, DE, DE, DE, DE, DE, DE, DE, DE, DE, DE, DE, DE, DE, DE, GH, GH, GH, GH, GH, GH, GH, GH, GH, GH, GH, GH, GH, GH, GH, GH, GH, GH, GH, GH, GH, GH, GH, GH, GH, GH, GH, GH, GH, GH, GR, GR, GR, GR, GR, GR, GR, GR, GR, GR, GR, GR, GR, GR, GR, GR, GR, GR, GR, GR, GR, GR, GR, GR, GR, GR, GR, GR, GR, GR, GR, GR, GR, GR, GR, GR, GR, GR, GR, GR, GR, GR, GR, GR, GR, GR, GR, GR, GR, GL, GD, GP, GU, GT, GT, GT, GT, GT, GT, GT, GT, GT, GT, GT, GN, GN, GN, GN, GY, GY, GY, GY, HT, HT, HT, HT, HT, HT, VA, VA, VA, VA, VA, HN, HN, HN, HN, HN, HN, HN, HN, HN, HK, HK, HK, HK, HK, HK, HK, HK, HK, HK, HK, HK, HK, HU, HU, HU, HU, HU, HU, HU, HU, HU, HU, HU, HU, HU, HU, HU, HU, HU, HU, HU, HU, HU, HU, HU, HU, HU, HU, HU, HU, HU, HU, HU, HU, HU, HU, HU, HU, HU, IS, IS, IS, IS, IS, IS, IS, IS, IS, IS, IN, IN, IN, IN, IN, IN, IN, IN, IN, IN, IN, IN, IN, IN, IN, IN, IN, IN, IN, IN, IN, IN, IN, IN, IN, IN, IN, IN, IN, IN, IN, IN, IN, IN, IN, IN, IN, IN, IN, IN, IN, IN, IN, IN, IN, IN, IN, IN, IN, IN, IN, IN, IN, IN, IN, IN, IN, IN, IN, IN, IN, IN, IN, IN, IN, IN, IN, IN, IN, IN, IN, IN, IN, IN, IN, IN, IN, IN, IN, IN, IN, IN, IN, IN, IN, IN, IN, IN, IN, IN, IN, IN, IN, IN, IN, IN, IN, IN, IN, IN, IN, IN, IN, IN, IN, IN, IN, IN, IN, IN, IN, IN, IN, IN, IN, IN, IN, IN, IN, IN, IN, IN, IN, IN, IN, IN, IN, IN, IN, IN, IN, IN, IN, IN, IN, IN, IN, IN, IN, IN, IN, PK, IN, IN, IN, IN, IN, IN, IN, IN, IN, IN, IN, IN, IN, IN, IN, IN, IN, IN, IN, IN, IN, IN, IN, IN, IN, IN, IN, IN, IN, IN, IN, IN, IN, IN, IN, IN, IN, IN, IN, IN, IN, IN, IN, IN, IN, IN, IN, IN, IN, IN, IN, IN, IN, IN, IN, IN, IN, IN, IN, IN, IN, IN, IN, IN, IN, IN, IN, IN, IN, IN, IN, IN, IN, IN, IN, IN, IN, IN, IN, IN, IN, IN, IN, IN, IN, IN, IN, IN, IN, IN, IN, IN, IN, IN, IN, IN, IN, IN, IN, IN, IN, IN, IN, IN, IN, IN, IN, IN, IN, IN, IN, IN, IN, IN, IN, IN, IN, IN, IN, IN, IN, IN, IN, IN, IN, IN, IN, IN, IN, IN, IN, IN, IN, IN, IN, IN, IN, IN, IN, IN, IN, IN, IN, IN, IN, IN, IN, IN, IN, IN, IN, IN, IN, IN, IN, IN, IN, IN, IN, IN, IN, IN, IN, IN, IN, IN, IN, IN, IN, IN, IN, IN, IN, IN, IN, IN, IN, IN, IN, IN, IN, IN, IN, IN, IN, IN, IN, IN, IN, IN, IN, IN, IN, IN, IN, IN, IN, IN, IN, IN, IN, IN, IN, IN, IN, IN, IN, IN, IN, IN, IN, IN, IN, IN, IN, IN, IN, IN, IN, IN, IN, IN, IN, IN, IN, IN, IN, IN, IN, IN, IN, IN, IN, IN, IN, IN, IN, IN, IN, IN, IN, IN, IN, IN, IN, ID, ID, ID, ID, ID, ID, ID, ID, ID, ID, ID, ID, ID, ID, ID, ID, ID, ID, ID, ID, ID, ID, ID, ID, ID, ID, ID, ID, ID, ID, ID, ID, ID, ID, ID, ID, ID, ID, ID, ID, ID, ID, ID, ID, ID, ID, ID, ID, ID, ID, ID, ID, ID, ID, ID, ID, ID, ID, ID, ID, ID, ID, ID, ID, ID, ID, ID, ID, ID, ID, ID, ID, ID, ID, ID, ID, ID, ID, ID, ID, ID, ID, ID, ID, ID, ID, ID, ID, ID, ID, ID, ID, ID, ID, ID, ID, ID, ID, ID, ID, ID, ID, ID, ID, ID, ID, ID, ID, ID, ID, ID, ID, ID, ID, ID, ID, ID, ID, ID, ID, ID, ID, ID, ID, ID, ID, ID, ID, ID, ID, ID, ID, ID, ID, ID, ID, ID, ID, ID, ID, ID, ID, ID, ID, ID, ID, ID, ID, ID, ID, ID, ID, ID, ID, ID, ID, ID, ID, ID, ID, ID, ID, ID, ID, ID, ID, ID, ID, ID, ID, ID, ID, ID, ID, ID, ID, ID, ID, ID, ID, ID, ID, ID, ID, ID, ID, ID, ID, ID, IR, IR, IR, IR, IR, IR, IR, IR, IR, IR, IR, IR, IR, IR, IR, IR, IR, IR, IR, IR, IR, IR, IR, IR, IR, IR, IR, IR, IR, IR, IR, IR, IR, IR, IR, IR, IR, IR, IR, IR, IR, IR, IR, IR, IR, IR, IR, IR, IR, IR, IR, IR, IR, IR, IR, IR, IR, IR, IR, IR, IR, IR, IR, IR, IR, IR, IR, IR, IR, IR, IR, IR, IR, IR, IR, IR, IR, IR, IR, IR, IR, IR, IR, IR, IR, IR, IR, IR, IR, IR, IR, IR, IR, IR, IR, IR, IR, IR, IR, IR, IR, IR, IR, IR, IR, IR, IR, IR, IR, IR, IR, IR, IR, IR, IR, IR, IR, IR, IR, IR, IR, IR, IR, IR, IR, IR, IR, IR, IR, IR, IR, IR, IR, IR, IR, IR, IR, IR, IR, IR, IR, IR, IR, IR, IR, IR, IR, IR, IR, IR, IR, IR, IR, IR, IR, IR, IR, IR, IR, IR, IR, IR, IR, IR, IR, IR, IR, IR, IR, IR, IR, IR, IR, IR, IR, IR, IR, IR, IR, IR, IR, IR, IR, IR, IR, IR, IR, IR, IR, IR, IR, IR, IQ, IQ, IQ, IQ, IQ, IQ, IQ, IQ, IQ, IQ, IQ, IQ, IQ, IQ, IQ, IQ, IQ, IQ, IQ, IQ, IQ, IQ, IQ, IQ, IQ, IQ, IQ, IQ, IQ, IQ, IQ, IQ, IQ, IQ, IQ, IQ, IQ, IQ, IQ, IQ, IQ, IQ, IQ, IQ, IQ, IQ, IE, IE, IE, IE, IE, IE, IE, IE, IE, IE, IE, IE, IE, IE, IE, IE, IE, IE, IE, IE, IE, IE, IE, IL, IL, IL, IL, IL, IL, IL, IL, IL, IL, IL, IL, IL, IL, IL, IL, IL, IL, IL, IL, IL, IL, IL, IT, IT, IT, IT, IT, IT, IT, IT, IT, IT, IT, IT, IT, IT, IT, IT, IT, IT, IT, IT, IT, IT, IT, IT, IT, IT, IT, IT, IT, IT, IT, IT, IT, IT, IT, IT, IT, IT, IT, IT, IT, IT, IT, IT, IT, IT, IT, IT, IT, IT, IT, IT, IT, IT, IT, IT, IT, IT, IT, IT, IT, IT, IT, IT, IT, IT, IT, IT, IT, IT, IT, IT, IT, IT, IT, IT, IT, IT, IT, IT, IT, IT, IT, IT, IT, IT, IT, IT, IT, IT, IT, IT, JM, JM, JM, JP, JP, JP, JP, JP, JP, JP, JP, JP, JP, JP, JP, JP, JP, JP, JP, JP, JP, JP, JP, JP, JP, JP, JP, JP, JP, JP, JP, JP, JP, JP, JP, JP, JP, JP, JP, JP, JP, JP, JP, JP, JP, JP, JP, JP, JP, JP, JP, JP, JP, JP, JP, JP, JP, JP, JP, JP, JP, JP, JP, JP, JP, JP, JP, JP, JP, JP, JP, JP, JP, JP, JP, JP, JP, JP, JP, JP, JP, JP, JP, JP, JP, JP, JP, JP, JP, JP, JP, JP, JP, JP, JP, JP, JP, JP, JP, JP, JP, JP, JP, JP, JP, JP, JP, JP, JP, JP, JP, JP, JP, JP, JP, JP, JP, JP, JP, JP, JP, JP, JP, JP, JP, JP, JP, JP, JP, JP, JP, JP, JP, JP, JP, JP, JP, JP, JP, JP, JP, JP, JP, JP, JP, JP, JP, JP, JP, JP, JP, JP, JP, JP, JP, JP, JP, JP, JP, JP, JP, JP, JP, JP, JP, JP, JP, JP, JP, JP, JP, JP, JP, JP, JP, JP, JP, JP, JP, JP, JP, JP, JP, JP, JP, JP, JP, JP, JP, JP, JP, JP, JP, JP, JP, JP, JP, JP, JP, JP, JP, JP, JP, JP, JP, JP, JP, JP, JP, JP, JP, JP, JP, JP, JP, JP, JP, JP, JP, JP, JP, JP, JP, JP, JP, JP, JP, JP, JP, JP, JP, JP, JP, JP, JP, JP, JP, JP, JP, JP, JP, JP, JP, JP, JP, JP, JP, JP, JP, JP, JP, JP, JP, JP, JP, JP, JP, JP, JP, JP, JP, JP, JP, JP, JP, JP, JP, JP, JP, JP, JP, JP, JP, JP, JP, JP, JP, JP, JP, JP, JP, JP, JP, JP, JP, JP, JP, JP, JP, JP, JP, JP, JP, JP, JP, JP, JP, JP, JP, JP, JP, JP, JP, JP, JP, JP, JP, JP, JP, JP, JP, JP, JP, JP, JP, JP, JP, JP, JP, JP, JP, JP, JP, JP, JP, JP, JP, JP, JP, JP, JP, JP, JP, JP, JP, JP, JP, JP, JP, JP, JP, JP, JP, JP, JP, JP, JP, JP, JP, JP, JP, JP, JP, JP, JP, JP, JP, JP, JP, JP, JP, JP, JP, JP, JP, JP, JP, JP, JP, JP, JP, JP, JP, JP, JP, JP, JP, JP, JP, JP, JP, JP, JP, JP, JP, JP, JP, JP, JP, JP, JP, JP, JP, JP, JP, JP, JP, JP, JP, JP, JP, JP, JP, JP, JP, JP, JP, JP, JP, JP, JP, JP, JP, JP, JP, JP, JP, JP, JP, JP, JP, JP, JP, JP, JP, JP, JP, JP, JP, JP, JP, JP, JP, JP, JP, JP, JP, JP, JP, JP, JP, JP, JP, JP, JP, JP, JP, JP, JP, JP, JP, JP, JP, JP, JP, JP, JP, JP, JP, JP, JP, JP, JP, JP, JP, JP, JP, JP, JP, JP, JP, JP, JP, JP, JP, JP, JP, JP, JP, JP, JP, JP, JP, JP, JP, JP, JP, JP, JP, JP, JP, JP, JP, JP, JP, JP, JP, JP, JP, JP, JP, JP, JP, JP, JP, JP, JP, JP, JP, JP, JP, JP, JP, JP, JP, JP, JP, JP, JP, JP, JP, JP, JP, JP, JP, JP, JP, JP, JP, JP, JP, JP, JP, JP, JP, JP, JP, JP, JP, JP, JP, JP, JP, JP, JP, JP, JP, JP, JP, JP, JP, JP, JP, JP, JP, JP, JP, JP, JP, JP, JP, JP, JP, JP, JP, JP, JP, JO, JO, JO, JO, JO, JO, JO, JO, JO, JO, JO, JO, JO, JO, JO, JO, JO, JO, JO, JO, JO, JO, JO, JO, JO, JO, JO, JO, JO, KZ, KZ, KZ, KZ, KZ, KZ, KZ, KZ, KZ, KZ, KZ, KZ, KZ, KZ, KZ, KZ, KZ, KZ, KZ, KZ, KZ, KZ, KZ, KZ, KZ, KZ, KZ, KZ, KE, KE, KE, KE, KE, KE, KE, KE, KE, KE, KE, KE, KE, KE, KE, KE, KE, KE, KE, KE, KE, KE, KE, KE, KE, KE, KE, KE, KE, KE, KE, KE, KE, KE, KE, KE, KE, KE, KE, KE, KE, KE, KE, KE, KE, KE, KE, KE, KE, KP, KR, KR, KR, KR, KR, KR, KR, KR, KR, KR, IN, KR, KR, KR, KR, KR, KR, KR, KR, KR, KR, KR, KR, KR, KR, KR, KR, KR, KR, KR, KR, KR, KR, KR, KR, KR, KR, KR, KR, KR, KR, KR, KR, KR, KR, KR, KR, KR, KR, KR, KR, KR, KR, KR, KR, KR, KR, KR, KR, KR, KR, KR, KR, KR, KR, KR, KR, KR, KR, KR, KR, KR, KR, KR, KR, KR, KR, KR, KR, KR, KR, KR, KR, KR, KR, KR, KR, KR, KR, KR, KR, KR, KR, KR, KR, KR, KR, KR, KR, KR, KR, KR, KR, KR, KR, KR, KR, KR, KR, KR, KR, KR, KR, KR, KR, KR, KR, KR, KR, KR, KR, KR, KR, KR, KR, KR, KR, KR, KR, KR, KR, KR, KR, KR, KR, KR, KR, KR, KR, KR, KR, KR, KR, KR, KR, KR, KR, KR, KR, KR, KR, KR, KR, KR, KR, KR, KR, KR, KR, KR, KR, KR, KR, KR, KR, KR, KR, KR, KR, KR, KR, KR, KR, KR, KR, KR, KR, KR, KR, KR, KR, KR, KR, KR, KR, KR, KR, KR, KR, KR, KR, KR, KR, KR, KR, KR, KR, KR, KR, KR, KR, KR, KR, KR, KR, KR, KR, KR, KR, KR, KR, KR, KR, KR, KR, KR, KR, KR, KR, KR, KR, KR, KR, KR, KR, KR, KR, KR, KR, KR, KR, KR, KR, KR, KR, KR, KR, KR, KR, KR, KR, KR, KR, XK, XK, XK, XK, XK, KW, KW, KW, KW, KW, KW, KW, KW, KG, KG, KG, KG, KG, KG, KG, KG, KG, KG, KG, KG, KG, LA, LA, LV, LV, LV, LV, LV, LV, LV, LV, LV, LV, LV, LV, LV, LV, LV, LV, LV, LV, LV, LV, LV, LV, LB, LB, LB, LB, LB, LB, LB, LB, LB, LB, LB, LB, LB, LB, LB, LB, LB, LB, LB, LB, LB, LB, LB, LB, LS, LR, LY, LY, LY, LY, LY, LY, LY, LY, LY, LY, LY, LI, LI, LT, LT, LT, LT, LT, LT, LT, LT, LT, LT, LT, LT, LT, LT, LT, LT, LT, LU, LU, MO, MO, MO, MK, MK, MK, MK, MK, MK, MK, MK, MG, MG, MG, MG, MG, MG, MW, MW, MW, MW, MW, MW, MW, MW, MY, MY, MY, MY, MY, MY, MY, MY, MY, MY, MY, MY, MY, MY, MY, MY, MY, MY, MY, MY, MY, MY, MY, MY, MY, MY, MY, MY, MY, MY, MY, MY, MY, MY, MY, MY, MY, MY, MY, MY, MY, MY, MY, MY, MY, MY, MY, MY, MY, MY, MY, MY, MY, MY, MY, MY, MY, MY, MY, MY, MY, MY, MY, MY, MY, MY, MY, MY, MY, MY, MY, MY, MY, MY, MY, MY, MY, MY, MY, MY, MY, MY, MY, MY, MY, MY, MY, MY, MY, MY, MY, MY, MY, MY, MY, MY, MY, MY, MY, MY, MY, MY, MY, MY, MY, MY, MY, MY, MY, MY, MY, MY, MY, MY, MY, MY, MY, MY, MY, MY, MY, MY, MY, MY, MY, MY, MY, MY, MY, MY, MY, MY, MY, MY, MY, MY, MY, MY, MY, MY, MY, MY, MY, MY, MV, MV, MV, ML, MT, MT, MT, MR, MU, MU, MX, MX, MX, MX, MX, MX, MX, MX, MX, MX, MX, MX, MX, MX, MX, MX, MX, MX, MX, MX, MX, MX, MX, MX, MX, MX, MX, MX, MX, MX, MX, MX, MX, MX, MX, MX, MX, MX, MX, MX, MX, MX, MX, MX, MX, MX, MX, MX, MX, MX, MX, MX, MX, MX, MX, MX, MX, MX, MX, MX, MX, MX, MX, MX, MX, MX, MX, MX, MX, MX, MX, MX, MX, MX, MX, MX, MX, MX, MX, MX, MX, MX, MX, MX, MX, MX, MX, MX, MX, MX, MX, MX, MX, MX, MX, MX, MX, MX, MX, MX, MX, MX, MX, MX, MX, MX, MX, MX, MX, MX, MX, MX, MX, MX, MX, MX, MX, MX, MX, MX, MX, MX, MX, MX, MX, MX, MX, MX, MX, MX, MX, MX, MX, MX, MX, MX, MX, MX, MX, MX, MX, MX, MX, MX, MX, MX, MX, MX, MX, MX, MX, MX, MX, MX, MX, MX, MX, MX, MX, MX, MX, MX, MX, MD, MD, MD, MD, MD, MD, MD, MD, MD, MD, MD, MD, MC, MN, MN, MN, MN, MN, MN, MN, MN, MN, MN, ME, MS, MA, MA, MA, MA, MA, MA, MA, MA, MA, MA, MA, MA, MA, MA, MA, MA, MA, MA, MA, MA, MA, MA, MA, MA, MA, MA, MA, MA, MA, MA, MZ, MZ, MZ, MZ, MZ, MZ, MZ, MZ, NA, NA, NA, NA, NA, NP, NP, NP, NP, NP, NP, NP, NP, NL, NL, NL, NL, NL, NL, NL, NL, NL, NL, NL, NL, NL, NL, NL, NL, NL, NL, NL, NL, NL, NL, NL, NL, NL, NL, NL, NL, NL, NL, NL, NL, NL, NL, NL, NL, NL, NL, NL, NL, NL, NL, NL, NL, NL, NC, NZ, NZ, NZ, NZ, NZ, NZ, NZ, NZ, NZ, NZ, NZ, NI, NI, NI, NI, NI, NI, NI, NI, NI, NI, NI, NI, NI, NI, NI, NI, NI, NE, NG, NG, NG, NG, NG, NG, NG, NG, NG, NG, NG, NG, NG, NG, NG, NG, NG, NG, NG, NG, NG, NG, NG, NG, NG, NG, NG, NG, NG, NG, NG, NG, NG, NG, NG, NG, NG, NG, NG, NG, NG, NG, NG, NG, NG, NG, NG, NG, NG, NG, NG, NG, NG, NG, NG, NG, NG, NG, NG, NG, NG, NG, NG, NG, NG, NG, NG, NG, NG, NG, NG, NG, NG, NG, NG, NG, NG, NG, NG, NG, NG, NG, NG, NG, NG, NG, NG, NG, NG, NG, NG, NG, NG, NG, NG, NG, NG, NG, NG, NG, NG, NG, NG, NG, NG, NG, NG, NG, NG, NG, NG, NG, NG, NG, NU, NO, NO, NO, NO, NO, NO, NO, NO, NO, NO, NO, NO, NO, NO, NO, NO, NO, NO, NO, NO, NO, NO, NO, OM, OM, OM, OM, OM, OM, OM, OM, OM, OM, OM, PK, PK, PK, PK, PK, PK, PK, PK, PK, PK, PK, PK, PK, PK, PK, PK, PK, PK, PK, PK, PK, PK, PK, PK, PK, PK, PK, PK, PK, PK, PK, PK, PK, PK, PK, PK, PK, PK, PK, PK, PK, PK, PK, PK, PK, PK, PK, PK, PK, PK, PK, PK, PK, PK, PK, PK, PK, PK, PK, PK, PK, PK, PK, PK, PK, PK, PK, PK, PK, PK, PK, PK, PK, PK, PK, PK, PK, PK, PK, PK, PK, PK, PK, PK, PK, PK, PK, PK, PK, PK, PK, PK, PK, PK, PK, PK, PK, PK, PK, PK, PK, PK, PK, PK, PK, PK, PK, PK, PK, PK, PK, PK, PK, PK, PK, PK, PK, PK, PK, PK, PK, PK, PK, PK, PK, PK, PK, PK, PK, PK, PK, PK, PS, PS, PS, PS, PS, PS, PS, PS, PS, PS, PS, PS, PS, PS, PS, PS, PA, PA, PA, PA, PA, PA, PA, PA, PA, PA, PA, PA, PA, PA, PA, PA, PA, PG, PG, PG, PG, PG, PY, PY, PY, PY, PY, PY, PY, PY, PY, PY, PY, PY, PY, PE, PE, PE, PE, PE, PE, PE, PE, PE, PE, PE, PE, PE, PE, PE, PE, PE, PE, PE, PE, PE, PE, PE, PE, PE, PE, PE, PE, PE, PE, PE, PE, PE, PE, PE, PE, PE, PE, PE, PE, PE, PE, PE, PE, PE, PE, PE, PE, PE, PE, PE, PE, PE, PE, PE, PE, PE, PE, PE, PE, PE, PE, PE, PE, PE, PE, PH, PH, PH, PH, PH, PH, PH, PH, PH, PH, PH, PH, PH, PH, PH, PH, PH, PH, PH, PH, PH, PH, PH, PH, PH, PH, PH, PH, PH, PH, PH, PH, PH, PH, PH, PH, PH, PH, PH, PH, PH, PH, PH, PH, PH, PH, PH, PH, PH, PH, PH, PH, PH, PH, PH, PH, PH, PH, PH, PH, PH, PH, PH, PH, PH, PH, PH, PH, PH, PH, PH, PH, PH, PH, PH, PH, PH, PH, PH, PH, PH, PH, PH, PH, PH, PH, PH, PH, PH, PH, PH, PH, PH, PH, PH, PH, PH, PH, PH, PH, PH, PH, PH, PH, PH, PH, PH, PH, PH, PH, PH, PH, PH, PH, PL, PL, PL, PL, PL, PL, PL, PL, PL, PL, PL, PL, PL, PL, PL, PL, PL, PL, PL, PL, PL, PL, PL, PL, PL, PL, PL, PL, PL, PL, PL, PL, PL, PL, PL, PL, PL, PL, PL, PL, PL, PL, PL, PL, PL, PL, PL, PL, PL, PL, PL, PL, PL, PL, PL, PL, PL, PL, PL, PL, PL, PL, PL, PL, PL, PL, PL, PL, PL, PL, PL, PL, PL, PL, PL, PL, PL, PL, PL, PL, PL, PL, PL, PL, PL, PL, PL, PL, PL, PL, PL, PL, PL, PL, PL, PL, PL, PL, PL, PL, PL, PL, PL, PL, PL, PL, PL, PL, PL, PL, PL, PL, PL, PL, PL, PL, PL, PL, PL, PL, PL, PL, PL, PL, PL, PL, PL, PL, PL, PT, PT, PT, PT, PT, PT, PT, PT, PT, PT, PT, PT, PT, PT, PT, PT, PT, PT, PT, PT, PT, PT, PT, PT, PT, PT, PT, PT, PT, PT, PT, PT, PT, PT, PT, PT, PT, PT, PT, PT, PT, PT, PT, PT, PT, PT, PT, PT, PT, PT, PT, PT, PT, PT, PT, PT, PT, PT, PT, PT, PT, PT, PT, PR, PR, PR, PR, PR, PR, PR, PR, PR, PR, PR, PR, PR, PR, PR, PR, PR, PR, PR, PR, PR, PR, PR, PR, QA, QA, QA, RE, RO, RO, RO, RO, RO, RO, RO, RO, RO, RO, RO, RO, RO, RO, RO, RO, RO, RO, RO, RO, RO, RO, RO, RO, RO, RO, RO, RO, RO, RO, RO, RO, RO, RO, RO, RO, RO, RO, RO, RO, RO, RO, RO, RO, RO, RO, RO, RO, RO, RO, RO, RO, RO, RO, RO, RO, RO, RO, RO, RO, RO, RU, RU, RU, RU, RU, RU, RU, RU, RU, RU, RU, RU, RU, RU, RU, RU, RU, RU, RU, RU, RU, RU, RU, RU, RU, RU, RU, RU, RU, RU, RU, RU, RU, RU, RU, RU, RU, RU, RU, RU, RU, RU, RU, RU, RU, RU, RU, RU, RU, RU, RU, RU, RU, RU, RU, RU, RU, RU, RU, RU, RU, RU, RU, RU, RU, RU, RU, RU, RU, RU, RU, RU, RU, RU, RU, RU, RU, RU, RU, RU, RU, RU, RU, RU, RU, RU, RU, RU, RU, RU, RU, RU, RU, RU, RU, RU, RU, RU, RU, RU, RU, RU, RU, RU, RU, RU, RU, RU, RU, RU, RU, RU, RU, RU, RU, RU, RU, RU, RU, RU, RU, RU, RU, RU, RU, RU, RU, RU, RU, RU, RU, RU, RU, RU, RU, RU, RU, RU, RU, RU, RU, RU, RU, RU, RU, RU, RU, RU, RU, RU, RU, RU, RU, RU, RU, RU, RU, RU, RU, RU, RU, RU, RU, RU, RU, RU, RU, RU, RU, RU, RU, RU, RU, RU, RU, RU, RU, RU, RU, RU, RU, RU, RU, RU, RU, RU, RU, RU, RU, RU, RU, RU, RU, RU, RU, RU, RU, RU, RU, RU, RU, RU, RU, RU, RU, RU, RU, RU, RU, RU, RU, RU, RU, RU, RU, RU, RU, RU, RU, RU, RU, RU, RU, RU, RU, RU, RU, RU, RU, RU, RU, RU, RU, RU, RU, RU, RU, RU, RU, RU, RU, RU, RU, RU, RU, RU, RU, RU, RU, RU, RU, RU, RU, RU, RU, RU, RU, RU, RU, RU, RU, RU, RU, RU, RU, RU, RU, RU, RU, RU, RU, RU, RU, RU, RU, RU, RU, RU, RU, RU, RU, RU, RU, RU, RU, RU, RU, RU, RU, RU, RU, RU, RU, RU, RU, RU, RU, RU, RU, RU, RU, RU, RU, RU, RU, RU, RU, RU, RU, RW, RW, RW, RW, RW, RW, RW, RW, RW, RW, RW, KN, KN, KN, KN, LC, VC, WS, SM, SA, SA, SA, SA, SA, SA, SA, SA, SA, SA, SA, SA, SA, SA, SA, SA, SA, SA, SA, SA, SA, SA, SA, SA, SA, SA, SA, SA, SA, SA, SA, SA, SA, SA, SA, SA, SA, SA, SA, SA, SA, SA, SA, SA, SA, SA, SA, SA, SA, SA, SA, SA, SA, SA, SA, SA, SA, SA, SA, SA, SA, SA, SN, SN, SN, SN, SN, SN, SN, SN, SN, SN, RS, RS, RS, RS, RS, RS, RS, RS, RS, RS, RS, RS, RS, SC, SC, SL, SL, SL, SL, SG, SG, SG, SG, SG, SG, SG, SG, SG, SG, SG, SG, SG, SG, SG, SG, SG, SK, SK, SK, SK, SK, SK, SK, SK, SK, SK, SK, SK, SK, SK, SK, SK, SK, SK, SK, SK, SK, SK, SK, SK, SK, SK, SK, SK, SK, SK, SK, SI, SI, SI, SI, SO, SO, SO, SO, SO, SO, SO, SO, SO, SO, SO, SO, SO, SO, SO, SO, SO, ZA, ZA, ZA, ZA, ZA, ZA, ZA, ZA, ZA, ZA, ZA, ZA, ZA, ZA, ZA, ZA, ZA, ZA, ZA, ZA, ZA, ZA, ZA, ZA, ZA, ZA, ZA, ZA, SS, SS, ES, ES, ES, ES, ES, ES, ES, ES, ES, ES, ES, ES, ES, ES, ES, ES, ES, ES, ES, ES, ES, ES, ES, ES, ES, ES, ES, ES, ES, ES, ES, ES, ES, ES, ES, ES, ES, ES, ES, ES, ES, ES, ES, ES, ES, ES, ES, ES, ES, ES, ES, ES, ES, ES, ES, ES, ES, ES, ES, ES, ES, ES, ES, ES, ES, ES, ES, ES, ES, ES, ES, ES, ES, ES, ES, ES, ES, ES, ES, ES, ES, ES, ES, LK, LK, LK, LK, LK, LK, LK, LK, LK, LK, LK, LK, LK, LK, LK, LK, LK, LK, LK, LK, LK, LK, LK, LK, LK, LK, SD, SD, SD, SD, SD, SD, SD, SD, SD, SD, SD, SD, SD, SD, SD, SD, SD, SD, SD, SD, SD, SD, SD, SD, SD, SD, SD, SD, SD, SD, SD, SD, SD, SD, SD, SR, SZ, SE, SE, SE, SE, SE, SE, SE, SE, SE, SE, SE, SE, SE, SE, SE, SE, SE, SE, SE, SE, SE, SE, SE, SE, SE, SE, SE, SE, SE, SE, SE, SE, SE, SE, SE, SE, CH, CH, CH, CH, CH, CH, CH, CH, CH, CH, CH, CH, CH, CH, CH, CH, CH, CH, CH, CH, CH, CH, CH, CH, CH, CH, CH, CH, CH, CH, CH, CH, CH, CH, CH, CH, CH, CH, CH, CH, CH, CH, CH, CH, CH, CH, CH, CH, CH, CH, CH, CH, CH, CH, CH, CH, CH, CH, CH, CH, CH, CH, CH, CH, CH, CH, CH, CH, CH, CH, CH, CH, CH, CH, CH, SY, SY, SY, SY, SY, SY, SY, SY, SY, SY, SY, SY, SY, SY, SY, TW, TW, TW, TW, TW, TW, TW, TW, TW, TW, TW, TW, TW, TW, TW, TW, TW, TW, TW, TW, TW, TW, TW, TW, TW, TW, TW, TW, TW, TW, TW, TW, TW, TW, TW, TW, TW, TW, TW, TW, TW, TW, TW, TW, TW, TW, TW, TW, TW, TW, TW, TW, TW, TW, TW, TW, TW, TW, TW, TW, TW, TW, TW, TW, TW, TW, TW, TW, TW, TW, TW, TW, TW, TW, TW, TW, TW, TW, TW, TW, TW, TW, TW, TW, TW, TJ, TJ, TJ, TZ, TZ, TZ, TZ, TZ, TZ, TZ, TZ, TZ, TZ, TZ, TZ, TZ, TZ, TZ, TZ, TZ, TZ, TZ, TZ, TH, TH, TH, TH, TH, TH, TH, TH, TH, TH, TH, TH, TH, TH, TH, TH, TH, TH, TH, TH, TH, TH, TH, TH, TH, TH, TH, TH, TH, TH, TH, TH, TH, TH, TH, TH, TH, TH, TH, TH, TH, IN, TH, TH, TH, TH, TH, TH, TH, TH, TH, TH, TH, TH, TH, TH, TH, TH, TH, TH, TH, TH, TH, TH, TH, TH, TH, TH, TG, TT, TT, TT, TN, TN, TN, TN, TN, TN, TN, TN, TN, TN, TN, TN, TN, TN, TN, TN, TN, TN, TN, TR, TR, TR, TR, TR, TR, TR, TR, TR, TR, TR, TR, TR, TR, TR, TR, TR, TR, TR, TR, TR, TR, TR, TR, TR, TR, TR, TR, TR, TR, TR, TR, TR, TR, TR, TR, TR, TR, TR, TR, TR, TR, TR, TR, TR, TR, TR, TR, TR, TR, TR, TR, TR, TR, TR, TR, TR, TR, TR, TR, TR, TR, TR, TR, TR, TR, TR, TR, TR, TR, TR, TR, TR, TR, TR, TR, TR, TR, TR, TR, TR, TR, TR, TR, TR, TR, TR, TM, TC, UG, UG, UG, UG, UG, UG, UG, UG, UG, UG, UG, UG, UG, UG, UG, UG, UG, UG, UA, UA, UA, UA, UA, UA, UA, UA, UA, UA, UA, UA, UA, UA, UA, UA, UA, UA, UA, UA, UA, UA, UA, UA, UA, UA, UA, UA, UA, UA, UA, UA, UA, UA, UA, UA, UA, UA, UA, UA, UA, UA, UA, UA, UA, UA, UA, UA, UA, UA, UA, UA, UA, UA, UA, UA, UA, UA, UA, UA, UA, UA, UA, UA, UA, UA, UA, UA, UA, UA, UA, UA, UA, UA, UA, AE, AE, AE, AE, AE, AE, AE, AE, AE, AE, AE, AE, AE, AE, AE, AE, AE, AE, AE, AE, AE, AE, AE, AE, AE, AE, AE, AE, AE, AE, AE, AE, AE, AE, AE, AE, GB, GB, GB, GB, GB, GB, GB, GB, GB, GB, GB, GB, GB, GB, GB, GB, GB, GB, GB, GB, GB, GB, GB, GB, GB, GB, GB, GB, GB, GB, GB, GB, GB, GB, GB, GB, GB, GB, GB, GB, GB, GB, GB, GB, GB, GB, GB, GB, GB, GB, GB, GB, GB, GB, GB, GB, GB, GB, GB, GB, GB, GB, GB, GB, GB, GB, GB, GB, GB, GB, GB, GB, GB, GB, GB, GB, GB, GB, GB, GB, GB, GB, GB, GB, GB, GB, GB, GB, GB, GB, GB, GB, GB, GB, GB, GB, GB, GB, GB, GB, GB, GB, GB, GB, GB, GB, GB, GB, GB, GB, GB, GB, GB, GB, GB, GB, GB, GB, GB, GB, GB, GB, GB, GB, GB, GB, GB, GB, GB, GB, GB, GB, GB, GB, GB, GB, GB, GB, GB, GB, GB, GB, GB, GB, GB, GB, GB, GB, GB, GB, GB, GB, GB, GB, GB, GB, GB, GB, GB, GB, GB, GB, GB, GB, GB, GB, GB, GB, GB, GB, GB, GB, UY, UY, UY, UY, UY, UY, UZ, UZ, UZ, UZ, UZ, UZ, UZ, UZ, UZ, UZ, UZ, UZ, UZ, UZ, UZ, UZ, UZ, UZ, UZ, UZ, UZ, UZ, VE, VE, VE, VE, VE, VE, VE, VE, VE, VE, VE, VE, VE, VE, VE, VE, VE, VE, VE, VE, VE, VE, VE, VE, VE, VE, VE, VE, VE, VE, VE, VE, VE, VE, VE, VE, VE, VN, VN, VN, VN, VN, VN, VN, VN, VN, VN, VN, VN, VN, VN, VN, VN, VN, VN, VN, VN, VN, VN, VN, VN, VN, VN, VN, VN, VN, VN, VN, VN, VN, VN, VN, VN, VN, VN, VN, VN, VN, VN, VN, VN, VN, VN, VG, YE, YE, YE, YE, YE, YE, YE, YE, YE, YE, YE, YE, YE, ZM, ZM, ZM, ZM, ZM, ZM, ZM, ZW, ZW, ZW, ZW, ZW, ZW, ZW, ZW, ZW, ZW, ZW, ZW, ZW, ZW, ZW, TR, TR, TR, TR, TR, TR, TR, TR, TR, TR, TR, TR, TR, TR, TR, TR, TR, TR, TR, TR, TR, TR, TR, TR, TR, TR, TR, TR, TR, TR, TR, TR, TR, TR, TR, TR, TR, TR, TR, TR, TR, TR, TR, TR, TR, TR, TR, TR, TR, TR, TR, TR, TR, TR, TR, TR, TR, TR, TR, TR, TR, TR, TR, TR, TR, TR, TR, TR, TR, TR, TR, TR, TR, TR, TR, TR, TR, TR, TR, TR, TR, TR, TR, US, US, US, US, US, US, US, US, US, US, US, US, US, US, US, US, US, US, US, US, US, US, US, US, US, US, US, US, US, US, US, US, US, US, US, US, US, US, US, US, US, US, US, US, US, US, US, US, US, US, US, US, US, US, US, US, US, US, US, US, US, US, US, US, US, US, US, US, US, US, US, US, US, US, US, US, US, US, US, US, US, US, US, US, US, US, US, US, US, US, US, US, US, US, US, US, US, US, US, US, US, US, US, US, US, US, US, US, US, US, US, US, US, US, US, US, US, US, US, US, US, US, US, US, US, US, US, US, US, US, US, US, US, US, US, US, US, US, US, US, US, US, US, US, US, US, US, US, US, US, US, US, US, US, US, US, US, US, US, US, US, US, US, US, US, US, US, US, US, US, US, US, US, US, US, US, US, US, US, US, US, US, US, US, US, US, US, US, US, US, US, US, US, US, US, US, US, US, US, US, US, US, US, US, US, US, US, US, US, US, US, US, US, US, US, US, US, US, US, US, US, US, US, US, US, US, US, US, US, US, US, US, US, US, US, US, US, US, US, US, US, US, US, US, US, US, US, US, US, US, US, US, US, US, US, US, US, US, US, US, US, US, US, US, US, US, US, US, US, US, US, US, US, US, US, US, US, US, US, US, US, US, US, US, US, US, US, US, US, US, US, US, US, US, US, US, US, US, US, US, US, US, US, US, US, US, US, US, US, US, US, US, US, US, US, US, US, US, US, US, US, US, US, US, US, US, US, US, US, US, US, US, US, US, US, US, US, US, US, US, US, US, US, US, US, US, US, US, US, US, US, US, US, US, US, US, US, US, US, US, US, US, US, US, US, US, US, US, US, US, US, US, US, US, US, US, US, US, US, US, US, US, US, US, US, US, US, US, US, US, US, US, US, US, US, US, US, US, US, US, US, US, US, US, US, US, US, US, US, US, US, US, US, US, US, US, US, US, US, US, US, US, US, US, US, US, US, US, US, US, US, US, US, US, US, US, US, US, US, US, US, US, US, US, US, US, US, US, US, US, US, US, US, US, US, US, US, US, US, US, US, US, US, US, US, US, US, US, US, US, US, US, US, US, US, US, US, US, US, US, US, US, US, US, US, US, US, US, US, US, US, US, US, US, US, US, US, US, US, US, US, US, US, US, US, US, US, US, US, US, US, US, US, US, US, US, US, US, US, US, US, US, US, US, US, US, US, US, US, US, US, US, US, US, US, US, US, US, US, US, US, US, US, US, US, US, US, US, US, US, US, US, US, US, US, US, US, US, US, US, US, US, US, US, US, US, US, US, US, US, US, US, US, US, US, US, US, US, US, US, US, US, US, US, US, US, US, US, US, US, US, US, US, US, US, US, US, US, US, US, US, US, US, US, US, US, US, US, US, US, US, US, US, US, US, US, US, US, US, US, US, US, US, US, US, US, US, US, US, US, US, US, US, US, US, US, US, US, US, US, US, US, US, US, US, US, US, US, US, US, US, US, US, US, US, US, US, US, US, US, US, US, US, US, US, US, US, US, US, US, US, US, US, US, US, US, US, US, US, US, US, US, US, US, US, US, US, US, US, US, US, US, US, US, US, US, US, US, US, US, US, US, US, US, US, US, US, US, US, US, US, US, US, US, US, US, US, US, US, US, US, US, US, US, US, US, US, US, US, US, US, US, US, US, US, US, US, US, US, US, US, US, US, US, US, US, US, US, US, US, US, US, US, US, US, US, US, US, US, US, US, US, US, US, US, US, US, US, US, US, US, US, US, US, US, US, US, US, US, US, US, US, US, US, US, US, US, US, US, US, US, US, US, US, US, US, US, US, US, US, US, US, US, US, US, US, US, US, US, US, US, US, US, US, US, US, US, US, US, US, US, US, US, US, US, US, US, US, US, US, US, US, US, US, US, US, US, US, US, US, US, US, US, US, US, US, US, US, US, US, US, US, US, US, US, US, US, US, US, US, US, US, US, US, US, US, US, US, US, US, US, US, US, US, US, US, US, US, US, US, US, US, US, US, US, US, US, US, US, US, US, US, US, US, US, US, US, US, US, US, US, US, US, US, US, GE, ES, ES, ES, DE, DE, DE, DE, DE, DE, DE, DE, DE, DE, DE, DE, DE, US, US, AU, FR, FR, GE, EG, US, US, US, US, US, VN, AU, AU, CN, US, CA, CA, US, US, US, US, CA, US, US, US, CA, US, US, US, CN, CN, US, US, BR, CN, CN, US, CA, CA, CA, HK, AT, AT, ID, HU, US, BR, BA, CN, DE, DE, IN, DE, DE, BR, FI, TR, VN, HU, HU, HU, BR, IN, IN, FR, FR, US, US, FR, TR, TR, TR, US, US, US, US, US, US, US, US, US, US, US, US, US, US, US, US, US, US, US, US, US, IN, GB, BE, CZ, CN, PH, BR, PK, US, NP, BR, BR, DE, DE, DE, DE, DE, DE, DE, DE, DE, DE, FR, DE, DE, FR, US, US, US, US, GB, FR, US, ES, ES, BE, BE, UK, BE, IT, US, US, US, US, US, US, US, US, US, US, US, US, US, US, US, US, US, US, US, US, US, US, US, US, US, US, US, US, US, US, US, US, US, US, US, US, US, US, US, US, US, US, US, US, US, US, US, US, US, US, US, US, US, US, US, US, US, US, US, RO, IN, FR, DE, PT, ES, CH, FR, DE, US, US, PH, VN, FR, AT, EG, IN, IN, TW, HU, IN, ZA, IE, JP, US, SG, ID, IQ, ES, BR, BR, IN, PH, GB, GB, US, US, IN, IN, US, US, JP, EG, US, US, PT, ES, NP, HK, JP, MX, FR, US, US, US, US, US, IN, IN, IN, IN, IN, IN, IN, IN, IN, IN, IN, IN, IN, IN, IN, IN, IN, IN, IN, IN, IN, IN, IN, IN, IN, IN, US, US, US, BE, KZ, AU, FR, NG, PT, BR, FR, FR, TR, PL, MX, MA, US] contains RO
2023-10-14 12:51:03,658 INFO TestUniversities - University test started
2023-10-14 12:51:03,658 ERROR TestUniversities - University test started
2023-10-14 12:51:07,938 INFO TestUniversities - University test ended
2023-10-14 12:51:07,938 ERROR TestUniversities - University test ended
2023-12-20 10:59:59,571 ERROR TestUniversities - Assertion passed[RO, RO, RO, RO, RO, RO, RO, RO, RO, RO, RO, RO, RO, RO, RO, RO, RO, RO, RO, RO, RO, RO, RO, RO, RO, RO, RO, RO, RO, RO, RO, RO, RO, RO, RO, RO, RO, RO, RO, RO, RO, RO, RO, RO, RO, RO, RO, RO, RO, RO, RO, RO, RO, RO, RO, RO, RO, RO, RO, RO, RO, RO] contains RO
2023-12-20 11:00:01,148 ERROR TestUniversities - response is received
2023-12-20 11:00:01,158 ERROR TestUniversities - Assertion passed[UA, CL, FR, CN, GB, CN, GB, FR, FR, FR, US, IN, CA, US, IN, IN, US, US, US, US, US, IN, US, US, US, US, US, US, US, US, US, US, US, US, US, US, US, US, US, US, US, US, US, US, US, US, US, US, US, US, US, US, US, US, US, US, US, US, US, US, US, US, US, US, US, US, US, US, US, US, US, US, US, IN, US, US, US, US, US, US, US, US, US, US, US, US, US, US, US, US, US, US, US, US, US, US, US, US, US, US, US, US, US, US, US, US, US, US, US, US, US, US, US, US, US, US, US, US, US, US, US, US, US, US, US, US, US, US, US, US, US, US, US, US, US, US, US, US, US, US, US, US, US, US, US, US, US, US, US, US, US, US, US, US, US, US, US, US, US, US, US, US, US, US, US, US, US, US, US, US, US, US, US, US, US, US, US, US, US, US, US, US, US, US, US, US, US, US, US, US, US, US, US, US, US, US, US, US, US, US, US, US, US, US, US, US, US, US, US, US, US, US, US, US, US, US, US, US, US, US, US, US, US, US, US, US, US, US, US, US, US, US, US, US, US, US, US, US, US, US, US, US, US, US, US, US, US, US, US, US, US, US, US, US, US, US, US, US, US, US, US, US, US, US, US, US, US, US, US, US, US, US, US, US, US, US, US, US, US, US, US, US, US, US, US, US, US, US, US, US, US, US, US, US, US, US, US, US, US, US, US, US, US, US, US, US, US, US, US, US, US, US, US, US, US, US, US, US, US, US, US, US, US, US, US, US, US, US, US, US, US, US, US, US, US, US, US, US, US, US, US, US, US, US, US, US, US, US, US, US, US, US, US, US, US, US, US, US, US, US, US, US, US, US, US, US, US, US, US, US, IN, US, US, US, US, US, US, US, US, US, US, US, US, US, US, US, US, US, US, US, US, US, US, US, US, US, US, US, US, US, US, US, US, US, US, US, US, US, US, US, US, US, US, US, US, US, US, US, US, US, US, US, US, US, US, US, US, US, US, US, US, US, US, US, US, US, US, US, GB, US, US, US, US, US, US, US, US, US, US, US, US, US, US, US, US, US, US, US, US, US, US, US, US, US, US, US, US, US, US, US, US, US, US, US, US, US, US, US, US, US, US, US, US, US, US, US, US, US, US, US, US, US, US, US, US, US, US, US, US, US, US, US, US, US, US, US, US, US, US, US, US, US, US, US, US, US, US, US, US, US, US, US, US, US, US, US, US, US, US, US, US, US, US, US, US, US, US, US, US, US, US, US, US, US, US, US, US, US, US, US, US, US, US, US, CA, US, US, US, US, US, US, US, US, US, US, US, US, US, US, US, US, US, US, US, US, US, US, US, US, US, US, US, US, US, US, US, US, US, US, US, US, US, US, US, US, US, US, US, US, US, US, US, US, US, US, US, US, US, US, US, US, US, US, US, US, US, US, US, US, US, US, US, US, US, US, US, US, US, US, US, US, US, US, US, US, US, US, US, US, US, US, US, US, US, US, US, US, US, US, US, US, US, US, US, US, US, US, US, US, US, US, US, US, US, US, US, US, US, US, US, US, US, US, US, US, US, US, US, US, US, US, US, US, US, US, US, US, US, US, US, US, US, US, US, US, US, US, US, US, US, US, US, US, US, US, US, US, US, US, US, US, US, US, US, US, US, US, US, US, US, US, US, US, US, US, US, US, US, US, US, US, US, US, US, US, US, US, US, US, US, US, US, US, US, US, US, US, US, US, US, US, US, US, US, US, US, US, US, US, US, US, US, US, US, US, US, US, US, US, US, US, US, US, US, US, US, US, US, US, US, US, US, US, US, US, US, US, US, US, US, US, US, US, US, US, US, US, US, US, US, US, US, US, US, US, US, US, US, US, US, US, US, US, US, US, US, US, US, US, US, US, US, US, US, US, US, US, US, US, US, US, US, US, US, US, US, US, US, US, US, US, US, US, US, US, US, US, US, US, US, US, US, US, US, US, US, US, US, US, US, US, US, US, US, US, US, US, US, US, US, US, US, US, US, US, US, US, US, US, US, US, US, US, US, US, US, US, US, US, US, US, US, US, US, US, US, US, US, US, US, US, US, US, US, US, US, US, US, US, US, US, US, US, US, US, US, US, US, US, US, US, US, US, US, US, US, US, US, US, US, US, US, US, US, US, US, US, US, US, US, US, US, US, US, US, US, US, US, US, US, US, US, US, US, US, US, US, US, US, US, US, US, US, US, US, US, US, US, US, US, US, US, US, US, US, US, US, US, US, US, US, US, US, US, US, US, US, US, US, US, US, US, US, US, US, US, US, US, US, US, US, US, US, US, US, US, US, US, US, US, US, US, US, US, US, US, US, US, US, US, US, US, US, US, US, US, US, US, US, US, US, US, US, US, US, US, US, US, US, US, US, US, US, US, US, US, US, US, US, US, US, US, US, US, US, US, US, US, US, US, US, US, US, US, US, US, US, US, US, US, US, US, US, US, US, US, US, US, US, US, US, US, US, US, US, US, US, US, US, US, US, US, US, US, US, US, US, US, US, US, US, US, US, US, US, US, US, US, US, US, US, US, US, US, US, US, US, US, US, US, US, US, US, US, US, US, US, US, US, GB, US, US, US, US, US, US, US, US, US, US, US, US, US, US, US, US, US, US, US, US, US, US, US, US, US, US, US, US, US, US, US, US, US, US, US, US, US, US, US, US, US, US, US, US, US, US, US, US, US, US, US, US, US, US, US, US, US, US, US, US, US, US, US, US, US, US, US, US, US, US, US, US, US, US, US, US, US, US, US, US, US, US, US, US, US, US, US, US, US, US, US, US, US, US, US, US, US, US, US, US, US, US, US, US, US, US, US, US, US, US, US, US, US, US, US, US, US, US, US, US, US, US, US, US, US, US, AF, AF, AF, AF, AF, AF, AF, AF, AF, AF, AF, AF, AF, AF, AF, AF, AF, AF, AF, AF, AF, AF, AF, AF, AF, AF, AF, AF, AF, AF, AF, AF, AF, AF, AF, AF, AF, AF, AF, AF, AL, AL, AL, AL, AL, AL, AL, AL, AL, AL, AL, AL, AL, AL, AL, AL, DZ, DZ, DZ, DZ, DZ, DZ, DZ, DZ, DZ, DZ, DZ, DZ, DZ, DZ, DZ, DZ, DZ, DZ, DZ, DZ, DZ, DZ, DZ, DZ, DZ, DZ, DZ, DZ, DZ, AD, AO, AO, AO, AO, AO, AO, AO, AO, AG, AG, AR, AR, AR, AR, AR, AR, AR, AR, AR, AR, AR, AR, AR, AR, AR, AR, AR, AR, AR, AR, AR, AR, AR, AR, AR, AR, AR, AR, AR, AR, AR, AR, AR, AR, AR, AR, AR, AR, AR, AR, AR, AR, AR, AR, AR, AR, AR, AR, AR, AR, AR, AR, AR, AR, AR, AR, AR, AR, AR, AR, AR, AR, AR, AR, AR, AR, AR, AR, AR, AR, AR, AR, AR, AR, AR, AR, AR, AR, AR, AR, AR, AR, AR, AR, AR, AR, AM, AM, AM, AM, AM, AM, AM, AM, AM, AM, AM, AM, AU, AU, AU, AU, AU, AU, AU, AU, AU, AU, AU, AU, AU, AU, AU, AU, AU, AU, AU, AU, AU, AU, AU, AU, AU, AU, AU, AU, AU, AU, AU, AU, AU, AU, AU, AU, AU, AU, AU, AU, AU, AU, AU, AU, AU, AU, AU, AU, AU, AU, AT, AT, AT, AT, AT, AT, AT, AT, AT, AT, AT, AT, AT, AT, AT, AT, AT, AT, AT, AT, AT, AT, AT, AT, AT, AT, AT, AT, AT, AT, AT, AT, AT, AT, AT, AT, AT, AT, AT, AT, AT, AT, AT, AZ, AZ, AZ, AZ, AZ, AZ, AZ, AZ, AZ, AZ, AZ, AZ, AZ, AZ, AZ, AZ, AZ, AZ, AZ, AZ, AZ, AZ, AZ, AZ, AZ, AZ, AZ, AZ, AZ, AZ, AZ, AZ, BS, BH, BH, BH, BH, BH, BH, BH, BH, BH, BH, BH, BH, BD, BD, BD, BD, BD, BD, BD, BD, BD, BD, BD, BD, BD, BD, BD, BD, BD, BD, BD, BD, BD, BD, BD, BD, BD, BD, BD, BD, BD, BD, BD, BD, BD, BD, BD, BD, BD, BD, BD, BD, BD, BD, BD, BD, BD, BD, BD, BD, BD, BD, BD, BD, BD, BD, BD, BD, BD, BD, BD, BD, BD, BD, BD, BD, BD, BD, BD, BD, BD, BD, BD, BD, BD, BD, BD, BB, BY, BY, BY, BY, BY, BY, BY, BY, BY, BY, BY, BY, BY, BY, BY, BY, BY, BY, BY, BY, BY, BY, BY, BY, BY, BY, BY, BY, BY, BY, BY, BY, BY, BY, BE, BE, BE, BE, BE, BE, BE, BE, BE, BE, BE, BE, BE, BE, BE, BE, BE, BE, BE, BE, BE, BE, BE, BE, BE, BE, BE, BE, BE, BE, BE, BE, BE, BE, BE, BE, BE, BE, BE, BE, BE, BE, BE, BE, BE, BZ, BZ, BZ, BZ, BZ, BJ, BJ, BJ, BM, BT, BO, BO, BO, BO, BO, BO, BO, BO, BO, BO, BO, BO, BO, BO, BO, BO, BO, BO, BO, BO, BO, BO, BO, BO, BO, BO, BO, BO, BO, BO, BO, BA, BA, BA, BA, BA, BA, BA, BA, BA, BA, BA, BA, BA, BA, BA, BW, BW, BW, BW, BW, BW, BW, BW, BR, BR, BR, BR, BR, BR, BR, BR, BR, BR, BR, BR, BR, BR, BR, BR, BR, BR, BR, BR, BR, BR, BR, BR, BR, BR, BR, BR, BR, BR, BR, BR, BR, BR, BR, BR, BR, BR, BR, BR, BR, BR, BR, BR, BR, BR, BR, BR, BR, BR, BR, BR, BR, BR, BR, BR, BR, BR, BR, BR, BR, BR, BR, BR, BR, BR, BR, BR, BR, BR, BR, BR, BR, BR, BR, BR, BR, BR, BR, BR, BR, BR, BR, BR, BR, BR, BR, BR, BR, BR, BR, BR, BR, BR, BR, BR, BR, BR, BR, BR, BR, BR, BR, BR, BR, BR, BR, BR, BR, BR, BR, BR, BR, BR, BR, BR, BR, BR, BR, BR, BR, BR, BR, BR, BR, BR, BR, BR, BR, BR, BR, BR, BR, BR, BR, BR, BR, BR, BR, BR, BR, BR, BR, BR, BR, BR, BR, BR, BR, BR, BR, BR, BR, BR, BR, BR, BR, BR, BR, BR, BR, BR, BR, BR, BR, BR, BR, BN, BN, BN, BG, BG, BG, BG, BG, BG, BG, BG, BG, BG, BG, BG, BG, BG, BG, BG, BG, BG, BG, BG, BG, BG, BG, BG, BG, BG, BG, BG, BG, BG, BG, BG, BG, BG, BG, BG, BF, MM, MM, MM, MM, MM, BI, BI, BI, KH, KH, KH, KH, KH, KH, KH, KH, KH, KH, KH, KH, KH, KH, KH, KH, KH, KH, KH, KH, KH, CM, CM, CM, CM, CM, CM, CM, CM, CM, CM, CA, CA, CA, CA, CA, CA, CA, CA, CA, CA, CA, CA, CA, CA, CA, CA, CA, CA, CA, CA, CA, CA, CA, CA, CA, CA, CA, CA, CA, CA, CA, CA, CA, CA, CA, CA, CA, CA, CA, CA, CA, CA, CA, CA, CA, CA, CA, CA, CA, CA, CA, CA, CA, CA, CA, CA, CA, CA, CA, CA, CA, CA, CA, CA, CA, CA, CA, CA, CA, CA, CA, CA, CA, CA, CA, CA, CA, CA, CA, CA, CA, CA, CA, CA, CA, CA, CA, CA, CA, CA, CA, CA, CA, CA, CA, CA, CA, CA, CA, CA, CA, CA, CA, CA, CA, CA, CA, CA, CA, CA, CA, CA, CA, CA, CA, CA, CA, CA, CA, CA, CA, CA, CA, CA, CA, CA, CA, CA, CA, CA, CA, CA, CA, CA, CA, CA, CA, CA, CA, CA, CA, CV, KY, KY, CF, TD, CL, CL, CL, CL, CL, CL, CL, CL, CL, CL, CL, CL, CL, CL, CL, CL, CL, CL, CL, CL, CL, CL, CL, CL, CL, CL, CL, CL, CL, CL, CL, CL, CL, CL, CL, CL, CL, CL, CL, CL, CL, CL, CL, CL, CL, CL, CL, CL, CL, CL, CL, CL, CL, CL, CL, CL, CL, CL, CL, CL, CL, CL, CL, CN, CN, CN, CN, CN, CN, CN, CN, CN, CN, CN, CN, CN, CN, CN, CN, CN, CN, CN, CN, CN, CN, CN, CN, CN, CN, CN, CN, CN, CN, CN, CN, CN, CN, CN, CN, CN, CN, CN, CN, CN, CN, CN, CN, CN, CN, CN, CN, CN, CN, CN, CN, CN, CN, CN, CN, CN, CN, CN, CN, CN, CN, CN, CN, CN, CN, CN, CN, CN, CN, CN, CN, CN, CN, CN, CN, CN, CN, CN, CN, CN, CN, CN, CN, CN, CN, CN, CN, CN, CN, CN, CN, CN, CN, CN, CN, CN, CN, CN, CN, CN, CN, CN, CN, CN, CN, CN, CN, CN, CN, CN, CN, CN, US, CN, CN, CN, CN, CN, CN, CN, CN, CN, CN, CN, CN, CN, CN, CN, CN, CN, CN, CN, CN, CN, CN, CN, CN, CN, CN, CN, CN, CN, CN, CN, CN, CN, CN, CN, CN, CN, CN, CN, CN, CN, CN, CN, CN, CN, CN, CN, CN, CN, CN, CN, CN, CN, CN, CN, CN, CN, CN, CN, CN, CN, CN, CN, CN, CN, CN, CN, CN, CN, CN, CN, CN, CN, CN, CN, CN, CN, CN, CN, CN, CN, CN, CN, CN, CN, CN, CN, CN, CN, CN, CN, CN, CN, CN, CN, CN, CN, CN, CN, CN, CN, CN, CN, CN, CN, CN, CN, CN, CN, CN, CN, CN, CN, CN, CN, CN, CN, CN, CN, CN, CN, CN, CN, CN, CN, CN, CN, CN, CN, CN, CN, CN, CN, CN, CN, CN, CN, CN, CN, CN, CN, CN, CN, CN, CN, CN, CN, CN, CN, CN, CN, CN, CN, CN, CN, CN, CN, CN, CN, CN, CN, CN, CN, CN, CN, CN, CN, CN, CN, CN, CN, CN, CN, CN, CN, CN, CN, CN, CN, CN, CN, CN, CN, CN, CN, CN, CN, CN, CN, CN, CN, CN, CN, CN, CN, CN, CN, CN, CN, CN, CN, CN, CN, CN, CN, CN, CN, CN, CN, CN, CN, CN, CN, CN, CN, CN, CN, CN, CN, CN, CN, CN, CN, CN, CN, CN, CN, CN, CN, CN, CN, CN, CN, CN, CN, CN, CN, CN, CN, CN, CN, CN, CN, CN, CN, CN, CN, CN, CN, CN, CN, CN, CN, CN, CN, CN, CN, CN, CN, CN, CN, CN, CN, CN, CN, CN, CN, CN, CN, CN, CN, CN, CO, CO, CO, CO, CO, CO, CO, CO, CO, CO, CO, CO, CO, CO, CO, CO, CO, CO, CO, CO, CO, CO, CO, CO, CO, CO, CO, CO, CO, CO, CO, CO, CO, CO, CO, CO, CO, CO, CO, CO, CO, CO, CO, CO, CO, CO, CO, CO, CO, CO, CO, CO, CO, CO, CO, CO, CO, CO, CO, CO, CO, CO, CO, CO, CO, CO, CO, CO, CO, CO, CO, CO, CO, CO, CO, CO, CO, CO, CO, CO, CO, CO, CO, CO, CO, CO, CO, CO, CO, CO, CO, CO, CO, CO, CO, CO, CO, CO, CO, CO, CO, CD, CD, CD, CD, CD, CD, CD, CD, CD, CD, CG, CR, CR, CR, CR, CR, CR, CR, CR, CR, CR, CR, CR, CR, CR, CR, CR, CR, CR, CR, CR, CR, CR, CR, CR, CR, CR, CR, CR, CR, CR, CR, CI, CI, CI, IR, PL, PL, HR, HR, HR, HR, HR, HR, HR, HR, HR, HR, HR, HR, CU, CU, CU, CU, CU, CU, CU, CU, CU, CU, CU, CU, CU, CY, CY, CY, CY, CY, CY, CY, CY, CY, CY, CY, CY, CY, CY, CY, CY, CZ, CZ, CZ, CZ, CZ, CZ, CZ, CZ, CZ, CZ, CZ, CZ, CZ, CZ, CZ, CZ, CZ, CZ, CZ, CZ, CZ, CZ, CZ, CZ, CZ, CZ, CZ, CZ, DK, DK, DK, DK, DK, DK, DK, DK, DK, DK, DK, DK, DK, DK, DK, DK, DK, DK, DK, DK, DK, DK, DK, DK, DK, DK, DK, DK, DK, DK, DK, DK, DJ, DM, DM, DM, DO, DO, DO, DO, DO, DO, DO, DO, DO, DO, DO, DO, DO, DO, DO, DO, DO, DO, DO, DO, DO, DO, DO, DO, DO, DO, EC, US, EC, EC, EC, EC, EC, EC, EC, EC, EC, EC, EC, EC, EC, EC, EC, EC, EC, EC, EC, EC, EC, EC, EC, EC, EC, EC, EC, EC, EC, EC, EC, EC, EC, EC, EC, EC, EC, EC, EC, EC, EC, EC, EG, EG, EG, EG, EG, EG, EG, EG, EG, EG, EG, EG, EG, EG, EG, EG, EG, EG, EG, EG, EG, EG, EG, EG, EG, EG, EG, EG, EG, EG, EG, EG, EG, EG, EG, EG, EG, EG, EG, EG, EG, SV, SV, SV, SV, SV, SV, SV, SV, SV, SV, SV, SV, SV, SV, SV, SV, SV, SV, SV, SV, SV, SV, SV, SV, SV, GQ, ER, EE, EE, EE, EE, EE, EE, EE, EE, EE, EE, ET, ET, ET, ET, ET, ET, ET, ET, ET, ET, ET, ET, ET, ET, ET, ET, ET, ET, ET, ET, ET, ET, ET, ET, ET, ET, ET, ET, ET, ET, FO, FJ, FJ, FJ, FJ, FI, FI, FI, FI, FI, FI, FI, FI, FI, FI, FI, FI, FI, FI, FI, FI, FI, FI, FI, FI, FI, FI, FI, FI, FI, FI, FI, FI, FI, FI, FI, FI, FI, FI, FR, FR, FR, FR, FR, FR, FR, FR, FR, FR, FR, FR, FR, FR, FR, FR, FR, FR, FR, FR, FR, FR, FR, FR, FR, FR, FR, FR, FR, FR, FR, FR, FR, FR, FR, FR, FR, FR, FR, FR, FR, FR, FR, FR, FR, FR, FR, FR, FR, FR, FR, FR, FR, FR, FR, FR, FR, FR, FR, FR, FR, FR, FR, FR, FR, FR, FR, FR, FR, FR, FR, FR, FR, FR, FR, FR, FR, FR, FR, FR, FR, FR, FR, FR, FR, FR, FR, FR, FR, FR, FR, FR, FR, FR, FR, FR, FR, FR, FR, FR, FR, FR, FR, FR, FR, FR, FR, FR, FR, FR, FR, FR, FR, FR, FR, FR, FR, FR, FR, FR, FR, FR, FR, FR, FR, FR, FR, FR, FR, FR, FR, FR, FR, FR, FR, FR, FR, FR, FR, FR, FR, FR, FR, FR, FR, FR, FR, FR, FR, FR, FR, FR, FR, FR, FR, FR, FR, FR, FR, FR, FR, FR, FR, FR, FR, FR, FR, FR, FR, FR, FR, FR, FR, FR, FR, FR, FR, FR, FR, FR, FR, FR, FR, FR, FR, FR, FR, FR, FR, FR, FR, FR, FR, FR, FR, FR, FR, FR, FR, FR, FR, FR, FR, FR, FR, FR, FR, FR, FR, FR, FR, FR, FR, FR, FR, FR, FR, FR, FR, FR, FR, FR, FR, FR, FR, FR, FR, FR, FR, FR, FR, FR, FR, FR, FR, FR, FR, FR, FR, FR, FR, FR, FR, FR, FR, FR, FR, FR, FR, FR, FR, FR, FR, FR, FR, FR, FR, FR, GF, PF, GA, GM, GM, GM, GE, GE, GE, GE, GE, GE, GE, GE, GE, GE, GE, GE, GE, DE, DE, DE, DE, DE, DE, DE, DE, DE, DE, DE, DE, DE, DE, DE, DE, DE, DE, DE, DE, DE, DE, DE, DE, DE, DE, DE, DE, DE, DE, DE, DE, DE, DE, DE, DE, DE, DE, DE, DE, DE, DE, DE, DE, DE, DE, DE, DE, DE, DE, DE, DE, DE, DE, DE, DE, DE, DE, DE, DE, DE, DE, DE, DE, DE, DE, DE, DE, DE, DE, DE, DE, DE, DE, DE, DE, DE, DE, DE, DE, DE, DE, DE, DE, DE, DE, DE, DE, DE, DE, DE, DE, DE, DE, DE, DE, DE, DE, DE, DE, DE, DE, DE, DE, DE, DE, DE, DE, DE, DE, DE, DE, DE, DE, DE, DE, DE, DE, DE, DE, DE, DE, DE, DE, DE, DE, DE, DE, DE, DE, DE, DE, DE, DE, DE, DE, DE, DE, DE, DE, DE, DE, DE, DE, DE, DE, DE, DE, DE, DE, DE, DE, DE, DE, DE, DE, DE, DE, DE, DE, DE, DE, DE, DE, DE, DE, DE, DE, DE, DE, DE, DE, DE, DE, DE, DE, DE, DE, DE, DE, DE, DE, DE, DE, DE, DE, DE, DE, DE, DE, DE, DE, DE, DE, DE, DE, DE, DE, DE, DE, DE, DE, DE, DE, DE, DE, DE, DE, DE, DE, DE, DE, DE, DE, DE, DE, DE, DE, DE, DE, DE, DE, DE, DE, DE, DE, DE, DE, DE, DE, DE, DE, DE, DE, DE, DE, DE, DE, DE, DE, DE, DE, DE, DE, DE, DE, DE, DE, DE, DE, DE, DE, DE, DE, DE, DE, DE, DE, DE, DE, DE, DE, DE, DE, DE, DE, DE, DE, DE, DE, DE, DE, DE, DE, DE, DE, DE, DE, DE, DE, DE, GH, GH, GH, GH, GH, GH, GH, GH, GH, GH, GH, GH, GH, GH, GH, GH, GH, GH, GH, GH, GH, GH, GH, GH, GH, GH, GH, GH, GH, GH, GR, GR, GR, GR, GR, GR, GR, GR, GR, GR, GR, GR, GR, GR, GR, GR, GR, GR, GR, GR, GR, GR, GR, GR, GR, GR, GR, GR, GR, GR, GR, GR, GR, GR, GR, GR, GR, GR, GR, GR, GR, GR, GR, GR, GR, GR, GR, GR, GR, GL, GD, GP, GU, GT, GT, GT, GT, GT, GT, GT, GT, GT, GT, GT, GN, GN, GN, GN, GY, GY, GY, GY, HT, HT, HT, HT, HT, HT, VA, VA, VA, VA, VA, HN, HN, HN, HN, HN, HN, HN, HN, HN, HK, HK, HK, HK, HK, HK, HK, HK, HK, HK, HK, HK, HK, HU, HU, HU, HU, HU, HU, HU, HU, HU, HU, HU, HU, HU, HU, HU, HU, HU, HU, HU, HU, HU, HU, HU, HU, HU, HU, HU, HU, HU, HU, HU, HU, HU, HU, HU, HU, HU, IS, IS, IS, IS, IS, IS, IS, IS, IS, IS, IN, IN, IN, IN, IN, IN, IN, IN, IN, IN, IN, IN, IN, IN, IN, IN, IN, IN, IN, IN, IN, IN, IN, IN, IN, IN, IN, IN, IN, IN, IN, IN, IN, IN, IN, IN, IN, IN, IN, IN, IN, IN, IN, IN, IN, IN, IN, IN, IN, IN, IN, IN, IN, IN, IN, IN, IN, IN, IN, IN, IN, IN, IN, IN, IN, IN, IN, IN, IN, IN, IN, IN, IN, IN, IN, IN, IN, IN, IN, IN, IN, IN, IN, IN, IN, IN, IN, IN, IN, IN, IN, IN, IN, IN, IN, IN, IN, IN, IN, IN, IN, IN, IN, IN, IN, IN, IN, IN, IN, IN, IN, IN, IN, IN, IN, IN, IN, IN, IN, IN, IN, IN, IN, IN, IN, IN, IN, IN, IN, IN, IN, IN, IN, IN, IN, IN, IN, IN, IN, IN, IN, PK, IN, IN, IN, IN, IN, IN, IN, IN, IN, IN, IN, IN, IN, IN, IN, IN, IN, IN, IN, IN, IN, IN, IN, IN, IN, IN, IN, IN, IN, IN, IN, IN, IN, IN, IN, IN, IN, IN, IN, IN, IN, IN, IN, IN, IN, IN, IN, IN, IN, IN, IN, IN, IN, IN, IN, IN, IN, IN, IN, IN, IN, IN, IN, IN, IN, IN, IN, IN, IN, IN, IN, IN, IN, IN, IN, IN, IN, IN, IN, IN, IN, IN, IN, IN, IN, IN, IN, IN, IN, IN, IN, IN, IN, IN, IN, IN, IN, IN, IN, IN, IN, IN, IN, IN, IN, IN, IN, IN, IN, IN, IN, IN, IN, IN, IN, IN, IN, IN, IN, IN, IN, IN, IN, IN, IN, IN, IN, IN, IN, IN, IN, IN, IN, IN, IN, IN, IN, IN, IN, IN, IN, IN, IN, IN, IN, IN, IN, IN, IN, IN, IN, IN, IN, IN, IN, IN, IN, IN, IN, IN, IN, IN, IN, IN, IN, IN, IN, IN, IN, IN, IN, IN, IN, IN, IN, IN, IN, IN, IN, IN, IN, IN, IN, IN, IN, IN, IN, IN, IN, IN, IN, IN, IN, IN, IN, IN, IN, IN, IN, IN, IN, IN, IN, IN, IN, IN, IN, IN, IN, IN, IN, IN, IN, IN, IN, IN, IN, IN, IN, IN, IN, IN, IN, IN, IN, IN, IN, IN, IN, IN, IN, IN, IN, IN, IN, IN, IN, IN, IN, IN, IN, IN, IN, IN, IN, ID, ID, ID, ID, ID, ID, ID, ID, ID, ID, ID, ID, ID, ID, ID, ID, ID, ID, ID, ID, ID, ID, ID, ID, ID, ID, ID, ID, ID, ID, ID, ID, ID, ID, ID, ID, ID, ID, ID, ID, ID, ID, ID, ID, ID, ID, ID, ID, ID, ID, ID, ID, ID, ID, ID, ID, ID, ID, ID, ID, ID, ID, ID, ID, ID, ID, ID, ID, ID, ID, ID, ID, ID, ID, ID, ID, ID, ID, ID, ID, ID, ID, ID, ID, ID, ID, ID, ID, ID, ID, ID, ID, ID, ID, ID, ID, ID, ID, ID, ID, ID, ID, ID, ID, ID, ID, ID, ID, ID, ID, ID, ID, ID, ID, ID, ID, ID, ID, ID, ID, ID, ID, ID, ID, ID, ID, ID, ID, ID, ID, ID, ID, ID, ID, ID, ID, ID, ID, ID, ID, ID, ID, ID, ID, ID, ID, ID, ID, ID, ID, ID, ID, ID, ID, ID, ID, ID, ID, ID, ID, ID, ID, ID, ID, ID, ID, ID, ID, ID, ID, ID, ID, ID, ID, ID, ID, ID, ID, ID, ID, ID, ID, ID, ID, ID, ID, ID, ID, ID, IR, IR, IR, IR, IR, IR, IR, IR, IR, IR, IR, IR, IR, IR, IR, IR, IR, IR, IR, IR, IR, IR, IR, IR, IR, IR, IR, IR, IR, IR, IR, IR, IR, IR, IR, IR, IR, IR, IR, IR, IR, IR, IR, IR, IR, IR, IR, IR, IR, IR, IR, IR, IR, IR, IR, IR, IR, IR, IR, IR, IR, IR, IR, IR, IR, IR, IR, IR, IR, IR, IR, IR, IR, IR, IR, IR, IR, IR, IR, IR, IR, IR, IR, IR, IR, IR, IR, IR, IR, IR, IR, IR, IR, IR, IR, IR, IR, IR, IR, IR, IR, IR, IR, IR, IR, IR, IR, IR, IR, IR, IR, IR, IR, IR, IR, IR, IR, IR, IR, IR, IR, IR, IR, IR, IR, IR, IR, IR, IR, IR, IR, IR, IR, IR, IR, IR, IR, IR, IR, IR, IR, IR, IR, IR, IR, IR, IR, IR, IR, IR, IR, IR, IR, IR, IR, IR, IR, IR, IR, IR, IR, IR, IR, IR, IR, IR, IR, IR, IR, IR, IR, IR, IR, IR, IR, IR, IR, IR, IR, IR, IR, IR, IR, IR, IR, IR, IR, IR, IR, IR, IR, IR, IQ, IQ, IQ, IQ, IQ, IQ, IQ, IQ, IQ, IQ, IQ, IQ, IQ, IQ, IQ, IQ, IQ, IQ, IQ, IQ, IQ, IQ, IQ, IQ, IQ, IQ, IQ, IQ, IQ, IQ, IQ, IQ, IQ, IQ, IQ, IQ, IQ, IQ, IQ, IQ, IQ, IQ, IQ, IQ, IQ, IQ, IE, IE, IE, IE, IE, IE, IE, IE, IE, IE, IE, IE, IE, IE, IE, IE, IE, IE, IE, IE, IE, IE, IE, IL, IL, IL, IL, IL, IL, IL, IL, IL, IL, IL, IL, IL, IL, IL, IL, IL, IL, IL, IL, IL, IL, IL, IT, IT, IT, IT, IT, IT, IT, IT, IT, IT, IT, IT, IT, IT, IT, IT, IT, IT, IT, IT, IT, IT, IT, IT, IT, IT, IT, IT, IT, IT, IT, IT, IT, IT, IT, IT, IT, IT, IT, IT, IT, IT, IT, IT, IT, IT, IT, IT, IT, IT, IT, IT, IT, IT, IT, IT, IT, IT, IT, IT, IT, IT, IT, IT, IT, IT, IT, IT, IT, IT, IT, IT, IT, IT, IT, IT, IT, IT, IT, IT, IT, IT, IT, IT, IT, IT, IT, IT, IT, IT, IT, IT, JM, JM, JM, JP, JP, JP, JP, JP, JP, JP, JP, JP, JP, JP, JP, JP, JP, JP, JP, JP, JP, JP, JP, JP, JP, JP, JP, JP, JP, JP, JP, JP, JP, JP, JP, JP, JP, JP, JP, JP, JP, JP, JP, JP, JP, JP, JP, JP, JP, JP, JP, JP, JP, JP, JP, JP, JP, JP, JP, JP, JP, JP, JP, JP, JP, JP, JP, JP, JP, JP, JP, JP, JP, JP, JP, JP, JP, JP, JP, JP, JP, JP, JP, JP, JP, JP, JP, JP, JP, JP, JP, JP, JP, JP, JP, JP, JP, JP, JP, JP, JP, JP, JP, JP, JP, JP, JP, JP, JP, JP, JP, JP, JP, JP, JP, JP, JP, JP, JP, JP, JP, JP, JP, JP, JP, JP, JP, JP, JP, JP, JP, JP, JP, JP, JP, JP, JP, JP, JP, JP, JP, JP, JP, JP, JP, JP, JP, JP, JP, JP, JP, JP, JP, JP, JP, JP, JP, JP, JP, JP, JP, JP, JP, JP, JP, JP, JP, JP, JP, JP, JP, JP, JP, JP, JP, JP, JP, JP, JP, JP, JP, JP, JP, JP, JP, JP, JP, JP, JP, JP, JP, JP, JP, JP, JP, JP, JP, JP, JP, JP, JP, JP, JP, JP, JP, JP, JP, JP, JP, JP, JP, JP, JP, JP, JP, JP, JP, JP, JP, JP, JP, JP, JP, JP, JP, JP, JP, JP, JP, JP, JP, JP, JP, JP, JP, JP, JP, JP, JP, JP, JP, JP, JP, JP, JP, JP, JP, JP, JP, JP, JP, JP, JP, JP, JP, JP, JP, JP, JP, JP, JP, JP, JP, JP, JP, JP, JP, JP, JP, JP, JP, JP, JP, JP, JP, JP, JP, JP, JP, JP, JP, JP, JP, JP, JP, JP, JP, JP, JP, JP, JP, JP, JP, JP, JP, JP, JP, JP, JP, JP, JP, JP, JP, JP, JP, JP, JP, JP, JP, JP, JP, JP, JP, JP, JP, JP, JP, JP, JP, JP, JP, JP, JP, JP, JP, JP, JP, JP, JP, JP, JP, JP, JP, JP, JP, JP, JP, JP, JP, JP, JP, JP, JP, JP, JP, JP, JP, JP, JP, JP, JP, JP, JP, JP, JP, JP, JP, JP, JP, JP, JP, JP, JP, JP, JP, JP, JP, JP, JP, JP, JP, JP, JP, JP, JP, JP, JP, JP, JP, JP, JP, JP, JP, JP, JP, JP, JP, JP, JP, JP, JP, JP, JP, JP, JP, JP, JP, JP, JP, JP, JP, JP, JP, JP, JP, JP, JP, JP, JP, JP, JP, JP, JP, JP, JP, JP, JP, JP, JP, JP, JP, JP, JP, JP, JP, JP, JP, JP, JP, JP, JP, JP, JP, JP, JP, JP, JP, JP, JP, JP, JP, JP, JP, JP, JP, JP, JP, JP, JP, JP, JP, JP, JP, JP, JP, JP, JP, JP, JP, JP, JP, JP, JP, JP, JP, JP, JP, JP, JP, JP, JP, JP, JP, JP, JP, JP, JP, JP, JP, JP, JP, JP, JP, JP, JP, JP, JP, JP, JP, JP, JP, JP, JP, JP, JP, JP, JP, JP, JP, JP, JP, JP, JP, JP, JP, JP, JP, JP, JP, JP, JP, JP, JP, JP, JP, JP, JP, JP, JP, JP, JP, JP, JP, JP, JP, JP, JP, JP, JP, JP, JP, JP, JP, JP, JP, JP, JP, JP, JP, JP, JP, JP, JP, JP, JP, JP, JP, JP, JP, JP, JP, JP, JP, JP, JP, JP, JP, JP, JP, JP, JP, JP, JP, JP, JP, JP, JP, JP, JO, JO, JO, JO, JO, JO, JO, JO, JO, JO, JO, JO, JO, JO, JO, JO, JO, JO, JO, JO, JO, JO, JO, JO, JO, JO, JO, JO, JO, KZ, KZ, KZ, KZ, KZ, KZ, KZ, KZ, KZ, KZ, KZ, KZ, KZ, KZ, KZ, KZ, KZ, KZ, KZ, KZ, KZ, KZ, KZ, KZ, KZ, KZ, KZ, KZ, KE, KE, KE, KE, KE, KE, KE, KE, KE, KE, KE, KE, KE, KE, KE, KE, KE, KE, KE, KE, KE, KE, KE, KE, KE, KE, KE, KE, KE, KE, KE, KE, KE, KE, KE, KE, KE, KE, KE, KE, KE, KE, KE, KE, KE, KE, KE, KE, KE, KP, KR, KR, KR, KR, KR, KR, KR, KR, KR, KR, IN, KR, KR, KR, KR, KR, KR, KR, KR, KR, KR, KR, KR, KR, KR, KR, KR, KR, KR, KR, KR, KR, KR, KR, KR, KR, KR, KR, KR, KR, KR, KR, KR, KR, KR, KR, KR, KR, KR, KR, KR, KR, KR, KR, KR, KR, KR, KR, KR, KR, KR, KR, KR, KR, KR, KR, KR, KR, KR, KR, KR, KR, KR, KR, KR, KR, KR, KR, KR, KR, KR, KR, KR, KR, KR, KR, KR, KR, KR, KR, KR, KR, KR, KR, KR, KR, KR, KR, KR, KR, KR, KR, KR, KR, KR, KR, KR, KR, KR, KR, KR, KR, KR, KR, KR, KR, KR, KR, KR, KR, KR, KR, KR, KR, KR, KR, KR, KR, KR, KR, KR, KR, KR, KR, KR, KR, KR, KR, KR, KR, KR, KR, KR, KR, KR, KR, KR, KR, KR, KR, KR, KR, KR, KR, KR, KR, KR, KR, KR, KR, KR, KR, KR, KR, KR, KR, KR, KR, KR, KR, KR, KR, KR, KR, KR, KR, KR, KR, KR, KR, KR, KR, KR, KR, KR, KR, KR, KR, KR, KR, KR, KR, KR, KR, KR, KR, KR, KR, KR, KR, KR, KR, KR, KR, KR, KR, KR, KR, KR, KR, KR, KR, KR, KR, KR, KR, KR, KR, KR, KR, KR, KR, KR, KR, KR, KR, KR, KR, KR, KR, KR, KR, KR, KR, KR, KR, KR, KR, KR, KR, KR, KR, KR, XK, XK, XK, XK, XK, KW, KW, KW, KW, KW, KW, KW, KW, KG, KG, KG, KG, KG, KG, KG, KG, KG, KG, KG, KG, KG, LA, LA, LV, LV, LV, LV, LV, LV, LV, LV, LV, LV, LV, LV, LV, LV, LV, LV, LV, LV, LV, LV, LV, LV, LB, LB, LB, LB, LB, LB, LB, LB, LB, LB, LB, LB, LB, LB, LB, LB, LB, LB, LB, LB, LB, LB, LB, LB, LS, LR, LY, LY, LY, LY, LY, LY, LY, LY, LY, LY, LY, LI, LI, LT, LT, LT, LT, LT, LT, LT, LT, LT, LT, LT, LT, LT, LT, LT, LT, LT, LU, LU, MO, MO, MO, MK, MK, MK, MK, MK, MK, MK, MK, MG, MG, MG, MG, MG, MG, MW, MW, MW, MW, MW, MW, MW, MW, MY, MY, MY, MY, MY, MY, MY, MY, MY, MY, MY, MY, MY, MY, MY, MY, MY, MY, MY, MY, MY, MY, MY, MY, MY, MY, MY, MY, MY, MY, MY, MY, MY, MY, MY, MY, MY, MY, MY, MY, MY, MY, MY, MY, MY, MY, MY, MY, MY, MY, MY, MY, MY, MY, MY, MY, MY, MY, MY, MY, MY, MY, MY, MY, MY, MY, MY, MY, MY, MY, MY, MY, MY, MY, MY, MY, MY, MY, MY, MY, MY, MY, MY, MY, MY, MY, MY, MY, MY, MY, MY, MY, MY, MY, MY, MY, MY, MY, MY, MY, MY, MY, MY, MY, MY, MY, MY, MY, MY, MY, MY, MY, MY, MY, MY, MY, MY, MY, MY, MY, MY, MY, MY, MY, MY, MY, MY, MY, MY, MY, MY, MY, MY, MY, MY, MY, MY, MY, MY, MY, MY, MY, MY, MY, MV, MV, MV, ML, MT, MT, MT, MR, MU, MU, MX, MX, MX, MX, MX, MX, MX, MX, MX, MX, MX, MX, MX, MX, MX, MX, MX, MX, MX, MX, MX, MX, MX, MX, MX, MX, MX, MX, MX, MX, MX, MX, MX, MX, MX, MX, MX, MX, MX, MX, MX, MX, MX, MX, MX, MX, MX, MX, MX, MX, MX, MX, MX, MX, MX, MX, MX, MX, MX, MX, MX, MX, MX, MX, MX, MX, MX, MX, MX, MX, MX, MX, MX, MX, MX, MX, MX, MX, MX, MX, MX, MX, MX, MX, MX, MX, MX, MX, MX, MX, MX, MX, MX, MX, MX, MX, MX, MX, MX, MX, MX, MX, MX, MX, MX, MX, MX, MX, MX, MX, MX, MX, MX, MX, MX, MX, MX, MX, MX, MX, MX, MX, MX, MX, MX, MX, MX, MX, MX, MX, MX, MX, MX, MX, MX, MX, MX, MX, MX, MX, MX, MX, MX, MX, MX, MX, MX, MX, MX, MX, MX, MX, MX, MX, MX, MX, MX, MX, MX, MX, MX, MX, MX, MD, MD, MD, MD, MD, MD, MD, MD, MD, MD, MD, MD, MC, MN, MN, MN, MN, MN, MN, MN, MN, MN, MN, ME, MS, MA, MA, MA, MA, MA, MA, MA, MA, MA, MA, MA, MA, MA, MA, MA, MA, MA, MA, MA, MA, MA, MA, MA, MA, MA, MA, MA, MA, MA, MA, MZ, MZ, MZ, MZ, MZ, MZ, MZ, MZ, NA, NA, NA, NA, NA, NP, NP, NP, NP, NP, NP, NP, NP, NL, NL, NL, NL, NL, NL, NL, NL, NL, NL, NL, NL, NL, NL, NL, NL, NL, NL, NL, NL, NL, NL, NL, NL, NL, NL, NL, NL, NL, NL, NL, NL, NL, NL, NL, NL, NL, NL, NL, NL, NL, NL, NL, NL, NL, NC, NZ, NZ, NZ, NZ, NZ, NZ, NZ, NZ, NZ, NZ, NZ, NI, NI, NI, NI, NI, NI, NI, NI, NI, NI, NI, NI, NI, NI, NI, NI, NI, NE, NG, NG, NG, NG, NG, NG, NG, NG, NG, NG, NG, NG, NG, NG, NG, NG, NG, NG, NG, NG, NG, NG, NG, NG, NG, NG, NG, NG, NG, NG, NG, NG, NG, NG, NG, NG, NG, NG, NG, NG, NG, NG, NG, NG, NG, NG, NG, NG, NG, NG, NG, NG, NG, NG, NG, NG, NG, NG, NG, NG, NG, NG, NG, NG, NG, NG, NG, NG, NG, NG, NG, NG, NG, NG, NG, NG, NG, NG, NG, NG, NG, NG, NG, NG, NG, NG, NG, NG, NG, NG, NG, NG, NG, NG, NG, NG, NG, NG, NG, NG, NG, NG, NG, NG, NG, NG, NG, NG, NG, NG, NG, NG, NG, NG, NU, NO, NO, NO, NO, NO, NO, NO, NO, NO, NO, NO, NO, NO, NO, NO, NO, NO, NO, NO, NO, NO, NO, NO, OM, OM, OM, OM, OM, OM, OM, OM, OM, OM, OM, PK, PK, PK, PK, PK, PK, PK, PK, PK, PK, PK, PK, PK, PK, PK, PK, PK, PK, PK, PK, PK, PK, PK, PK, PK, PK, PK, PK, PK, PK, PK, PK, PK, PK, PK, PK, PK, PK, PK, PK, PK, PK, PK, PK, PK, PK, PK, PK, PK, PK, PK, PK, PK, PK, PK, PK, PK, PK, PK, PK, PK, PK, PK, PK, PK, PK, PK, PK, PK, PK, PK, PK, PK, PK, PK, PK, PK, PK, PK, PK, PK, PK, PK, PK, PK, PK, PK, PK, PK, PK, PK, PK, PK, PK, PK, PK, PK, PK, PK, PK, PK, PK, PK, PK, PK, PK, PK, PK, PK, PK, PK, PK, PK, PK, PK, PK, PK, PK, PK, PK, PK, PK, PK, PK, PK, PK, PK, PK, PK, PK, PK, PK, PS, PS, PS, PS, PS, PS, PS, PS, PS, PS, PS, PS, PS, PS, PS, PS, PA, PA, PA, PA, PA, PA, PA, PA, PA, PA, PA, PA, PA, PA, PA, PA, PA, PG, PG, PG, PG, PG, PY, PY, PY, PY, PY, PY, PY, PY, PY, PY, PY, PY, PY, PE, PE, PE, PE, PE, PE, PE, PE, PE, PE, PE, PE, PE, PE, PE, PE, PE, PE, PE, PE, PE, PE, PE, PE, PE, PE, PE, PE, PE, PE, PE, PE, PE, PE, PE, PE, PE, PE, PE, PE, PE, PE, PE, PE, PE, PE, PE, PE, PE, PE, PE, PE, PE, PE, PE, PE, PE, PE, PE, PE, PE, PE, PE, PE, PE, PE, PH, PH, PH, PH, PH, PH, PH, PH, PH, PH, PH, PH, PH, PH, PH, PH, PH, PH, PH, PH, PH, PH, PH, PH, PH, PH, PH, PH, PH, PH, PH, PH, PH, PH, PH, PH, PH, PH, PH, PH, PH, PH, PH, PH, PH, PH, PH, PH, PH, PH, PH, PH, PH, PH, PH, PH, PH, PH, PH, PH, PH, PH, PH, PH, PH, PH, PH, PH, PH, PH, PH, PH, PH, PH, PH, PH, PH, PH, PH, PH, PH, PH, PH, PH, PH, PH, PH, PH, PH, PH, PH, PH, PH, PH, PH, PH, PH, PH, PH, PH, PH, PH, PH, PH, PH, PH, PH, PH, PH, PH, PH, PH, PH, PH, PL, PL, PL, PL, PL, PL, PL, PL, PL, PL, PL, PL, PL, PL, PL, PL, PL, PL, PL, PL, PL, PL, PL, PL, PL, PL, PL, PL, PL, PL, PL, PL, PL, PL, PL, PL, PL, PL, PL, PL, PL, PL, PL, PL, PL, PL, PL, PL, PL, PL, PL, PL, PL, PL, PL, PL, PL, PL, PL, PL, PL, PL, PL, PL, PL, PL, PL, PL, PL, PL, PL, PL, PL, PL, PL, PL, PL, PL, PL, PL, PL, PL, PL, PL, PL, PL, PL, PL, PL, PL, PL, PL, PL, PL, PL, PL, PL, PL, PL, PL, PL, PL, PL, PL, PL, PL, PL, PL, PL, PL, PL, PL, PL, PL, PL, PL, PL, PL, PL, PL, PL, PL, PL, PL, PL, PL, PL, PL, PL, PT, PT, PT, PT, PT, PT, PT, PT, PT, PT, PT, PT, PT, PT, PT, PT, PT, PT, PT, PT, PT, PT, PT, PT, PT, PT, PT, PT, PT, PT, PT, PT, PT, PT, PT, PT, PT, PT, PT, PT, PT, PT, PT, PT, PT, PT, PT, PT, PT, PT, PT, PT, PT, PT, PT, PT, PT, PT, PT, PT, PT, PT, PT, PR, PR, PR, PR, PR, PR, PR, PR, PR, PR, PR, PR, PR, PR, PR, PR, PR, PR, PR, PR, PR, PR, PR, PR, QA, QA, QA, RE, RO, RO, RO, RO, RO, RO, RO, RO, RO, RO, RO, RO, RO, RO, RO, RO, RO, RO, RO, RO, RO, RO, RO, RO, RO, RO, RO, RO, RO, RO, RO, RO, RO, RO, RO, RO, RO, RO, RO, RO, RO, RO, RO, RO, RO, RO, RO, RO, RO, RO, RO, RO, RO, RO, RO, RO, RO, RO, RO, RO, RO, RU, RU, RU, RU, RU, RU, RU, RU, RU, RU, RU, RU, RU, RU, RU, RU, RU, RU, RU, RU, RU, RU, RU, RU, RU, RU, RU, RU, RU, RU, RU, RU, RU, RU, RU, RU, RU, RU, RU, RU, RU, RU, RU, RU, RU, RU, RU, RU, RU, RU, RU, RU, RU, RU, RU, RU, RU, RU, RU, RU, RU, RU, RU, RU, RU, RU, RU, RU, RU, RU, RU, RU, RU, RU, RU, RU, RU, RU, RU, RU, RU, RU, RU, RU, RU, RU, RU, RU, RU, RU, RU, RU, RU, RU, RU, RU, RU, RU, RU, RU, RU, RU, RU, RU, RU, RU, RU, RU, RU, RU, RU, RU, RU, RU, RU, RU, RU, RU, RU, RU, RU, RU, RU, RU, RU, RU, RU, RU, RU, RU, RU, RU, RU, RU, RU, RU, RU, RU, RU, RU, RU, RU, RU, RU, RU, RU, RU, RU, RU, RU, RU, RU, RU, RU, RU, RU, RU, RU, RU, RU, RU, RU, RU, RU, RU, RU, RU, RU, RU, RU, RU, RU, RU, RU, RU, RU, RU, RU, RU, RU, RU, RU, RU, RU, RU, RU, RU, RU, RU, RU, RU, RU, RU, RU, RU, RU, RU, RU, RU, RU, RU, RU, RU, RU, RU, RU, RU, RU, RU, RU, RU, RU, RU, RU, RU, RU, RU, RU, RU, RU, RU, RU, RU, RU, RU, RU, RU, RU, RU, RU, RU, RU, RU, RU, RU, RU, RU, RU, RU, RU, RU, RU, RU, RU, RU, RU, RU, RU, RU, RU, RU, RU, RU, RU, RU, RU, RU, RU, RU, RU, RU, RU, RU, RU, RU, RU, RU, RU, RU, RU, RU, RU, RU, RU, RU, RU, RU, RU, RU, RU, RU, RU, RU, RU, RU, RU, RU, RU, RU, RU, RU, RU, RU, RU, RU, RU, RU, RU, RU, RU, RU, RU, RU, RU, RU, RU, RU, RU, RU, RW, RW, RW, RW, RW, RW, RW, RW, RW, RW, RW, KN, KN, KN, KN, LC, VC, WS, SM, SA, SA, SA, SA, SA, SA, SA, SA, SA, SA, SA, SA, SA, SA, SA, SA, SA, SA, SA, SA, SA, SA, SA, SA, SA, SA, SA, SA, SA, SA, SA, SA, SA, SA, SA, SA, SA, SA, SA, SA, SA, SA, SA, SA, SA, SA, SA, SA, SA, SA, SA, SA, SA, SA, SA, SA, SA, SA, SA, SA, SA, SA, SN, SN, SN, SN, SN, SN, SN, SN, SN, SN, RS, RS, RS, RS, RS, RS, RS, RS, RS, RS, RS, RS, RS, SC, SC, SL, SL, SL, SL, SG, SG, SG, SG, SG, SG, SG, SG, SG, SG, SG, SG, SG, SG, SG, SG, SG, SK, SK, SK, SK, SK, SK, SK, SK, SK, SK, SK, SK, SK, SK, SK, SK, SK, SK, SK, SK, SK, SK, SK, SK, SK, SK, SK, SK, SK, SK, SK, SI, SI, SI, SI, SO, SO, SO, SO, SO, SO, SO, SO, SO, SO, SO, SO, SO, SO, SO, SO, SO, ZA, ZA, ZA, ZA, ZA, ZA, ZA, ZA, ZA, ZA, ZA, ZA, ZA, ZA, ZA, ZA, ZA, ZA, ZA, ZA, ZA, ZA, ZA, ZA, ZA, ZA, ZA, ZA, SS, SS, ES, ES, ES, ES, ES, ES, ES, ES, ES, ES, ES, ES, ES, ES, ES, ES, ES, ES, ES, ES, ES, ES, ES, ES, ES, ES, ES, ES, ES, ES, ES, ES, ES, ES, ES, ES, ES, ES, ES, ES, ES, ES, ES, ES, ES, ES, ES, ES, ES, ES, ES, ES, ES, ES, ES, ES, ES, ES, ES, ES, ES, ES, ES, ES, ES, ES, ES, ES, ES, ES, ES, ES, ES, ES, ES, ES, ES, ES, ES, ES, ES, ES, ES, LK, LK, LK, LK, LK, LK, LK, LK, LK, LK, LK, LK, LK, LK, LK, LK, LK, LK, LK, LK, LK, LK, LK, LK, LK, LK, SD, SD, SD, SD, SD, SD, SD, SD, SD, SD, SD, SD, SD, SD, SD, SD, SD, SD, SD, SD, SD, SD, SD, SD, SD, SD, SD, SD, SD, SD, SD, SD, SD, SD, SD, SR, SZ, SE, SE, SE, SE, SE, SE, SE, SE, SE, SE, SE, SE, SE, SE, SE, SE, SE, SE, SE, SE, SE, SE, SE, SE, SE, SE, SE, SE, SE, SE, SE, SE, SE, SE, SE, SE, CH, CH, CH, CH, CH, CH, CH, CH, CH, CH, CH, CH, CH, CH, CH, CH, CH, CH, CH, CH, CH, CH, CH, CH, CH, CH, CH, CH, CH, CH, CH, CH, CH, CH, CH, CH, CH, CH, CH, CH, CH, CH, CH, CH, CH, CH, CH, CH, CH, CH, CH, CH, CH, CH, CH, CH, CH, CH, CH, CH, CH, CH, CH, CH, CH, CH, CH, CH, CH, CH, CH, CH, CH, CH, CH, SY, SY, SY, SY, SY, SY, SY, SY, SY, SY, SY, SY, SY, SY, SY, TW, TW, TW, TW, TW, TW, TW, TW, TW, TW, TW, TW, TW, TW, TW, TW, TW, TW, TW, TW, TW, TW, TW, TW, TW, TW, TW, TW, TW, TW, TW, TW, TW, TW, TW, TW, TW, TW, TW, TW, TW, TW, TW, TW, TW, TW, TW, TW, TW, TW, TW, TW, TW, TW, TW, TW, TW, TW, TW, TW, TW, TW, TW, TW, TW, TW, TW, TW, TW, TW, TW, TW, TW, TW, TW, TW, TW, TW, TW, TW, TW, TW, TW, TW, TW, TJ, TJ, TJ, TZ, TZ, TZ, TZ, TZ, TZ, TZ, TZ, TZ, TZ, TZ, TZ, TZ, TZ, TZ, TZ, TZ, TZ, TZ, TZ, TH, TH, TH, TH, TH, TH, TH, TH, TH, TH, TH, TH, TH, TH, TH, TH, TH, TH, TH, TH, TH, TH, TH, TH, TH, TH, TH, TH, TH, TH, TH, TH, TH, TH, TH, TH, TH, TH, TH, TH, TH, IN, TH, TH, TH, TH, TH, TH, TH, TH, TH, TH, TH, TH, TH, TH, TH, TH, TH, TH, TH, TH, TH, TH, TH, TH, TH, TH, TG, TT, TT, TT, TN, TN, TN, TN, TN, TN, TN, TN, TN, TN, TN, TN, TN, TN, TN, TN, TN, TN, TN, TR, TR, TR, TR, TR, TR, TR, TR, TR, TR, TR, TR, TR, TR, TR, TR, TR, TR, TR, TR, TR, TR, TR, TR, TR, TR, TR, TR, TR, TR, TR, TR, TR, TR, TR, TR, TR, TR, TR, TR, TR, TR, TR, TR, TR, TR, TR, TR, TR, TR, TR, TR, TR, TR, TR, TR, TR, TR, TR, TR, TR, TR, TR, TR, TR, TR, TR, TR, TR, TR, TR, TR, TR, TR, TR, TR, TR, TR, TR, TR, TR, TR, TR, TR, TR, TR, TR, TM, TC, UG, UG, UG, UG, UG, UG, UG, UG, UG, UG, UG, UG, UG, UG, UG, UG, UG, UG, UA, UA, UA, UA, UA, UA, UA, UA, UA, UA, UA, UA, UA, UA, UA, UA, UA, UA, UA, UA, UA, UA, UA, UA, UA, UA, UA, UA, UA, UA, UA, UA, UA, UA, UA, UA, UA, UA, UA, UA, UA, UA, UA, UA, UA, UA, UA, UA, UA, UA, UA, UA, UA, UA, UA, UA, UA, UA, UA, UA, UA, UA, UA, UA, UA, UA, UA, UA, UA, UA, UA, UA, UA, UA, UA, AE, AE, AE, AE, AE, AE, AE, AE, AE, AE, AE, AE, AE, AE, AE, AE, AE, AE, AE, AE, AE, AE, AE, AE, AE, AE, AE, AE, AE, AE, AE, AE, AE, AE, AE, AE, GB, GB, GB, GB, GB, GB, GB, GB, GB, GB, GB, GB, GB, GB, GB, GB, GB, GB, GB, GB, GB, GB, GB, GB, GB, GB, GB, GB, GB, GB, GB, GB, GB, GB, GB, GB, GB, GB, GB, GB, GB, GB, GB, GB, GB, GB, GB, GB, GB, GB, GB, GB, GB, GB, GB, GB, GB, GB, GB, GB, GB, GB, GB, GB, GB, GB, GB, GB, GB, GB, GB, GB, GB, GB, GB, GB, GB, GB, GB, GB, GB, GB, GB, GB, GB, GB, GB, GB, GB, GB, GB, GB, GB, GB, GB, GB, GB, GB, GB, GB, GB, GB, GB, GB, GB, GB, GB, GB, GB, GB, GB, GB, GB, GB, GB, GB, GB, GB, GB, GB, GB, GB, GB, GB, GB, GB, GB, GB, GB, GB, GB, GB, GB, GB, GB, GB, GB, GB, GB, GB, GB, GB, GB, GB, GB, GB, GB, GB, GB, GB, GB, GB, GB, GB, GB, GB, GB, GB, GB, GB, GB, GB, GB, GB, GB, GB, GB, GB, GB, GB, GB, GB, UY, UY, UY, UY, UY, UY, UZ, UZ, UZ, UZ, UZ, UZ, UZ, UZ, UZ, UZ, UZ, UZ, UZ, UZ, UZ, UZ, UZ, UZ, UZ, UZ, UZ, UZ, VE, VE, VE, VE, VE, VE, VE, VE, VE, VE, VE, VE, VE, VE, VE, VE, VE, VE, VE, VE, VE, VE, VE, VE, VE, VE, VE, VE, VE, VE, VE, VE, VE, VE, VE, VE, VE, VN, VN, VN, VN, VN, VN, VN, VN, VN, VN, VN, VN, VN, VN, VN, VN, VN, VN, VN, VN, VN, VN, VN, VN, VN, VN, VN, VN, VN, VN, VN, VN, VN, VN, VN, VN, VN, VN, VN, VN, VN, VN, VN, VN, VN, VN, VG, YE, YE, YE, YE, YE, YE, YE, YE, YE, YE, YE, YE, YE, ZM, ZM, ZM, ZM, ZM, ZM, ZM, ZW, ZW, ZW, ZW, ZW, ZW, ZW, ZW, ZW, ZW, ZW, ZW, ZW, ZW, ZW, TR, TR, TR, TR, TR, TR, TR, TR, TR, TR, TR, TR, TR, TR, TR, TR, TR, TR, TR, TR, TR, TR, TR, TR, TR, TR, TR, TR, TR, TR, TR, TR, TR, TR, TR, TR, TR, TR, TR, TR, TR, TR, TR, TR, TR, TR, TR, TR, TR, TR, TR, TR, TR, TR, TR, TR, TR, TR, TR, TR, TR, TR, TR, TR, TR, TR, TR, TR, TR, TR, TR, TR, TR, TR, TR, TR, TR, TR, TR, TR, TR, TR, TR, US, US, US, US, US, US, US, US, US, US, US, US, US, US, US, US, US, US, US, US, US, US, US, US, US, US, US, US, US, US, US, US, US, US, US, US, US, US, US, US, US, US, US, US, US, US, US, US, US, US, US, US, US, US, US, US, US, US, US, US, US, US, US, US, US, US, US, US, US, US, US, US, US, US, US, US, US, US, US, US, US, US, US, US, US, US, US, US, US, US, US, US, US, US, US, US, US, US, US, US, US, US, US, US, US, US, US, US, US, US, US, US, US, US, US, US, US, US, US, US, US, US, US, US, US, US, US, US, US, US, US, US, US, US, US, US, US, US, US, US, US, US, US, US, US, US, US, US, US, US, US, US, US, US, US, US, US, US, US, US, US, US, US, US, US, US, US, US, US, US, US, US, US, US, US, US, US, US, US, US, US, US, US, US, US, US, US, US, US, US, US, US, US, US, US, US, US, US, US, US, US, US, US, US, US, US, US, US, US, US, US, US, US, US, US, US, US, US, US, US, US, US, US, US, US, US, US, US, US, US, US, US, US, US, US, US, US, US, US, US, US, US, US, US, US, US, US, US, US, US, US, US, US, US, US, US, US, US, US, US, US, US, US, US, US, US, US, US, US, US, US, US, US, US, US, US, US, US, US, US, US, US, US, US, US, US, US, US, US, US, US, US, US, US, US, US, US, US, US, US, US, US, US, US, US, US, US, US, US, US, US, US, US, US, US, US, US, US, US, US, US, US, US, US, US, US, US, US, US, US, US, US, US, US, US, US, US, US, US, US, US, US, US, US, US, US, US, US, US, US, US, US, US, US, US, US, US, US, US, US, US, US, US, US, US, US, US, US, US, US, US, US, US, US, US, US, US, US, US, US, US, US, US, US, US, US, US, US, US, US, US, US, US, US, US, US, US, US, US, US, US, US, US, US, US, US, US, US, US, US, US, US, US, US, US, US, US, US, US, US, US, US, US, US, US, US, US, US, US, US, US, US, US, US, US, US, US, US, US, US, US, US, US, US, US, US, US, US, US, US, US, US, US, US, US, US, US, US, US, US, US, US, US, US, US, US, US, US, US, US, US, US, US, US, US, US, US, US, US, US, US, US, US, US, US, US, US, US, US, US, US, US, US, US, US, US, US, US, US, US, US, US, US, US, US, US, US, US, US, US, US, US, US, US, US, US, US, US, US, US, US, US, US, US, US, US, US, US, US, US, US, US, US, US, US, US, US, US, US, US, US, US, US, US, US, US, US, US, US, US, US, US, US, US, US, US, US, US, US, US, US, US, US, US, US, US, US, US, US, US, US, US, US, US, US, US, US, US, US, US, US, US, US, US, US, US, US, US, US, US, US, US, US, US, US, US, US, US, US, US, US, US, US, US, US, US, US, US, US, US, US, US, US, US, US, US, US, US, US, US, US, US, US, US, US, US, US, US, US, US, US, US, US, US, US, US, US, US, US, US, US, US, US, US, US, US, US, US, US, US, US, US, US, US, US, US, US, US, US, US, US, US, US, US, US, US, US, US, US, US, US, US, US, US, US, US, US, US, US, US, US, US, US, US, US, US, US, US, US, US, US, US, US, US, US, US, US, US, US, US, US, US, US, US, US, US, US, US, US, US, US, US, US, US, US, US, US, US, US, US, US, US, US, US, US, US, US, US, US, US, US, US, US, US, US, US, US, US, US, US, US, US, US, US, US, US, US, US, US, US, US, US, US, US, US, US, US, US, US, US, US, US, US, US, US, US, US, US, US, US, US, US, US, US, US, US, US, US, US, US, US, US, US, US, US, US, US, US, US, US, US, US, US, US, US, US, US, US, US, US, US, US, US, US, US, US, US, US, US, US, US, US, US, US, US, US, US, US, US, US, US, US, US, US, US, US, US, US, US, US, US, US, US, US, US, US, US, US, US, US, US, US, US, US, US, US, US, US, US, US, US, US, US, US, US, US, US, US, US, US, US, US, US, US, US, US, US, US, US, US, US, US, US, US, US, US, US, US, US, US, US, US, US, US, US, US, US, US, US, US, US, US, US, US, US, US, US, US, US, US, US, US, US, US, US, GE, ES, ES, ES, DE, DE, DE, DE, DE, DE, DE, DE, DE, DE, DE, DE, DE, US, US, AU, FR, FR, GE, EG, US, US, US, US, US, VN, AU, AU, CN, US, CA, CA, US, US, US, US, CA, US, US, US, CA, US, US, US, CN, CN, US, US, BR, CN, CN, US, CA, CA, CA, HK, AT, AT, ID, HU, US, BR, BA, CN, DE, DE, IN, DE, DE, BR, FI, TR, VN, HU, HU, HU, BR, IN, IN, FR, FR, US, US, FR, TR, TR, TR, US, US, US, US, US, US, US, US, US, US, US, US, US, US, US, US, US, US, US, US, US, IN, GB, BE, CZ, CN, PH, BR, PK, US, NP, BR, BR, DE, DE, DE, DE, DE, DE, DE, DE, DE, DE, FR, DE, DE, FR, US, US, US, US, GB, FR, US, ES, ES, BE, BE, UK, BE, IT, US, US, US, US, US, US, US, US, US, US, US, US, US, US, US, US, US, US, US, US, US, US, US, US, US, US, US, US, US, US, US, US, US, US, US, US, US, US, US, US, US, US, US, US, US, US, US, US, US, US, US, US, US, US, US, US, US, US, US, RO, IN, FR, DE, PT, ES, CH, FR, DE, US, US, PH, VN, FR, AT, EG, IN, IN, TW, HU, IN, ZA, IE, JP, US, SG, ID, IQ, ES, BR, BR, IN, PH, GB, GB, US, US, IN, IN, US, US, JP, EG, US, US, PT, ES, NP, HK, JP, MX, FR, US, US, US, US, US, IN, IN, IN, IN, IN, IN, IN, IN, IN, IN, IN, IN, IN, IN, IN, IN, IN, IN, IN, IN, IN, IN, IN, IN, IN, IN, US, US, US, BE, KZ, AU, FR, NG, PT, BR, FR, FR, TR, PL, MX, MA, US, FR] contains RO
2023-12-20 11:00:01,171 INFO TestUniversities - University test started
2023-12-20 11:00:01,171 ERROR TestUniversities - University test started
2023-12-20 11:00:05,064 INFO TestUniversities - University test ended
2023-12-20 11:00:05,064 ERROR TestUniversities - University test ended
2024-11-22 12:16:13,580 ERROR TestUniversities - Assertion passed[RO, RO, RO, RO, RO, RO, RO, RO, RO, RO, RO, RO, RO, RO, RO, RO, RO, RO, RO, RO, RO, RO, RO, RO, RO, RO, RO, RO, RO, RO, RO, RO, RO, RO, RO, RO, RO, RO, RO, RO, RO, RO, RO, RO, RO, RO, RO, RO, RO, RO, RO, RO, RO, RO, RO, RO, RO, RO, RO, RO, RO, RO] contains RO
2024-11-22 12:16:14,952 ERROR TestUniversities - response is received
2024-11-22 12:16:14,964 ERROR TestUniversities - Assertion passed[AU, ID, TR, GH, PL, IN, CA, BR, GB, IN, FR, UG, AE, BR, UA, CL, FR, CN, GB, CN, GB, FR, FR, FR, US, IN, IN, IN, CA, US, IN, IN, US, US, US, US, US, IN, US, US, US, US, US, US, US, US, US, US, US, US, US, US, US, US, US, US, US, US, US, US, US, US, US, US, US, US, US, US, US, US, US, US, US, US, US, US, US, US, US, US, US, US, US, US, US, US, US, US, US, IN, US, US, US, US, US, US, US, US, US, US, US, US, US, US, US, US, US, US, US, US, US, US, US, US, US, US, US, US, US, US, US, US, US, US, US, US, US, US, US, US, US, US, US, US, US, US, US, US, US, US, US, US, US, US, US, US, US, US, US, US, US, US, US, US, US, US, US, US, US, US, US, US, US, US, US, US, US, US, US, US, US, US, US, US, US, US, US, US, US, US, US, US, US, US, US, US, US, US, US, US, US, US, US, US, US, US, US, US, US, US, US, US, US, US, US, US, US, US, US, US, US, US, US, US, US, US, US, US, US, US, US, US, US, US, US, US, US, US, US, US, US, US, US, US, US, US, US, US, US, US, US, US, US, US, US, US, US, US, US, US, US, US, US, US, US, US, US, US, US, US, US, US, US, US, US, US, US, US, US, US, US, US, US, US, US, US, US, US, US, US, US, US, US, US, US, US, US, US, US, US, US, US, US, US, US, US, US, US, US, US, US, US, US, US, US, US, US, US, US, US, US, US, US, US, US, US, US, US, US, US, US, US, US, US, US, US, US, US, US, US, US, US, US, US, US, US, US, US, US, US, US, US, US, US, US, US, US, US, US, US, US, US, US, US, US, US, US, US, US, US, US, US, US, US, US, US, US, US, US, US, US, US, US, US, US, US, US, US, US, US, US, US, US, US, US, IN, US, US, US, US, US, US, US, US, US, US, US, US, US, US, US, US, US, US, US, US, US, US, US, US, US, US, US, US, US, US, US, US, US, US, US, US, US, US, US, US, US, US, US, US, US, US, US, US, US, US, US, US, US, US, US, US, US, US, US, US, US, US, US, US, US, US, US, GB, US, US, US, US, US, US, US, US, US, US, US, US, US, US, US, US, US, US, US, US, US, US, US, US, US, US, US, US, US, US, US, US, US, US, US, US, US, US, US, US, US, US, US, US, US, US, US, US, US, US, US, US, US, US, US, US, US, US, US, US, US, US, US, US, US, US, US, US, US, US, US, US, US, US, US, US, US, US, US, US, US, US, US, US, US, US, US, US, US, US, US, US, US, US, US, US, US, US, US, US, US, US, US, US, US, US, US, US, US, US, US, US, US, US, US, CA, US, US, US, US, US, US, US, US, US, US, US, US, US, US, US, US, US, US, US, US, US, US, US, US, US, US, US, US, US, US, US, US, US, US, US, US, US, US, US, US, US, US, US, US, US, US, US, US, US, US, US, US, US, US, US, US, US, US, US, US, US, US, US, US, US, US, US, US, US, US, US, US, US, US, US, US, US, US, US, US, US, US, US, US, US, US, US, US, US, US, US, US, US, US, US, US, US, US, US, US, US, US, US, US, US, US, US, US, US, US, US, US, US, US, US, US, US, US, US, US, US, US, US, US, US, US, US, US, US, US, US, US, US, US, US, US, US, US, US, US, US, US, US, US, US, US, US, US, US, US, US, US, US, US, US, US, US, US, US, US, US, US, US, US, US, US, US, US, US, US, US, US, US, US, US, US, US, US, US, US, US, US, US, US, US, US, US, US, US, US, US, US, US, US, US, US, US, US, US, US, US, US, US, US, US, US, US, US, US, US, US, US, US, US, US, US, US, US, US, US, US, US, US, US, US, US, US, US, US, US, US, US, US, US, US, US, US, US, US, US, US, US, US, US, US, US, US, US, US, US, US, US, US, US, US, US, US, US, US, US, US, US, US, US, US, US, US, US, US, US, US, US, US, US, US, US, US, US, US, US, US, US, US, US, US, US, US, US, US, US, US, US, US, US, US, US, US, US, US, US, US, US, US, US, US, US, US, US, US, US, US, US, US, US, US, US, US, US, US, US, US, US, US, US, US, US, US, US, US, US, US, US, US, US, US, US, US, US, US, US, US, US, US, US, US, US, US, US, US, US, US, US, US, US, US, US, US, US, US, US, US, US, US, US, US, US, US, US, US, US, US, US, US, US, US, US, US, US, US, US, US, US, US, US, US, US, US, US, US, US, US, US, US, US, US, US, US, US, US, US, US, US, US, US, US, US, US, US, US, US, US, US, US, US, US, US, US, US, US, US, US, US, US, US, US, US, US, US, US, US, US, US, US, US, US, US, US, US, US, US, US, US, US, US, US, US, US, US, US, US, US, US, US, US, US, US, US, US, US, US, US, US, US, US, US, US, US, US, US, US, US, US, US, US, US, US, US, US, US, US, US, US, US, US, US, US, US, US, US, US, US, US, US, US, US, US, US, US, US, US, US, US, US, US, US, US, US, US, US, US, US, US, US, US, US, US, US, US, US, US, US, US, US, US, US, US, US, US, US, US, US, US, US, US, US, US, US, US, US, US, US, US, US, US, US, US, US, US, US, US, US, US, US, US, US, US, US, US, US, US, US, US, US, US, US, US, US, US, US, US, US, US, US, US, GB, US, US, US, US, US, US, US, US, US, US, US, US, US, US, US, US, US, US, US, US, US, US, US, US, US, US, US, US, US, US, US, US, US, US, US, US, US, US, US, US, US, US, US, US, US, US, US, US, US, US, US, US, US, US, US, US, US, US, US, US, US, US, US, US, US, US, US, US, US, US, US, US, US, US, US, US, US, US, US, US, US, US, US, US, US, US, US, US, US, US, US, US, US, US, US, US, US, US, US, US, US, US, US, US, US, US, US, US, US, US, US, US, US, US, US, US, US, US, US, US, US, US, US, US, US, US, AF, AF, AF, AF, AF, AF, AF, AF, AF, AF, AF, AF, AF, AF, AF, AF, AF, AF, AF, AF, AF, AF, AF, AF, AF, AF, AF, AF, AF, AF, AF, AF, AF, AF, AF, AF, AF, AF, AF, AF, AL, AL, AL, AL, AL, AL, AL, AL, AL, AL, AL, AL, AL, AL, AL, AL, DZ, DZ, DZ, DZ, DZ, DZ, DZ, DZ, DZ, DZ, DZ, DZ, DZ, DZ, DZ, DZ, DZ, DZ, DZ, DZ, DZ, DZ, DZ, DZ, DZ, DZ, DZ, DZ, DZ, AD, AO, AO, AO, AO, AO, AO, AO, AO, AG, AG, AR, AR, AR, AR, AR, AR, AR, AR, AR, AR, AR, AR, AR, AR, AR, AR, AR, AR, AR, AR, AR, AR, AR, AR, AR, AR, AR, AR, AR, AR, AR, AR, AR, AR, AR, AR, AR, AR, AR, AR, AR, AR, AR, AR, AR, AR, AR, AR, AR, AR, AR, AR, AR, AR, AR, AR, AR, AR, AR, AR, AR, AR, AR, AR, AR, AR, AR, AR, AR, AR, AR, AR, AR, AR, AR, AR, AR, AR, AR, AR, AR, AR, AR, AR, AR, AR, AM, AM, AM, AM, AM, AM, AM, AM, AM, AM, AM, AM, AU, AU, AU, AU, AU, AU, AU, AU, AU, AU, AU, AU, AU, AU, AU, AU, AU, AU, AU, AU, AU, AU, AU, AU, AU, AU, AU, AU, AU, AU, AU, AU, AU, AU, AU, AU, AU, AU, AU, AU, AU, AU, AU, AU, AU, AU, AU, AU, AU, AU, AT, AT, AT, AT, AT, AT, AT, AT, AT, AT, AT, AT, AT, AT, AT, AT, AT, AT, AT, AT, AT, AT, AT, AT, AT, AT, AT, AT, AT, AT, AT, AT, AT, AT, AT, AT, AT, AT, AT, AT, AT, AT, AT, AZ, AZ, AZ, AZ, AZ, AZ, AZ, AZ, AZ, AZ, AZ, AZ, AZ, AZ, AZ, AZ, AZ, AZ, AZ, AZ, AZ, AZ, AZ, AZ, AZ, AZ, AZ, AZ, AZ, AZ, AZ, AZ, BS, BH, BH, BH, BH, BH, BH, BH, BH, BH, BH, BH, BH, BD, BD, BD, BD, BD, BD, BD, BD, BD, BD, BD, BD, BD, BD, BD, BD, BD, BD, BD, BD, BD, BD, BD, BD, BD, BD, BD, BD, BD, BD, BD, BD, BD, BD, BD, BD, BD, BD, BD, BD, BD, BD, BD, BD, BD, BD, BD, BD, BD, BD, BD, BD, BD, BD, BD, BD, BD, BD, BD, BD, BD, BD, BD, BD, BD, BD, BD, BD, BD, BD, BD, BD, BD, BD, BD, BB, BY, BY, BY, BY, BY, BY, BY, BY, BY, BY, BY, BY, BY, BY, BY, BY, BY, BY, BY, BY, BY, BY, BY, BY, BY, BY, BY, BY, BY, BY, BY, BY, BY, BY, BE, BE, BE, BE, BE, BE, BE, BE, BE, BE, BE, BE, BE, BE, BE, BE, BE, BE, BE, BE, BE, BE, BE, BE, BE, BE, BE, BE, BE, BE, BE, BE, BE, BE, BE, BE, BE, BE, BE, BE, BE, BE, BE, BE, BE, BZ, BZ, BZ, BZ, BZ, BJ, BJ, BJ, BM, BT, BO, BO, BO, BO, BO, BO, BO, BO, BO, BO, BO, BO, BO, BO, BO, BO, BO, BO, BO, BO, BO, BO, BO, BO, BO, BO, BO, BO, BO, BO, BO, BA, BA, BA, BA, BA, BA, BA, BA, BA, BA, BA, BA, BA, BA, BA, BW, BW, BW, BW, BW, BW, BW, BW, BR, BR, BR, BR, BR, BR, BR, BR, BR, BR, BR, BR, BR, BR, BR, BR, BR, BR, BR, BR, BR, BR, BR, BR, BR, BR, BR, BR, BR, BR, BR, BR, BR, BR, BR, BR, BR, BR, BR, BR, BR, BR, BR, BR, BR, BR, BR, BR, BR, BR, BR, BR, BR, BR, BR, BR, BR, BR, BR, BR, BR, BR, BR, BR, BR, BR, BR, BR, BR, BR, BR, BR, BR, BR, BR, BR, BR, BR, BR, BR, BR, BR, BR, BR, BR, BR, BR, BR, BR, BR, BR, BR, BR, BR, BR, BR, BR, BR, BR, BR, BR, BR, BR, BR, BR, BR, BR, BR, BR, BR, BR, BR, BR, BR, BR, BR, BR, BR, BR, BR, BR, BR, BR, BR, BR, BR, BR, BR, BR, BR, BR, BR, BR, BR, BR, BR, BR, BR, BR, BR, BR, BR, BR, BR, BR, BR, BR, BR, BR, BR, BR, BR, BR, BR, BR, BR, BR, BR, BR, BR, BR, BR, BR, BR, BR, BR, BR, BN, BN, BN, BG, BG, BG, BG, BG, BG, BG, BG, BG, BG, BG, BG, BG, BG, BG, BG, BG, BG, BG, BG, BG, BG, BG, BG, BG, BG, BG, BG, BG, BG, BG, BG, BG, BG, BG, BG, BG, BF, MM, MM, MM, MM, MM, BI, BI, BI, KH, KH, KH, KH, KH, KH, KH, KH, KH, KH, KH, KH, KH, KH, KH, KH, KH, KH, KH, KH, KH, CM, CM, CM, CM, CM, CM, CM, CM, CM, CM, CA, CA, CA, CA, CA, CA, CA, CA, CA, CA, CA, CA, CA, CA, CA, CA, CA, CA, CA, CA, CA, CA, CA, CA, CA, CA, CA, CA, CA, CA, CA, CA, CA, CA, CA, CA, CA, CA, CA, CA, CA, CA, CA, CA, CA, CA, CA, CA, CA, CA, CA, CA, CA, CA, CA, CA, CA, CA, CA, CA, CA, CA, CA, CA, CA, CA, CA, CA, CA, CA, CA, CA, CA, CA, CA, CA, CA, CA, CA, CA, CA, CA, CA, CA, CA, CA, CA, CA, CA, CA, CA, CA, CA, CA, CA, CA, CA, CA, CA, CA, CA, CA, CA, CA, CA, CA, CA, CA, CA, CA, CA, CA, CA, CA, CA, CA, CA, CA, CA, CA, CA, CA, CA, CA, CA, CA, CA, CA, CA, CA, CA, CA, CA, CA, CA, CA, CA, CA, CA, CA, CA, CV, KY, KY, CF, TD, CL, CL, CL, CL, CL, CL, CL, CL, CL, CL, CL, CL, CL, CL, CL, CL, CL, CL, CL, CL, CL, CL, CL, CL, CL, CL, CL, CL, CL, CL, CL, CL, CL, CL, CL, CL, CL, CL, CL, CL, CL, CL, CL, CL, CL, CL, CL, CL, CL, CL, CL, CL, CL, CL, CL, CL, CL, CL, CL, CL, CL, CL, CL, CN, CN, CN, CN, CN, CN, CN, CN, CN, CN, CN, CN, CN, CN, CN, CN, CN, CN, CN, CN, CN, CN, CN, CN, CN, CN, CN, CN, CN, CN, CN, CN, CN, CN, CN, CN, CN, CN, CN, CN, CN, CN, CN, CN, CN, CN, CN, CN, CN, CN, CN, CN, CN, CN, CN, CN, CN, CN, CN, CN, CN, CN, CN, CN, CN, CN, CN, CN, CN, CN, CN, CN, CN, CN, CN, CN, CN, CN, CN, CN, CN, CN, CN, CN, CN, CN, CN, CN, CN, CN, CN, CN, CN, CN, CN, CN, CN, CN, CN, CN, CN, CN, CN, CN, CN, CN, CN, CN, CN, CN, CN, CN, CN, US, CN, CN, CN, CN, CN, CN, CN, CN, CN, CN, CN, CN, CN, CN, CN, CN, CN, CN, CN, CN, CN, CN, CN, CN, CN, CN, CN, CN, CN, CN, CN, CN, CN, CN, CN, CN, CN, CN, CN, CN, CN, CN, CN, CN, CN, CN, CN, CN, CN, CN, CN, CN, CN, CN, CN, CN, CN, CN, CN, CN, CN, CN, CN, CN, CN, CN, CN, CN, CN, CN, CN, CN, CN, CN, CN, CN, CN, CN, CN, CN, CN, CN, CN, CN, CN, CN, CN, CN, CN, CN, CN, CN, CN, CN, CN, CN, CN, CN, CN, CN, CN, CN, CN, CN, CN, CN, CN, CN, CN, CN, CN, CN, CN, CN, CN, CN, CN, CN, CN, CN, CN, CN, CN, CN, CN, CN, CN, CN, CN, CN, CN, CN, CN, CN, CN, CN, CN, CN, CN, CN, CN, CN, CN, CN, CN, CN, CN, CN, CN, CN, CN, CN, CN, CN, CN, CN, CN, CN, CN, CN, CN, CN, CN, CN, CN, CN, CN, CN, CN, CN, CN, CN, CN, CN, CN, CN, CN, CN, CN, CN, CN, CN, CN, CN, CN, CN, CN, CN, CN, CN, CN, CN, CN, CN, CN, CN, CN, CN, CN, CN, CN, CN, CN, CN, CN, CN, CN, CN, CN, CN, CN, CN, CN, CN, CN, CN, CN, CN, CN, CN, CN, CN, CN, CN, CN, CN, CN, CN, CN, CN, CN, CN, CN, CN, CN, CN, CN, CN, CN, CN, CN, CN, CN, CN, CN, CN, CN, CN, CN, CN, CN, CN, CN, CN, CN, CN, CN, CN, CN, CN, CN, CN, CN, CN, CN, CN, CN, CN, CN, CN, CN, CN, CN, CO, CO, CO, CO, CO, CO, CO, CO, CO, CO, CO, CO, CO, CO, CO, CO, CO, CO, CO, CO, CO, CO, CO, CO, CO, CO, CO, CO, CO, CO, CO, CO, CO, CO, CO, CO, CO, CO, CO, CO, CO, CO, CO, CO, CO, CO, CO, CO, CO, CO, CO, CO, CO, CO, CO, CO, CO, CO, CO, CO, CO, CO, CO, CO, CO, CO, CO, CO, CO, CO, CO, CO, CO, CO, CO, CO, CO, CO, CO, CO, CO, CO, CO, CO, CO, CO, CO, CO, CO, CO, CO, CO, CO, CO, CO, CO, CO, CO, CO, CO, CO, CD, CD, CD, CD, CD, CD, CD, CD, CD, CD, CG, CR, CR, CR, CR, CR, CR, CR, CR, CR, CR, CR, CR, CR, CR, CR, CR, CR, CR, CR, CR, CR, CR, CR, CR, CR, CR, CR, CR, CR, CR, CR, CI, CI, CI, IR, PL, PL, HR, HR, HR, HR, HR, HR, HR, HR, HR, HR, HR, HR, CU, CU, CU, CU, CU, CU, CU, CU, CU, CU, CU, CU, CU, CY, CY, CY, CY, CY, CY, CY, CY, CY, CY, CY, CY, CY, CY, CY, CY, CZ, CZ, CZ, CZ, CZ, CZ, CZ, CZ, CZ, CZ, CZ, CZ, CZ, CZ, CZ, CZ, CZ, CZ, CZ, CZ, CZ, CZ, CZ, CZ, CZ, CZ, CZ, CZ, DK, DK, DK, DK, DK, DK, DK, DK, DK, DK, DK, DK, DK, DK, DK, DK, DK, DK, DK, DK, DK, DK, DK, DK, DK, DK, DK, DK, DK, DK, DK, DK, DJ, DM, DM, DM, DO, DO, DO, DO, DO, DO, DO, DO, DO, DO, DO, DO, DO, DO, DO, DO, DO, DO, DO, DO, DO, DO, DO, DO, DO, DO, EC, US, US, EC, EC, EC, EC, EC, EC, EC, EC, EC, EC, EC, EC, EC, EC, EC, EC, EC, EC, EC, EC, EC, EC, EC, EC, EC, EC, EC, EC, EC, EC, EC, EC, EC, EC, EC, EC, EC, EC, EC, EC, EC, EC, EG, EG, EG, EG, EG, EG, EG, EG, EG, EG, EG, EG, EG, EG, EG, EG, EG, EG, EG, EG, EG, EG, EG, EG, EG, EG, EG, EG, EG, EG, EG, EG, EG, EG, EG, EG, EG, EG, EG, EG, EG, SV, SV, SV, SV, SV, SV, SV, SV, SV, SV, SV, SV, SV, SV, SV, SV, SV, SV, SV, SV, SV, SV, SV, SV, SV, GQ, ER, EE, EE, EE, EE, EE, EE, EE, EE, EE, EE, ET, ET, ET, ET, ET, ET, ET, ET, ET, ET, ET, ET, ET, ET, ET, ET, ET, ET, ET, ET, ET, ET, ET, ET, ET, ET, ET, ET, ET, ET, FO, FJ, FJ, FJ, FJ, FI, FI, FI, FI, FI, FI, FI, FI, FI, FI, FI, FI, FI, FI, FI, FI, FI, FI, FI, FI, FI, FI, FI, FI, FI, FI, FI, FI, FI, FI, FI, FI, FI, FI, FR, FR, FR, FR, FR, FR, FR, FR, FR, FR, FR, FR, FR, FR, FR, FR, FR, FR, FR, FR, FR, FR, FR, FR, FR, FR, FR, FR, FR, FR, FR, FR, FR, FR, FR, FR, FR, FR, FR, FR, FR, FR, FR, FR, FR, FR, FR, FR, FR, FR, FR, FR, FR, FR, FR, FR, FR, FR, FR, FR, FR, FR, FR, FR, FR, FR, FR, FR, FR, FR, FR, FR, FR, FR, FR, FR, FR, FR, FR, FR, FR, FR, FR, FR, FR, FR, FR, FR, FR, FR, FR, FR, FR, FR, FR, FR, FR, FR, FR, FR, FR, FR, FR, FR, FR, FR, FR, FR, FR, FR, FR, FR, FR, FR, FR, FR, FR, FR, FR, FR, FR, FR, FR, FR, FR, FR, FR, FR, FR, FR, FR, FR, FR, FR, FR, FR, FR, FR, FR, FR, FR, FR, FR, FR, FR, FR, FR, FR, FR, FR, FR, FR, FR, FR, FR, FR, FR, FR, FR, FR, FR, FR, FR, FR, FR, FR, FR, FR, FR, FR, FR, FR, FR, FR, FR, FR, FR, FR, FR, FR, FR, FR, FR, FR, FR, FR, FR, FR, FR, FR, FR, FR, FR, FR, FR, FR, FR, FR, FR, FR, FR, FR, FR, FR, FR, FR, FR, FR, FR, FR, FR, FR, FR, FR, FR, FR, FR, FR, FR, FR, FR, FR, FR, FR, FR, FR, FR, FR, FR, FR, FR, FR, FR, FR, FR, FR, FR, FR, FR, FR, FR, FR, FR, FR, FR, FR, FR, FR, FR, FR, FR, FR, FR, FR, FR, FR, FR, FR, GF, PF, GA, GM, GM, GM, GE, GE, GE, GE, GE, GE, GE, GE, GE, GE, GE, GE, GE, DE, DE, DE, DE, DE, DE, DE, DE, DE, DE, DE, DE, DE, DE, DE, DE, DE, DE, DE, DE, DE, DE, DE, DE, DE, DE, DE, DE, DE, DE, DE, DE, DE, DE, DE, DE, DE, DE, DE, DE, DE, DE, DE, DE, DE, DE, DE, DE, DE, DE, DE, DE, DE, DE, DE, DE, DE, DE, DE, DE, DE, DE, DE, DE, DE, DE, DE, DE, DE, DE, DE, DE, DE, DE, DE, DE, DE, DE, DE, DE, DE, DE, DE, DE, DE, DE, DE, DE, DE, DE, DE, DE, DE, DE, DE, DE, DE, DE, DE, DE, DE, DE, DE, DE, DE, DE, DE, DE, DE, DE, DE, DE, DE, DE, DE, DE, DE, DE, DE, DE, DE, DE, DE, DE, DE, DE, DE, DE, DE, DE, DE, DE, DE, DE, DE, DE, DE, DE, DE, DE, DE, DE, DE, DE, DE, DE, DE, DE, DE, DE, DE, DE, DE, DE, DE, DE, DE, DE, DE, DE, DE, DE, DE, DE, DE, DE, DE, DE, DE, DE, DE, DE, DE, DE, DE, DE, DE, DE, DE, DE, DE, DE, DE, DE, DE, DE, DE, DE, DE, DE, DE, DE, DE, DE, DE, DE, DE, DE, DE, DE, DE, DE, DE, DE, DE, DE, DE, DE, DE, DE, DE, DE, DE, DE, DE, DE, DE, DE, DE, DE, DE, DE, DE, DE, DE, DE, DE, DE, DE, DE, DE, DE, DE, DE, DE, DE, DE, DE, DE, DE, DE, DE, DE, DE, DE, DE, DE, DE, DE, DE, DE, DE, DE, DE, DE, DE, DE, DE, DE, DE, DE, DE, DE, DE, DE, DE, DE, DE, DE, DE, DE, DE, DE, DE, DE, DE, DE, DE, DE, DE, GH, GH, GH, GH, GH, GH, GH, GH, GH, GH, GH, GH, GH, GH, GH, GH, GH, GH, GH, GH, GH, GH, GH, GH, GH, GH, GH, GH, GH, GH, GR, GR, GR, GR, GR, GR, GR, GR, GR, GR, GR, GR, GR, GR, GR, GR, GR, GR, GR, GR, GR, GR, GR, GR, GR, GR, GR, GR, GR, GR, GR, GR, GL, GD, GP, GU, GT, GT, GT, GT, GT, GT, GT, GT, GT, GT, GT, GN, GN, GN, GN, GY, GY, GY, GY, HT, HT, HT, HT, HT, HT, VA, VA, VA, VA, VA, HN, HN, HN, HN, HN, HN, HN, HN, HN, HK, HK, HK, HK, HK, HK, HK, HK, HK, HK, HK, HK, HU, HU, HU, HU, HU, HU, HU, HU, HU, HU, HU, HU, HU, HU, HU, HU, HU, HU, HU, HU, HU, HU, HU, HU, HU, HU, HU, HU, HU, HU, HU, HU, HU, HU, HU, HU, HU, IS, IS, IS, IS, IS, IS, IS, IS, IS, IS, IN, IN, IN, IN, IN, IN, IN, IN, IN, IN, IN, IN, IN, IN, IN, IN, IN, IN, IN, IN, IN, IN, IN, IN, IN, IN, IN, IN, IN, IN, IN, IN, IN, IN, IN, IN, IN, IN, IN, IN, IN, IN, IN, IN, IN, IN, IN, IN, IN, IN, IN, IN, IN, IN, IN, IN, IN, IN, IN, IN, IN, IN, IN, IN, IN, IN, IN, IN, IN, IN, IN, IN, IN, IN, IN, IN, IN, IN, IN, IN, IN, IN, IN, IN, IN, IN, IN, IN, IN, IN, IN, IN, IN, IN, IN, IN, IN, IN, IN, IN, IN, IN, IN, IN, IN, IN, IN, IN, IN, IN, IN, IN, IN, IN, IN, IN, IN, IN, IN, IN, IN, IN, IN, IN, IN, IN, IN, IN, IN, IN, IN, IN, IN, IN, IN, IN, IN, IN, IN, IN, IN, IN, PK, IN, IN, IN, IN, IN, IN, IN, IN, IN, IN, IN, IN, IN, IN, IN, IN, IN, IN, IN, IN, IN, IN, IN, IN, IN, IN, IN, IN, IN, IN, IN, IN, IN, IN, IN, IN, IN, IN, IN, IN, IN, IN, IN, IN, IN, IN, IN, IN, IN, IN, IN, IN, IN, IN, IN, IN, IN, IN, IN, IN, IN, IN, IN, IN, IN, IN, IN, IN, IN, IN, IN, IN, IN, IN, IN, IN, IN, IN, IN, IN, IN, IN, IN, IN, IN, IN, IN, IN, IN, IN, IN, IN, IN, IN, IN, IN, IN, IN, IN, IN, IN, IN, IN, IN, IN, IN, IN, IN, IN, IN, IN, IN, IN, IN, IN, IN, IN, IN, IN, IN, IN, IN, IN, IN, IN, IN, IN, IN, IN, IN, IN, IN, IN, IN, IN, IN, IN, IN, IN, IN, IN, IN, IN, IN, IN, IN, IN, IN, IN, IN, IN, IN, IN, IN, IN, IN, IN, IN, IN, IN, IN, IN, IN, IN, IN, IN, IN, IN, IN, IN, IN, IN, IN, IN, IN, IN, IN, IN, IN, IN, IN, IN, IN, IN, IN, IN, IN, IN, IN, IN, IN, IN, IN, IN, IN, IN, IN, IN, IN, IN, IN, IN, IN, IN, IN, IN, IN, IN, IN, IN, IN, IN, IN, IN, IN, IN, IN, IN, IN, IN, IN, IN, IN, IN, IN, IN, IN, IN, IN, IN, IN, IN, IN, IN, IN, IN, IN, IN, IN, IN, IN, IN, IN, IN, IN, ID, ID, ID, ID, ID, ID, ID, ID, ID, ID, ID, ID, ID, ID, ID, ID, ID, ID, ID, ID, ID, ID, ID, ID, ID, ID, ID, ID, ID, ID, ID, ID, ID, ID, ID, ID, ID, ID, ID, ID, ID, ID, ID, ID, ID, ID, ID, ID, ID, ID, ID, ID, ID, ID, ID, ID, ID, ID, ID, ID, ID, ID, ID, ID, ID, ID, ID, ID, ID, ID, ID, ID, ID, ID, ID, ID, ID, ID, ID, ID, ID, ID, ID, ID, ID, ID, ID, ID, ID, ID, ID, ID, ID, ID, ID, ID, ID, ID, ID, ID, ID, ID, ID, ID, ID, ID, ID, ID, ID, ID, ID, ID, ID, ID, ID, ID, ID, ID, ID, ID, ID, ID, ID, ID, ID, ID, ID, ID, ID, ID, ID, ID, ID, ID, ID, ID, ID, ID, ID, ID, ID, ID, ID, ID, ID, ID, ID, ID, ID, ID, ID, ID, ID, ID, ID, ID, ID, ID, ID, ID, ID, ID, ID, ID, ID, ID, ID, ID, ID, ID, ID, ID, ID, ID, ID, ID, ID, ID, ID, ID, ID, ID, ID, ID, ID, ID, ID, ID, ID, IR, IR, IR, IR, IR, IR, IR, IR, IR, IR, IR, IR, IR, IR, IR, IR, IR, IR, IR, IR, IR, IR, IR, IR, IR, IR, IR, IR, IR, IR, IR, IR, IR, IR, IR, IR, IR, IR, IR, IR, IR, IR, IR, IR, IR, IR, IR, IR, IR, IR, IR, IR, IR, IR, IR, IR, IR, IR, IR, IR, IR, IR, IR, IR, IR, IR, IR, IR, IR, IR, IR, IR, IR, IR, IR, IR, IR, IR, IR, IR, IR, IR, IR, IR, IR, IR, IR, IR, IR, IR, IR, IR, IR, IR, IR, IR, IR, IR, IR, IR, IR, IR, IR, IR, IR, IR, IR, IR, IR, IR, IR, IR, IR, IR, IR, IR, IR, IR, IR, IR, IR, IR, IR, IR, IR, IR, IR, IR, IR, IR, IR, IR, IR, IR, IR, IR, IR, IR, IR, IR, IR, IR, IR, IR, IR, IR, IR, IR, IR, IR, IR, IR, IR, IR, IR, IR, IR, IR, IR, IR, IR, IR, IR, IR, IR, IR, IR, IR, IR, IR, IR, IR, IR, IR, IR, IR, IR, IR, IR, IR, IR, IR, IR, IR, IR, IR, IR, IR, IR, IR, IR, IR, IQ, IQ, IQ, IQ, IQ, IQ, IQ, IQ, IQ, IQ, IQ, IQ, IQ, IQ, IQ, IQ, IQ, IQ, IQ, IQ, IQ, IQ, IQ, IQ, IQ, IQ, IQ, IQ, IQ, IQ, IQ, IQ, IQ, IQ, IQ, IQ, IQ, IQ, IQ, IQ, IQ, IQ, IQ, IQ, IQ, IQ, IE, IE, IE, IE, IE, IE, IE, IE, IE, IE, IE, IE, IE, IE, IE, IE, IE, IE, IE, IE, IE, IE, IE, IL, IL, IL, IL, IL, IL, IL, IL, IL, IL, IL, IL, IL, IL, IL, IL, IL, IL, IL, IL, IL, IL, IL, IT, IT, IT, IT, IT, IT, IT, IT, IT, IT, IT, IT, IT, IT, IT, IT, IT, IT, IT, IT, IT, IT, IT, IT, IT, IT, IT, IT, IT, IT, IT, IT, IT, IT, IT, IT, IT, IT, IT, IT, IT, IT, IT, IT, IT, IT, IT, IT, IT, IT, IT, IT, IT, IT, IT, IT, IT, IT, IT, IT, IT, IT, IT, IT, IT, IT, IT, IT, IT, IT, IT, IT, IT, IT, IT, IT, IT, IT, IT, IT, IT, IT, IT, IT, IT, IT, IT, IT, IT, IT, IT, IT, JM, JM, JM, JP, JP, JP, JP, JP, JP, JP, JP, JP, JP, JP, JP, JP, JP, JP, JP, JP, JP, JP, JP, JP, JP, JP, JP, JP, JP, JP, JP, JP, JP, JP, JP, JP, JP, JP, JP, JP, JP, JP, JP, JP, JP, JP, JP, JP, JP, JP, JP, JP, JP, JP, JP, JP, JP, JP, JP, JP, JP, JP, JP, JP, JP, JP, JP, JP, JP, JP, JP, JP, JP, JP, JP, JP, JP, JP, JP, JP, JP, JP, JP, JP, JP, JP, JP, JP, JP, JP, JP, JP, JP, JP, JP, JP, JP, JP, JP, JP, JP, JP, JP, JP, JP, JP, JP, JP, JP, JP, JP, JP, JP, JP, JP, JP, JP, JP, JP, JP, JP, JP, JP, JP, JP, JP, JP, JP, JP, JP, JP, JP, JP, JP, JP, JP, JP, JP, JP, JP, JP, JP, JP, JP, JP, JP, JP, JP, JP, JP, JP, JP, JP, JP, JP, JP, JP, JP, JP, JP, JP, JP, JP, JP, JP, JP, JP, JP, JP, JP, JP, JP, JP, JP, JP, JP, JP, JP, JP, JP, JP, JP, JP, JP, JP, JP, JP, JP, JP, JP, JP, JP, JP, JP, JP, JP, JP, JP, JP, JP, JP, JP, JP, JP, JP, JP, JP, JP, JP, JP, JP, JP, JP, JP, JP, JP, JP, JP, JP, JP, JP, JP, JP, JP, JP, JP, JP, JP, JP, JP, JP, JP, JP, JP, JP, JP, JP, JP, JP, JP, JP, JP, JP, JP, JP, JP, JP, JP, JP, JP, JP, JP, JP, JP, JP, JP, JP, JP, JP, JP, JP, JP, JP, JP, JP, JP, JP, JP, JP, JP, JP, JP, JP, JP, JP, JP, JP, JP, JP, JP, JP, JP, JP, JP, JP, JP, JP, JP, JP, JP, JP, JP, JP, JP, JP, JP, JP, JP, JP, JP, JP, JP, JP, JP, JP, JP, JP, JP, JP, JP, JP, JP, JP, JP, JP, JP, JP, JP, JP, JP, JP, JP, JP, JP, JP, JP, JP, JP, JP, JP, JP, JP, JP, JP, JP, JP, JP, JP, JP, JP, JP, JP, JP, JP, JP, JP, JP, JP, JP, JP, JP, JP, JP, JP, JP, JP, JP, JP, JP, JP, JP, JP, JP, JP, JP, JP, JP, JP, JP, JP, JP, JP, JP, JP, JP, JP, JP, JP, JP, JP, JP, JP, JP, JP, JP, JP, JP, JP, JP, JP, JP, JP, JP, JP, JP, JP, JP, JP, JP, JP, JP, JP, JP, JP, JP, JP, JP, JP, JP, JP, JP, JP, JP, JP, JP, JP, JP, JP, JP, JP, JP, JP, JP, JP, JP, JP, JP, JP, JP, JP, JP, JP, JP, JP, JP, JP, JP, JP, JP, JP, JP, JP, JP, JP, JP, JP, JP, JP, JP, JP, JP, JP, JP, JP, JP, JP, JP, JP, JP, JP, JP, JP, JP, JP, JP, JP, JP, JP, JP, JP, JP, JP, JP, JP, JP, JP, JP, JP, JP, JP, JP, JP, JP, JP, JP, JP, JP, JP, JP, JP, JP, JP, JP, JP, JP, JP, JP, JP, JP, JP, JP, JP, JP, JP, JP, JP, JP, JP, JP, JP, JP, JP, JP, JP, JP, JP, JP, JP, JP, JP, JP, JP, JP, JP, JP, JP, JP, JP, JP, JP, JP, JP, JP, JP, JP, JP, JP, JP, JP, JP, JP, JP, JP, JP, JP, JP, JP, JP, JP, JP, JP, JP, JP, JP, JP, JP, JP, JP, JP, JP, JP, JP, JP, JP, JP, JP, JP, JP, JP, JO, JO, JO, JO, JO, JO, JO, JO, JO, JO, JO, JO, JO, JO, JO, JO, JO, JO, JO, JO, JO, JO, JO, JO, JO, JO, JO, JO, JO, KZ, KZ, KZ, KZ, KZ, KZ, KZ, KZ, KZ, KZ, KZ, KZ, KZ, KZ, KZ, KZ, KZ, KZ, KZ, KZ, KZ, KZ, KZ, KZ, KZ, KZ, KZ, KZ, KE, KE, KE, KE, KE, KE, KE, KE, KE, KE, KE, KE, KE, KE, KE, KE, KE, KE, KE, KE, KE, KE, KE, KE, KE, KE, KE, KE, KE, KE, KE, KE, KE, KE, KE, KE, KE, KE, KE, KE, KE, KE, KE, KE, KE, KE, KE, KE, KE, KP, KR, KR, KR, KR, KR, KR, KR, KR, KR, KR, IN, KR, KR, KR, KR, KR, KR, KR, KR, KR, KR, KR, KR, KR, KR, KR, KR, KR, KR, KR, KR, KR, KR, KR, KR, KR, KR, KR, KR, KR, KR, KR, KR, KR, KR, KR, KR, KR, KR, KR, KR, KR, KR, KR, KR, KR, KR, KR, KR, KR, KR, KR, KR, KR, KR, KR, KR, KR, KR, KR, KR, KR, KR, KR, KR, KR, KR, KR, KR, KR, KR, KR, KR, KR, KR, KR, KR, KR, KR, KR, KR, KR, KR, KR, KR, KR, KR, KR, KR, KR, KR, KR, KR, KR, KR, KR, KR, KR, KR, KR, KR, KR, KR, KR, KR, KR, KR, KR, KR, KR, KR, KR, KR, KR, KR, KR, KR, KR, KR, KR, KR, KR, KR, KR, KR, KR, KR, KR, KR, KR, KR, KR, KR, KR, KR, KR, KR, KR, KR, KR, KR, KR, KR, KR, KR, KR, KR, KR, KR, KR, KR, KR, KR, KR, KR, KR, KR, KR, KR, KR, KR, KR, KR, KR, KR, KR, KR, KR, KR, KR, KR, KR, KR, KR, KR, KR, KR, KR, KR, KR, KR, KR, KR, KR, KR, KR, KR, KR, KR, KR, KR, KR, KR, KR, KR, KR, KR, KR, KR, KR, KR, KR, KR, KR, KR, KR, KR, KR, KR, KR, KR, KR, KR, KR, KR, KR, KR, KR, KR, KR, KR, KR, KR, KR, KR, KR, KR, KR, KR, KR, KR, KR, KR, KR, XK, XK, XK, XK, XK, KW, KW, KW, KW, KW, KW, KW, KW, KG, KG, KG, KG, KG, KG, KG, KG, KG, KG, KG, KG, KG, LA, LA, LV, LV, LV, LV, LV, LV, LV, LV, LV, LV, LV, LV, LV, LV, LV, LV, LV, LV, LV, LV, LV, LV, LB, LB, LB, LB, LB, LB, LB, LB, LB, LB, LB, LB, LB, LB, LB, LB, LB, LB, LB, LB, LB, LB, LB, LB, LS, LR, LY, LY, LY, LY, LY, LY, LY, LY, LY, LY, LY, LI, LI, LT, LT, LT, LT, LT, LT, LT, LT, LT, LT, LT, LT, LT, LT, LT, LT, LT, LU, LU, MO, MO, MO, MO, MK, MK, MK, MK, MK, MK, MK, MK, MG, MG, MG, MG, MG, MG, MW, MW, MW, MW, MW, MW, MW, MW, MY, MY, MY, MY, MY, MY, MY, MY, MY, MY, MY, MY, MY, MY, MY, MY, MY, MY, MY, MY, MY, MY, MY, MY, MY, MY, MY, MY, MY, MY, MY, MY, MY, MY, MY, MY, MY, MY, MY, MY, MY, MY, MY, MY, MY, MY, MY, MY, MY, MY, MY, MY, MY, MY, MY, MY, MY, MY, MY, MY, MY, MY, MY, MY, MY, MY, MY, MY, MY, MY, MY, MY, MY, MY, MY, MY, MY, MY, MY, MY, MY, MY, MY, MY, MY, MY, MY, MY, MY, MY, MY, MY, MY, MY, MY, MY, MY, MY, MY, MY, MY, MY, MY, MY, MY, MY, MY, MY, MY, MY, MY, MY, MY, MY, MY, MY, MY, MY, MY, MY, MY, MY, MY, MY, MY, MY, MY, MY, MY, MY, MY, MY, MY, MY, MY, MY, MY, MY, MY, MY, MY, MY, MY, MY, MV, MV, MV, ML, MT, MT, MT, MR, MU, MU, MX, MX, MX, MX, MX, MX, MX, MX, MX, MX, MX, MX, MX, MX, MX, MX, MX, MX, MX, MX, MX, MX, MX, MX, MX, MX, MX, MX, MX, MX, MX, MX, MX, MX, MX, MX, MX, MX, MX, MX, MX, MX, MX, MX, MX, MX, MX, MX, MX, MX, MX, MX, MX, MX, MX, MX, MX, MX, MX, MX, MX, MX, MX, MX, MX, MX, MX, MX, MX, MX, MX, MX, MX, MX, MX, MX, MX, MX, MX, MX, MX, MX, MX, MX, MX, MX, MX, MX, MX, MX, MX, MX, MX, MX, MX, MX, MX, MX, MX, MX, MX, MX, MX, MX, MX, MX, MX, MX, MX, MX, MX, MX, MX, MX, MX, MX, MX, MX, MX, MX, MX, MX, MX, MX, MX, MX, MX, MX, MX, MX, MX, MX, MX, MX, MX, MX, MX, MX, MX, MX, MX, MX, MX, MX, MX, MX, MX, MX, MX, MX, MX, MX, MX, MX, MX, MX, MX, MX, MX, MX, MX, MX, MX, MD, MD, MD, MD, MD, MD, MD, MD, MD, MD, MD, MD, MC, MN, MN, MN, MN, MN, MN, MN, MN, MN, MN, ME, MS, MA, MA, MA, MA, MA, MA, MA, MA, MA, MA, MA, MA, MA, MA, MA, MA, MA, MA, MA, MA, MA, MA, MA, MA, MA, MA, MA, MA, MA, MA, MZ, MZ, MZ, MZ, MZ, MZ, MZ, MZ, NA, NA, NA, NA, NA, NP, NP, NP, NP, NP, NP, NP, NP, NL, NL, NL, NL, NL, NL, NL, NL, NL, NL, NL, NL, NL, NL, NL, NL, NL, NL, NL, NL, NL, NL, NL, NL, NL, NL, NL, NL, NL, NL, NL, NL, NL, NL, NL, NL, NL, NL, NL, NL, NL, NL, NL, NL, NL, NC, NZ, NZ, NZ, NZ, NZ, NZ, NZ, NZ, NZ, NZ, NZ, NI, NI, NI, NI, NI, NI, NI, NI, NI, NI, NI, NI, NI, NI, NI, NI, NI, NE, NG, NG, NG, NG, NG, NG, NG, NG, NG, NG, NG, NG, NG, NG, NG, NG, NG, NG, NG, NG, NG, NG, NG, NG, NG, NG, NG, NG, NG, NG, NG, NG, NG, NG, NG, NG, NG, NG, NG, NG, NG, NG, NG, NG, NG, NG, NG, NG, NG, NG, NG, NG, NG, NG, NG, NG, NG, NG, NG, NG, NG, NG, NG, NG, NG, NG, NG, NG, NG, NG, NG, NG, NG, NG, NG, NG, NG, NG, NG, NG, NG, NG, NG, NG, NG, NG, NG, NG, NG, NG, NG, NG, NG, NG, NG, NG, NG, NG, NG, NG, NG, NG, NG, NG, NG, NG, NG, NG, NG, NG, NG, NG, NG, NG, NU, NO, NO, NO, NO, NO, NO, NO, NO, NO, NO, NO, NO, NO, NO, NO, NO, NO, NO, NO, NO, NO, NO, NO, OM, OM, OM, OM, OM, OM, OM, OM, OM, OM, OM, PK, PK, PK, PK, PK, PK, PK, PK, PK, PK, PK, PK, PK, PK, PK, PK, PK, PK, PK, PK, PK, PK, PK, PK, PK, PK, PK, PK, PK, PK, PK, PK, PK, PK, PK, PK, PK, PK, PK, PK, PK, PK, PK, PK, PK, PK, PK, PK, PK, PK, PK, PK, PK, PK, PK, PK, PK, PK, PK, PK, PK, PK, PK, PK, PK, PK, PK, PK, PK, PK, PK, PK, PK, PK, PK, PK, PK, PK, PK, PK, PK, PK, PK, PK, PK, PK, PK, PK, PK, PK, PK, PK, PK, PK, PK, PK, PK, PK, PK, PK, PK, PK, PK, PK, PK, PK, PK, PK, PK, PK, PK, PK, PK, PK, PK, PK, PK, PK, PK, PK, PK, PK, PK, PK, PK, PK, PK, PK, PK, PK, PK, PK, PS, PS, PS, PS, PS, PS, PS, PS, PS, PS, PS, PS, PS, PS, PS, PS, PA, PA, PA, PA, PA, PA, PA, PA, PA, PA, PA, PA, PA, PA, PA, PA, PA, PG, PG, PG, PG, PG, PY, PY, PY, PY, PY, PY, PY, PY, PY, PY, PY, PY, PY, PE, PE, PE, PE, PE, PE, PE, PE, PE, PE, PE, PE, PE, PE, PE, PE, PE, PE, PE, PE, PE, PE, PE, PE, PE, PE, PE, PE, PE, PE, PE, PE, PE, PE, PE, PE, PE, PE, PE, PE, PE, PE, PE, PE, PE, PE, PE, PE, PE, PE, PE, PE, PE, PE, PE, PE, PE, PE, PE, PE, PE, PE, PE, PE, PE, PE, PH, PH, PH, PH, PH, PH, PH, PH, PH, PH, PH, PH, PH, PH, PH, PH, PH, PH, PH, PH, PH, PH, PH, PH, PH, PH, PH, PH, PH, PH, PH, PH, PH, PH, PH, PH, PH, PH, PH, PH, PH, PH, PH, PH, PH, PH, PH, PH, PH, PH, PH, PH, PH, PH, PH, PH, PH, PH, PH, PH, PH, PH, PH, PH, PH, PH, PH, PH, PH, PH, PH, PH, PH, PH, PH, PH, PH, PH, PH, PH, PH, PH, PH, PH, PH, PH, PH, PH, PH, PH, PH, PH, PH, PH, PH, PH, PH, PH, PH, PH, PH, PH, PH, PH, PH, PH, PH, PH, PH, PH, PH, PH, PH, PH, PL, PL, PL, PL, PL, PL, PL, PL, PL, PL, PL, PL, PL, PL, PL, PL, PL, PL, PL, PL, PL, PL, PL, PL, PL, PL, PL, PL, PL, PL, PL, PL, PL, PL, PL, PL, PL, PL, PL, PL, PL, PL, PL, PL, PL, PL, PL, PL, PL, PL, PL, PL, PL, PL, PL, PL, PL, PL, PL, PL, PL, PL, PL, PL, PL, PL, PL, PL, PL, PL, PL, PL, PL, PL, PL, PL, PL, PL, PL, PL, PL, PL, PL, PL, PL, PL, PL, PL, PL, PL, PL, PL, PL, PL, PL, PL, PL, PL, PL, PL, PL, PL, PL, PL, PL, PL, PL, PL, PL, PL, PL, PL, PL, PL, PL, PL, PL, PL, PL, PL, PL, PL, PL, PL, PL, PL, PL, PL, PL, PT, PT, PT, PT, PT, PT, PT, PT, PT, PT, PT, PT, PT, PT, PT, PT, PT, PT, PT, PT, PT, PT, PT, PT, PT, PT, PT, PT, PT, PT, PT, PT, PT, PT, PT, PT, PT, PT, PT, PT, PT, PT, PT, PT, PT, PT, PT, PT, PT, PT, PT, PT, PT, PT, PT, PT, PT, PT, PT, PT, PT, PT, PT, PR, PR, PR, PR, PR, PR, PR, PR, PR, PR, PR, PR, PR, PR, PR, PR, PR, PR, PR, PR, PR, PR, PR, PR, QA, QA, QA, RE, RO, RO, RO, RO, RO, RO, RO, RO, RO, RO, RO, RO, RO, RO, RO, RO, RO, RO, RO, RO, RO, RO, RO, RO, RO, RO, RO, RO, RO, RO, RO, RO, RO, RO, RO, RO, RO, RO, RO, RO, RO, RO, RO, RO, RO, RO, RO, RO, RO, RO, RO, RO, RO, RO, RO, RO, RO, RO, RO, RO, RO, RU, RU, RU, RU, RU, RU, RU, RU, RU, RU, RU, RU, RU, RU, RU, RU, RU, RU, RU, RU, RU, RU, RU, RU, RU, RU, RU, RU, RU, RU, RU, RU, RU, RU, RU, RU, RU, RU, RU, RU, RU, RU, RU, RU, RU, RU, RU, RU, RU, RU, RU, RU, RU, RU, RU, RU, RU, RU, RU, RU, RU, RU, RU, RU, RU, RU, RU, RU, RU, RU, RU, RU, RU, RU, RU, RU, RU, RU, RU, RU, RU, RU, RU, RU, RU, RU, RU, RU, RU, RU, RU, RU, RU, RU, RU, RU, RU, RU, RU, RU, RU, RU, RU, RU, RU, RU, RU, RU, RU, RU, RU, RU, RU, RU, RU, RU, RU, RU, RU, RU, RU, RU, RU, RU, RU, RU, RU, RU, RU, RU, RU, RU, RU, RU, RU, RU, RU, RU, RU, RU, RU, RU, RU, RU, RU, RU, RU, RU, RU, RU, RU, RU, RU, RU, RU, RU, RU, RU, RU, RU, RU, RU, RU, RU, RU, RU, RU, RU, RU, RU, RU, RU, RU, RU, RU, RU, RU, RU, RU, RU, RU, RU, RU, RU, RU, RU, RU, RU, RU, RU, RU, RU, RU, RU, RU, RU, RU, RU, RU, RU, RU, RU, RU, RU, RU, RU, RU, RU, RU, RU, RU, RU, RU, RU, RU, RU, RU, RU, RU, RU, RU, RU, RU, RU, RU, RU, RU, RU, RU, RU, RU, RU, RU, RU, RU, RU, RU, RU, RU, RU, RU, RU, RU, RU, RU, RU, RU, RU, RU, RU, RU, RU, RU, RU, RU, RU, RU, RU, RU, RU, RU, RU, RU, RU, RU, RU, RU, RU, RU, RU, RU, RU, RU, RU, RU, RU, RU, RU, RU, RU, RU, RU, RU, RU, RU, RU, RU, RU, RU, RU, RU, RU, RU, RU, RU, RU, RU, RU, RU, RU, RU, RU, RU, RU, RU, RU, RU, RU, RU, RW, RW, RW, RW, RW, RW, RW, RW, RW, RW, RW, KN, KN, KN, KN, LC, VC, WS, SM, SA, SA, SA, SA, SA, SA, SA, SA, SA, SA, SA, SA, SA, SA, SA, SA, SA, SA, SA, SA, SA, SA, SA, SA, SA, SA, SA, SA, SA, SA, SA, SA, SA, SA, SA, SA, SA, SA, SA, SA, SA, SA, SA, SA, SA, SA, SA, SA, SA, SA, SA, SA, SA, SA, SA, SA, SA, SA, SA, SA, SA, SA, SA, SN, SN, SN, SN, SN, SN, SN, SN, SN, SN, RS, RS, RS, RS, RS, RS, RS, RS, RS, RS, RS, RS, RS, SC, SC, SL, SL, SL, SL, SG, SG, SG, SG, SG, SG, SG, SG, SG, SG, SG, SG, SG, SG, SG, SG, SG, SK, SK, SK, SK, SK, SK, SK, SK, SK, SK, SK, SK, SK, SK, SK, SK, SK, SK, SK, SK, SK, SK, SK, SK, SK, SK, SK, SK, SK, SK, SK, SI, SI, SI, SI, SO, SO, SO, SO, SO, SO, SO, SO, SO, SO, SO, SO, SO, SO, SO, SO, SO, ZA, ZA, ZA, ZA, ZA, ZA, ZA, ZA, ZA, ZA, ZA, ZA, ZA, ZA, ZA, ZA, ZA, ZA, ZA, ZA, ZA, ZA, ZA, ZA, ZA, ZA, ZA, ZA, SS, SS, ES, ES, ES, ES, ES, ES, ES, ES, ES, ES, ES, ES, ES, ES, ES, ES, ES, ES, ES, ES, ES, ES, ES, ES, ES, ES, ES, ES, ES, ES, ES, ES, ES, ES, ES, ES, ES, ES, ES, ES, ES, ES, ES, ES, ES, ES, ES, ES, ES, ES, ES, ES, ES, ES, ES, ES, ES, ES, ES, ES, ES, ES, ES, ES, ES, ES, ES, ES, ES, ES, ES, ES, ES, ES, ES, ES, ES, ES, ES, ES, ES, ES, ES, LK, LK, LK, LK, LK, LK, LK, LK, LK, LK, LK, LK, LK, LK, LK, LK, LK, LK, LK, LK, LK, LK, LK, LK, LK, LK, SD, SD, SD, SD, SD, SD, SD, SD, SD, SD, SD, SD, SD, SD, SD, SD, SD, SD, SD, SD, SD, SD, SD, SD, SD, SD, SD, SD, SD, SD, SD, SD, SD, SD, SD, SR, SZ, SE, SE, SE, SE, SE, SE, SE, SE, SE, SE, SE, SE, SE, SE, SE, SE, SE, SE, SE, SE, SE, SE, SE, SE, SE, SE, SE, SE, SE, SE, SE, SE, SE, SE, SE, SE, CH, CH, CH, CH, CH, CH, CH, CH, CH, CH, CH, CH, CH, CH, CH, CH, CH, CH, CH, CH, CH, CH, CH, CH, CH, CH, CH, CH, CH, CH, CH, CH, CH, CH, CH, CH, CH, CH, CH, CH, CH, CH, CH, CH, CH, CH, CH, CH, CH, CH, CH, CH, CH, CH, CH, CH, CH, CH, CH, CH, CH, CH, CH, CH, CH, CH, CH, CH, CH, CH, CH, CH, CH, CH, CH, SY, SY, SY, SY, SY, SY, SY, SY, SY, SY, SY, SY, SY, SY, SY, TW, TW, TW, TW, TW, TW, TW, TW, TW, TW, TW, TW, TW, TW, TW, TW, TW, TW, TW, TW, TW, TW, TW, TW, TW, TW, TW, TW, TW, TW, TW, TW, TW, TW, TW, TW, TW, TW, TW, TW, TW, TW, TW, TW, TW, TW, TW, TW, TW, TW, TW, TW, TW, TW, TW, TW, TW, TW, TW, TW, TW, TW, TW, TW, TW, TW, TW, TW, TW, TW, TW, TW, TW, TW, TW, TW, TW, TW, TW, TW, TW, TW, TW, TJ, TJ, TJ, TZ, TZ, TZ, TZ, TZ, TZ, TZ, TZ, TZ, TZ, TZ, TZ, TZ, TZ, TZ, TZ, TZ, TZ, TZ, TZ, TH, TH, TH, TH, TH, TH, TH, TH, TH, TH, TH, TH, TH, TH, TH, TH, TH, TH, TH, TH, TH, TH, TH, TH, TH, TH, TH, TH, TH, TH, TH, TH, TH, TH, TH, TH, TH, TH, TH, TH, TH, IN, TH, TH, TH, TH, TH, TH, TH, TH, TH, TH, TH, TH, TH, TH, TH, TH, TH, TH, TH, TH, TH, TH, TH, TH, TH, TH, TG, TT, TT, TT, TN, TN, TN, TN, TN, TN, TN, TN, TN, TN, TN, TN, TN, TN, TN, TN, TN, TN, TN, TR, TR, TR, TR, TR, TR, TR, TR, TR, TR, TR, TR, TR, TR, TR, TR, TR, TR, TR, TR, TR, TR, TR, TR, TR, TR, TR, TR, TR, TR, TR, TR, TR, TR, TR, TR, TR, TR, TR, TR, TR, TR, TR, TR, TR, TR, TR, TR, TR, TR, TR, TR, TR, TR, TR, TR, TR, TR, TR, TR, TR, TR, TR, TR, TR, TR, TR, TR, TR, TR, TR, TR, TR, TR, TR, TR, TR, TR, TR, TR, TR, TR, TR, TR, TR, TR, TR, TM, TC, UG, UG, UG, UG, UG, UG, UG, UG, UG, UG, UG, UG, UG, UG, UG, UG, UG, UA, UA, UA, UA, UA, UA, UA, UA, UA, UA, UA, UA, UA, UA, UA, UA, UA, UA, UA, UA, UA, UA, UA, UA, UA, UA, UA, UA, UA, UA, UA, UA, UA, UA, UA, UA, UA, UA, UA, UA, UA, UA, UA, UA, UA, UA, UA, UA, UA, UA, UA, UA, UA, UA, UA, UA, UA, UA, UA, UA, UA, UA, UA, UA, UA, UA, UA, UA, UA, UA, UA, UA, UA, UA, AE, AE, AE, AE, AE, AE, AE, AE, AE, AE, AE, AE, AE, AE, AE, AE, AE, AE, AE, AE, AE, AE, AE, AE, AE, AE, AE, AE, AE, AE, AE, AE, AE, AE, AE, AE, GB, GB, GB, GB, GB, GB, GB, GB, GB, GB, GB, GB, GB, GB, GB, GB, GB, GB, GB, GB, GB, GB, GB, GB, GB, GB, GB, GB, GB, GB, GB, GB, GB, GB, GB, GB, GB, GB, GB, GB, GB, GB, GB, GB, GB, GB, GB, GB, GB, GB, GB, GB, GB, GB, GB, GB, GB, GB, GB, GB, GB, GB, GB, GB, GB, GB, GB, GB, GB, GB, GB, GB, GB, GB, GB, GB, GB, GB, GB, GB, GB, GB, GB, GB, GB, GB, GB, GB, GB, GB, GB, GB, GB, GB, GB, GB, GB, GB, GB, GB, GB, GB, GB, GB, GB, GB, GB, GB, GB, GB, GB, GB, GB, GB, GB, GB, GB, GB, GB, GB, GB, GB, GB, GB, GB, GB, GB, GB, GB, GB, GB, GB, GB, GB, GB, GB, GB, GB, GB, GB, GB, GB, GB, GB, GB, GB, GB, GB, GB, GB, GB, GB, GB, GB, GB, GB, GB, GB, GB, GB, GB, GB, GB, GB, GB, GB, GB, GB, GB, GB, UY, UY, UY, UY, UY, UY, UZ, UZ, UZ, UZ, UZ, UZ, UZ, UZ, UZ, UZ, UZ, UZ, UZ, UZ, UZ, UZ, UZ, UZ, UZ, UZ, UZ, UZ, VE, VE, VE, VE, VE, VE, VE, VE, VE, VE, VE, VE, VE, VE, VE, VE, VE, VE, VE, VE, VE, VE, VE, VE, VE, VE, VE, VE, VE, VE, VE, VE, VE, VE, VE, VE, VE, VN, VN, VN, VN, VN, VN, VN, VN, VN, VN, VN, VN, VN, VN, VN, VN, VN, VN, VN, VN, VN, VN, VN, VN, VN, VN, VN, VN, VN, VN, VN, VN, VN, VN, VN, VN, VN, VN, VN, VN, VN, VN, VN, VN, VN, VN, VG, YE, YE, YE, YE, YE, YE, YE, YE, YE, YE, YE, YE, YE, ZM, ZM, ZM, ZM, ZM, ZM, ZM, ZW, ZW, ZW, ZW, ZW, ZW, ZW, ZW, ZW, ZW, ZW, ZW, ZW, ZW, ZW, TR, TR, TR, TR, TR, TR, TR, TR, TR, TR, TR, TR, TR, TR, TR, TR, TR, TR, TR, TR, TR, TR, TR, TR, TR, TR, TR, TR, TR, TR, TR, TR, TR, TR, TR, TR, TR, TR, TR, TR, TR, TR, TR, TR, TR, TR, TR, TR, TR, TR, TR, TR, TR, TR, TR, TR, TR, TR, TR, TR, TR, TR, TR, TR, TR, TR, TR, TR, TR, TR, TR, TR, TR, TR, TR, TR, TR, TR, TR, TR, TR, TR, TR, US, US, US, US, US, US, US, US, US, US, US, US, US, US, US, US, US, US, US, US, US, US, US, US, US, US, US, US, US, US, US, US, US, US, US, US, US, US, US, US, US, US, US, US, US, US, US, US, US, US, US, US, US, US, US, US, US, US, US, US, US, US, US, US, US, US, US, US, US, US, US, US, US, US, US, US, US, US, US, US, US, US, US, US, US, US, US, US, US, US, US, US, US, US, US, US, US, US, US, US, US, US, US, US, US, US, US, US, US, US, US, US, US, US, US, US, US, US, US, US, US, US, US, US, US, US, US, US, US, US, US, US, US, US, US, US, US, US, US, US, US, US, US, US, US, US, US, US, US, US, US, US, US, US, US, US, US, US, US, US, US, US, US, US, US, US, US, US, US, US, US, US, US, US, US, US, US, US, US, US, US, US, US, US, US, US, US, US, US, US, US, US, US, US, US, US, US, US, US, US, US, US, US, US, US, US, US, US, US, US, US, US, US, US, US, US, US, US, US, US, US, US, US, US, US, US, US, US, US, US, US, US, US, US, US, US, US, US, US, US, US, US, US, US, US, US, US, US, US, US, US, US, US, US, US, US, US, US, US, US, US, US, US, US, US, US, US, US, US, US, US, US, US, US, US, US, US, US, US, US, US, US, US, US, US, US, US, US, US, US, US, US, US, US, US, US, US, US, US, US, US, US, US, US, US, US, US, US, US, US, US, US, US, US, US, US, US, US, US, US, US, US, US, US, US, US, US, US, US, US, US, US, US, US, US, US, US, US, US, US, US, US, US, US, US, US, US, US, US, US, US, US, US, US, US, US, US, US, US, US, US, US, US, US, US, US, US, US, US, US, US, US, US, US, US, US, US, US, US, US, US, US, US, US, US, US, US, US, US, US, US, US, US, US, US, US, US, US, US, US, US, US, US, US, US, US, US, US, US, US, US, US, US, US, US, US, US, US, US, US, US, US, US, US, US, US, US, US, US, US, US, US, US, US, US, US, US, US, US, US, US, US, US, US, US, US, US, US, US, US, US, US, US, US, US, US, US, US, US, US, US, US, US, US, US, US, US, US, US, US, US, US, US, US, US, US, US, US, US, US, US, US, US, US, US, US, US, US, US, US, US, US, US, US, US, US, US, US, US, US, US, US, US, US, US, US, US, US, US, US, US, US, US, US, US, US, US, US, US, US, US, US, US, US, US, US, US, US, US, US, US, US, US, US, US, US, US, US, US, US, US, US, US, US, US, US, US, US, US, US, US, US, US, US, US, US, US, US, US, US, US, US, US, US, US, US, US, US, US, US, US, US, US, US, US, US, US, US, US, US, US, US, US, US, US, US, US, US, US, US, US, US, US, US, US, US, US, US, US, US, US, US, US, US, US, US, US, US, US, US, US, US, US, US, US, US, US, US, US, US, US, US, US, US, US, US, US, US, US, US, US, US, US, US, US, US, US, US, US, US, US, US, US, US, US, US, US, US, US, US, US, US, US, US, US, US, US, US, US, US, US, US, US, US, US, US, US, US, US, US, US, US, US, US, US, US, US, US, US, US, US, US, US, US, US, US, US, US, US, US, US, US, US, US, US, US, US, US, US, US, US, US, US, US, US, US, US, US, US, US, US, US, US, US, US, US, US, US, US, US, US, US, US, US, US, US, US, US, US, US, US, US, US, US, US, US, US, US, US, US, US, US, US, US, US, US, US, US, US, US, US, US, US, US, US, US, US, US, US, US, US, US, US, US, US, US, US, US, US, US, US, US, US, US, US, US, US, US, US, US, US, US, US, US, US, US, US, US, US, US, US, US, US, US, US, US, US, US, US, US, US, US, US, US, US, US, US, US, US, US, US, US, US, US, US, US, US, US, US, US, US, US, US, US, US, US, US, US, US, US, US, US, US, US, US, US, US, US, US, US, US, US, US, US, US, US, US, US, US, US, US, US, US, US, US, US, US, US, US, US, US, US, US, US, US, US, US, US, US, US, US, US, US, US, US, US, US, US, US, US, US, US, US, US, US, US, US, US, US, US, US, US, US, US, US, US, US, US, US, US, US, US, US, US, GE, ES, ES, ES, DE, DE, DE, DE, DE, DE, DE, DE, DE, DE, DE, DE, DE, US, US, AU, FR, FR, GE, EG, US, US, US, US, US, VN, AU, AU, CN, US, CA, CA, US, US, US, US, CA, US, US, US, CA, US, US, US, CN, CN, US, US, BR, CN, CN, US, CA, CA, CA, HK, AT, AT, ID, HU, US, BR, BA, CN, DE, DE, IN, DE, DE, BR, FI, TR, VN, HU, HU, HU, BR, IN, IN, FR, FR, US, US, FR, TR, TR, TR, US, US, US, US, US, US, US, US, US, US, US, US, US, US, US, US, US, US, US, US, US, IN, GB, BE, CZ, CN, PH, BR, PK, US, NP, BR, BR, DE, DE, DE, DE, DE, DE, DE, DE, DE, DE, FR, DE, DE, FR, US, US, US, US, GB, FR, US, ES, ES, BE, BE, GB, BE, IT, US, US, US, US, US, US, US, US, US, US, US, US, US, US, US, US, US, US, US, US, US, US, US, US, US, US, US, US, US, US, US, US, US, US, US, US, US, US, US, US, US, US, US, US, US, US, US, US, US, US, US, US, US, US, US, US, US, US, US, RO, IN, FR, DE, PT, ES, CH, FR, DE, US, US, PH, VN, FR, AT, EG, IN, IN, TW, HU, IN, ZA, IE, JP, US, SG, ID, IQ, ES, BR, BR, IN, PH, GB, GB, US, US, IN, IN, US, US, JP, EG, US, US, PT, ES, NP, HK, JP, MX, FR, US, US, US, US, US, IN, IN, IN, IN, IN, IN, IN, IN, IN, IN, IN, IN, IN, IN, IN, IN, IN, IN, IN, IN, IN, IN, IN, IN, IN, IN, IN, US, US, US, BE, KZ, AU, FR, NG, PT, BR, FR, FR, TR, PL, PL, MX, MA, US, US, FR, IE, CL, IN, DK, IE, DK, US, US, US, VN, US, TR, ES, US, BR, CN, CO, FR, FR, NL, MX, NL, IL, FR, DE, US, US, GB, US, CA, US, US, GB, GB, GB, GB, US, US, US, TR, TR, TR, TR, TR, TR, US, US, US, US, US, US, US, US, PR, US, US, US, US, US, US, ES, ES, ES, ES, PK, PK, NP, FR, FR, FR, FR, FR, FR, FR, FR, US, US, US, AU, US, US, US, US, NP, NZ, FR, IN, IN, IN, IN, IN, IN, IN, IN, IN, IN, IN, IN, IN, IN, IN, IN, US, PL, US, US, BR, BW, CA, CA, CA, CO, CR, CI, CZ, FR, FR, FR, FR, FR, DE, DE, IN, IN, IN, IN, JP, JP, MN, MA, NL, PE, PH, QA, KR, TW, TR, GB, GB, GB, US, US, US, US, US, US, US, US, US, US, US, US, US, US, US, US, US, US, US, US, US, US, US, US, UZ, FR, ES, GB, US, US, MK, IN, IN, DE, US, NO, CN, IN, IN, LV, PL, US, US, US, AU] contains RO
2024-11-22 12:16:14,977 INFO TestUniversities - University test started
2024-11-22 12:16:14,978 ERROR TestUniversities - University test started
2024-11-22 12:16:17,841 INFO TestUniversities - University test ended
2024-11-22 12:16:17,841 ERROR TestUniversities - University test ended
